Archive member included because of file (symbol)

ym/microbit-dal/source/microbit-dal.a(MicroBitDevice.cpp.o)
                              source/CMakeFiles/bitscratch-vm.dir/Users/brian/files/projects/microbitscratch/bitscratch-vm/source/lib.cpp.o (microbit_random(int))
ym/microbit-dal/source/microbit-dal.a(MicroBitFiber.cpp.o)
                              source/CMakeFiles/bitscratch-vm.dir/Users/brian/files/projects/microbitscratch/bitscratch-vm/source/main.cpp.o (scheduler_init(EventModel&))
ym/microbit-dal/source/microbit-dal.a(MicroBitFont.cpp.o)
                              source/CMakeFiles/bitscratch-vm.dir/Users/brian/files/projects/microbitscratch/bitscratch-vm/source/lib.cpp.o (MicroBitFont::MicroBitFont(unsigned char const*, int))
ym/microbit-dal/source/microbit-dal.a(MicroBitHeapAllocator.cpp.o)
                              ym/microbit-dal/source/microbit-dal.a(MicroBitFiber.cpp.o) (microbit_malloc(unsigned int))
ym/microbit-dal/source/microbit-dal.a(MicroBitListener.cpp.o)
                              ym/microbit-dal/source/microbit-dal.a(MicroBitFiber.cpp.o) (MicroBitListener::MicroBitListener(unsigned short, unsigned short, void (*)(MicroBitEvent), unsigned short))
ym/microbit-dal/source/microbit-dal.a(MicroBitSystemTimer.cpp.o)
                              source/CMakeFiles/bitscratch-vm.dir/Users/brian/files/projects/microbitscratch/bitscratch-vm/source/lib.cpp.o (system_timer_current_time())
ym/microbit-dal/source/microbit-dal.a(ManagedString.cpp.o)
                              source/CMakeFiles/bitscratch-vm.dir/Users/brian/files/projects/microbitscratch/bitscratch-vm/source/main.cpp.o (ManagedString::~ManagedString())
ym/microbit-dal/source/microbit-dal.a(MicroBitEvent.cpp.o)
                              ym/microbit-dal/source/microbit-dal.a(MicroBitListener.cpp.o) (MicroBitEvent::MicroBitEvent())
ym/microbit-dal/source/microbit-dal.a(PacketBuffer.cpp.o)
                              ym/microbit-dal/source/microbit-dal.a(ManagedString.cpp.o) (PacketBuffer::getBytes())
ym/microbit-dal/source/microbit-dal.a(RefCounted.cpp.o)
                              ym/microbit-dal/source/microbit-dal.a(ManagedString.cpp.o) (RefCounted::init())
ym/microbit-dal/source/microbit-dal.a(MicroBitAccelerometer.cpp.o)
                              source/CMakeFiles/bitscratch-vm.dir/Users/brian/files/projects/microbitscratch/bitscratch-vm/source/lib.cpp.o (MicroBitAccelerometer::~MicroBitAccelerometer())
ym/microbit-dal/source/microbit-dal.a(MicroBitButton.cpp.o)
                              source/CMakeFiles/bitscratch-vm.dir/Users/brian/files/projects/microbitscratch/bitscratch-vm/source/lib.cpp.o (MicroBitButton::~MicroBitButton())
ym/microbit-dal/source/microbit-dal.a(MicroBitDisplay.cpp.o)
                              source/CMakeFiles/bitscratch-vm.dir/Users/brian/files/projects/microbitscratch/bitscratch-vm/source/lib.cpp.o (MicroBitDisplay::~MicroBitDisplay())
ym/microbit-dal/source/microbit-dal.a(MicroBitI2C.cpp.o)
                              source/CMakeFiles/bitscratch-vm.dir/Users/brian/files/projects/microbitscratch/bitscratch-vm/source/lib.cpp.o (MicroBitI2C::MicroBitI2C(PinName, PinName))
ym/microbit-dal/source/microbit-dal.a(MicroBitLightSensor.cpp.o)
                              ym/microbit-dal/source/microbit-dal.a(MicroBitDisplay.cpp.o) (MicroBitLightSensor::read())
ym/microbit-dal/source/microbit-dal.a(MicroBitMessageBus.cpp.o)
                              source/CMakeFiles/bitscratch-vm.dir/Users/brian/files/projects/microbitscratch/bitscratch-vm/source/main.cpp.o (MicroBitMessageBus::~MicroBitMessageBus())
ym/microbit-dal/source/microbit-dal.a(MicroBitRadio.cpp.o)
                              source/CMakeFiles/bitscratch-vm.dir/Users/brian/files/projects/microbitscratch/bitscratch-vm/source/lib.cpp.o (MicroBitRadio::MicroBitRadio(unsigned short))
ym/microbit-dal/source/microbit-dal.a(MicroBitRadioDatagram.cpp.o)
                              ym/microbit-dal/source/microbit-dal.a(MicroBitRadio.cpp.o) (MicroBitRadioDatagram::MicroBitRadioDatagram(MicroBitRadio&))
ym/microbit-dal/source/microbit-dal.a(MicroBitRadioEvent.cpp.o)
                              ym/microbit-dal/source/microbit-dal.a(MicroBitRadio.cpp.o) (MicroBitRadioEvent::MicroBitRadioEvent(MicroBitRadio&))
ym/microbit-dal/source/microbit-dal.a(MicroBitSerial.cpp.o)
                              source/CMakeFiles/bitscratch-vm.dir/Users/brian/files/projects/microbitscratch/bitscratch-vm/source/main.cpp.o (MicroBitSerial::baud(int))
ym/microbit-dal/source/microbit-dal.a(MicroBitStorage.cpp.o)
                              source/CMakeFiles/bitscratch-vm.dir/Users/brian/files/projects/microbitscratch/bitscratch-vm/source/lib.cpp.o (MicroBitStorage::flashPageErase(unsigned long*))
ym/microbit-dal/source/microbit-dal.a(MicroBitFlash.cpp.o)
                              source/CMakeFiles/bitscratch-vm.dir/Users/brian/files/projects/microbitscratch/bitscratch-vm/source/main.cpp.o (MicroBitFlash::MicroBitFlash())
[...]
Memory Configuration

Name             Origin             Length             Attributes
FLASH            0x0000000000018000 0x0000000000028000 xr
RAM              0x0000000020000100 0x0000000000003f00 xrw
*default*        0x0000000000000000 0xffffffffffffffff

Linker script and memory map

LOAD /Applications/yotta.app/Contents/Resources/prerequisites/gcc-arm-none-eabi-4_9-2015q3/bin/../lib/gcc/arm-none-eabi/4.9.3/armv6-m/crti.o
LOAD /Applications/yotta.app/Contents/Resources/prerequisites/gcc-arm-none-eabi-4_9-2015q3/bin/../lib/gcc/arm-none-eabi/4.9.3/armv6-m/crtbegin.o
LOAD /Applications/yotta.app/Contents/Resources/prerequisites/gcc-arm-none-eabi-4_9-2015q3/bin/../lib/gcc/arm-none-eabi/4.9.3/../../../../arm-none-eabi/lib/armv6-m/crt0.o
START GROUP
LOAD source/CMakeFiles/bitscratch-vm.dir/Users/brian/files/projects/microbitscratch/bitscratch-vm/source/MicroBitTicker.cpp.o
LOAD source/CMakeFiles/bitscratch-vm.dir/Users/brian/files/projects/microbitscratch/bitscratch-vm/source/vm.cpp.o
LOAD source/CMakeFiles/bitscratch-vm.dir/Users/brian/files/projects/microbitscratch/bitscratch-vm/source/main.cpp.o
LOAD source/CMakeFiles/bitscratch-vm.dir/Users/brian/files/projects/microbitscratch/bitscratch-vm/source/lib.cpp.o
LOAD ym/microbit/source/microbit.a
LOAD ym/microbit-dal/source/microbit-dal.a
LOAD ym/ble/source/ble.a
LOAD ym/ble-nrf51822/source/ble-nrf51822.a
LOAD ym/ble/source/ble.a
LOAD ym/ble-nrf51822/source/ble-nrf51822.a
LOAD ym/nrf51-sdk/source/nrf51-sdk.a
LOAD ym/mbed-classic/existing/mbed-classic.a
LOAD /Applications/yotta.app/Contents/Resources/prerequisites/gcc-arm-none-eabi-4_9-2015q3/bin/../lib/gcc/arm-none-eabi/4.9.3/../../../../arm-none-eabi/lib/armv6-m/libnosys.a
LOAD /Applications/yotta.app/Contents/Resources/prerequisites/gcc-arm-none-eabi-4_9-2015q3/bin/../lib/gcc/arm-none-eabi/4.9.3/../../../../arm-none-eabi/lib/armv6-m/libstdc++_nano.a
LOAD /Applications/yotta.app/Contents/Resources/prerequisites/gcc-arm-none-eabi-4_9-2015q3/bin/../lib/gcc/arm-none-eabi/4.9.3/../../../../arm-none-eabi/lib/armv6-m/libsupc++_nano.a
LOAD /Applications/yotta.app/Contents/Resources/prerequisites/gcc-arm-none-eabi-4_9-2015q3/bin/../lib/gcc/arm-none-eabi/4.9.3/armv6-m/libgcc.a
LOAD /Applications/yotta.app/Contents/Resources/prerequisites/gcc-arm-none-eabi-4_9-2015q3/bin/../lib/gcc/arm-none-eabi/4.9.3/../../../../arm-none-eabi/lib/armv6-m/libstdc++_nano.a
LOAD /Applications/yotta.app/Contents/Resources/prerequisites/gcc-arm-none-eabi-4_9-2015q3/bin/../lib/gcc/arm-none-eabi/4.9.3/../../../../arm-none-eabi/lib/armv6-m/libsupc++_nano.a
LOAD /Applications/yotta.app/Contents/Resources/prerequisites/gcc-arm-none-eabi-4_9-2015q3/bin/../lib/gcc/arm-none-eabi/4.9.3/../../../../arm-none-eabi/lib/armv6-m/libm.a
LOAD /Applications/yotta.app/Contents/Resources/prerequisites/gcc-arm-none-eabi-4_9-2015q3/bin/../lib/gcc/arm-none-eabi/4.9.3/../../../../arm-none-eabi/lib/armv6-m/libc_nano.a
LOAD /Applications/yotta.app/Contents/Resources/prerequisites/gcc-arm-none-eabi-4_9-2015q3/bin/../lib/gcc/arm-none-eabi/4.9.3/armv6-m/libgcc.a
END GROUP
LOAD /Applications/yotta.app/Contents/Resources/prerequisites/gcc-arm-none-eabi-4_9-2015q3/bin/../lib/gcc/arm-none-eabi/4.9.3/../../../../arm-none-eabi/lib/armv6-m/libstdc++_nano.a
LOAD /Applications/yotta.app/Contents/Resources/prerequisites/gcc-arm-none-eabi-4_9-2015q3/bin/../lib/gcc/arm-none-eabi/4.9.3/../../../../arm-none-eabi/lib/armv6-m/libm.a
LOAD /Applications/yotta.app/Contents/Resources/prerequisites/gcc-arm-none-eabi-4_9-2015q3/bin/../lib/gcc/arm-none-eabi/4.9.3/../../../../arm-none-eabi/lib/armv6-m/libc_nano.a
START GROUP
LOAD /Applications/yotta.app/Contents/Resources/prerequisites/gcc-arm-none-eabi-4_9-2015q3/bin/../lib/gcc/arm-none-eabi/4.9.3/armv6-m/libgcc.a
LOAD /Applications/yotta.app/Contents/Resources/prerequisites/gcc-arm-none-eabi-4_9-2015q3/bin/../lib/gcc/arm-none-eabi/4.9.3/../../../../arm-none-eabi/lib/armv6-m/libc_nano.a
END GROUP
START GROUP
LOAD /Applications/yotta.app/Contents/Resources/prerequisites/gcc-arm-none-eabi-4_9-2015q3/bin/../lib/gcc/arm-none-eabi/4.9.3/armv6-m/libgcc.a
LOAD /Applications/yotta.app/Contents/Resources/prerequisites/gcc-arm-none-eabi-4_9-2015q3/bin/../lib/gcc/arm-none-eabi/4.9.3/../../../../arm-none-eabi/lib/armv6-m/libc_nano.a
END GROUP
LOAD /Applications/yotta.app/Contents/Resources/prerequisites/gcc-arm-none-eabi-4_9-2015q3/bin/../lib/gcc/arm-none-eabi/4.9.3/armv6-m/crtend.o
LOAD /Applications/yotta.app/Contents/Resources/prerequisites/gcc-arm-none-eabi-4_9-2015q3/bin/../lib/gcc/arm-none-eabi/4.9.3/armv6-m/crtn.o

.text           0x0000000000018000     0x8848
 *(SORT(.Vectors))
 .Vectors       0x0000000000018000       0xc0 ym/mbed-classic/existing/mbed-classic.a(startup_NRF51822.S.obj)
                0x0000000000018000                __Vectors
 *(SORT(.text*))
 .text          0x00000000000180c0       0x60 /Applications/yotta.app/Contents/Resources/prerequisites/gcc-arm-none-eabi-4_9-2015q3/bin/../lib/gcc/arm-none-eabi/4.9.3/armv6-m/crtbegin.o
 .text          0x0000000000018120       0x78 /Applications/yotta.app/Contents/Resources/prerequisites/gcc-arm-none-eabi-4_9-2015q3/bin/../lib/gcc/arm-none-eabi/4.9.3/../../../../arm-none-eabi/lib/armv6-m/crt0.o
                0x0000000000018120                _mainCRTStartup
                0x0000000000018120                _start
 .text._ZN14MicroBitTicker10systemTickEv
                0x0000000000018198       0x14 source/CMakeFiles/bitscratch-vm.dir/Users/brian/files/projects/microbitscratch/bitscratch-vm/source/MicroBitTicker.cpp.o
                0x0000000000018198                MicroBitTicker::systemTick()
 .text._ZN14MicroBitTickerD2Ev
                0x00000000000181ac       0x18 source/CMakeFiles/bitscratch-vm.dir/Users/brian/files/projects/microbitscratch/bitscratch-vm/source/MicroBitTicker.cpp.o
                0x00000000000181ac                MicroBitTicker::~MicroBitTicker()
                0x00000000000181ac                MicroBitTicker::~MicroBitTicker()
 .text._ZN14MicroBitTickerC2Ev
                0x00000000000181c4       0x1c source/CMakeFiles/bitscratch-vm.dir/Users/brian/files/projects/microbitscratch/bitscratch-vm/source/MicroBitTicker.cpp.o
                0x00000000000181c4                MicroBitTicker::MicroBitTicker()
                0x00000000000181c4                MicroBitTicker::MicroBitTicker()
 .text._Z9eval_bytev
                0x00000000000181e0       0x20 source/CMakeFiles/bitscratch-vm.dir/Users/brian/files/projects/microbitscratch/bitscratch-vm/source/vm.cpp.o
                0x00000000000181e0                eval_byte()
 .text._Z8eval_numv
                0x0000000000018200       0x40 source/CMakeFiles/bitscratch-vm.dir/Users/brian/files/projects/microbitscratch/bitscratch-vm/source/vm.cpp.o
                0x0000000000018200                eval_num()
 .text._Z9eval_listv
                0x0000000000018240       0x28 source/CMakeFiles/bitscratch-vm.dir/Users/brian/files/projects/microbitscratch/bitscratch-vm/source/vm.cpp.o
                0x0000000000018240                eval_list()
 .text._Z8eval_eolv
                0x0000000000018268       0x10 source/CMakeFiles/bitscratch-vm.dir/Users/brian/files/projects/microbitscratch/bitscratch-vm/source/vm.cpp.o
                0x0000000000018268                eval_eol()
 .text._Z9eval_ufunv
                0x0000000000018278       0x5c source/CMakeFiles/bitscratch-vm.dir/Users/brian/files/projects/microbitscratch/bitscratch-vm/source/vm.cpp.o
                0x0000000000018278                eval_ufun()
 .text._Z2vmv   0x00000000000182d4       0x4c source/CMakeFiles/bitscratch-vm.dir/Users/brian/files/projects/microbitscratch/bitscratch-vm/source/vm.cpp.o
                0x00000000000182d4                vm()
 .text._Z9prim_stopv
                0x0000000000018320       0x40 source/CMakeFiles/bitscratch-vm.dir/Users/brian/files/projects/microbitscratch/bitscratch-vm/source/vm.cpp.o
                0x0000000000018320                prim_stop()
 .text._Z11prim_outputv
                0x0000000000018360       0x4c source/CMakeFiles/bitscratch-vm.dir/Users/brian/files/projects/microbitscratch/bitscratch-vm/source/vm.cpp.o
                0x0000000000018360                prim_output()
 .text._Z14prim_waituntilv
                0x00000000000183ac       0x34 source/CMakeFiles/bitscratch-vm.dir/Users/brian/files/projects/microbitscratch/bitscratch-vm/source/vm.cpp.o
                0x00000000000183ac                prim_waituntil()
 .text._Z7prim_ifv
                0x00000000000183e0       0x3c source/CMakeFiles/bitscratch-vm.dir/Users/brian/files/projects/microbitscratch/bitscratch-vm/source/vm.cpp.o
                0x00000000000183e0                prim_if()
 .text._Z11prim_ifelsev
                0x000000000001841c       0x40 source/CMakeFiles/bitscratch-vm.dir/Users/brian/files/projects/microbitscratch/bitscratch-vm/source/vm.cpp.o
                0x000000000001841c                prim_ifelse()
 .text._Z8eol_listv
                0x000000000001845c       0x24 source/CMakeFiles/bitscratch-vm.dir/Users/brian/files/projects/microbitscratch/bitscratch-vm/source/vm.cpp.o
                0x000000000001845c                eol_list()
 .text._Z8prim_addv
                0x0000000000018480       0x1c source/CMakeFiles/bitscratch-vm.dir/Users/brian/files/projects/microbitscratch/bitscratch-vm/source/vm.cpp.o
                0x0000000000018480                prim_add()
 .text._Z13prim_subtractv
                0x000000000001849c       0x1c source/CMakeFiles/bitscratch-vm.dir/Users/brian/files/projects/microbitscratch/bitscratch-vm/source/vm.cpp.o
                0x000000000001849c                prim_subtract()
 .text._Z13prim_multiplyv
                0x00000000000184b8       0x1c source/CMakeFiles/bitscratch-vm.dir/Users/brian/files/projects/microbitscratch/bitscratch-vm/source/vm.cpp.o
                0x00000000000184b8                prim_multiply()
 .text._Z11prim_dividev
                0x00000000000184d4       0x1c source/CMakeFiles/bitscratch-vm.dir/Users/brian/files/projects/microbitscratch/bitscratch-vm/source/vm.cpp.o
                0x00000000000184d4                prim_divide()
 .text._Z10prim_equalv
                0x00000000000184f0       0x20 source/CMakeFiles/bitscratch-vm.dir/Users/brian/files/projects/microbitscratch/bitscratch-vm/source/vm.cpp.o
                0x00000000000184f0                prim_equal()
 .text._Z7prim_nev
                0x0000000000018510       0x20 source/CMakeFiles/bitscratch-vm.dir/Users/brian/files/projects/microbitscratch/bitscratch-vm/source/vm.cpp.o
                0x0000000000018510                prim_ne()
 .text._Z12prim_greaterv
                0x0000000000018530       0x20 source/CMakeFiles/bitscratch-vm.dir/Users/brian/files/projects/microbitscratch/bitscratch-vm/source/vm.cpp.o
                0x0000000000018530                prim_greater()
 .text._Z9prim_lessv
                0x0000000000018550       0x20 source/CMakeFiles/bitscratch-vm.dir/Users/brian/files/projects/microbitscratch/bitscratch-vm/source/vm.cpp.o
                0x0000000000018550                prim_less()
 .text._Z8prim_andv
                0x0000000000018570       0x1c source/CMakeFiles/bitscratch-vm.dir/Users/brian/files/projects/microbitscratch/bitscratch-vm/source/vm.cpp.o
                0x0000000000018570                prim_and()
 .text._Z7prim_orv
                0x000000000001858c       0x1c source/CMakeFiles/bitscratch-vm.dir/Users/brian/files/projects/microbitscratch/bitscratch-vm/source/vm.cpp.o
                0x000000000001858c                prim_or()
 .text._Z8prim_xorv
                0x00000000000185a8       0x1c source/CMakeFiles/bitscratch-vm.dir/Users/brian/files/projects/microbitscratch/bitscratch-vm/source/vm.cpp.o
                0x00000000000185a8                prim_xor()
 .text._Z8prim_notv
                0x00000000000185c4       0x1c source/CMakeFiles/bitscratch-vm.dir/Users/brian/files/projects/microbitscratch/bitscratch-vm/source/vm.cpp.o
                0x00000000000185c4                prim_not()
 .text._Z11prim_setboxv
                0x00000000000185e0       0x20 source/CMakeFiles/bitscratch-vm.dir/Users/brian/files/projects/microbitscratch/bitscratch-vm/source/vm.cpp.o
                0x00000000000185e0                prim_setbox()
 .text._Z8prim_boxv
                0x0000000000018600       0x1c source/CMakeFiles/bitscratch-vm.dir/Users/brian/files/projects/microbitscratch/bitscratch-vm/source/vm.cpp.o
                0x0000000000018600                prim_box()
 .text._Z14prim_changeboxv
                0x000000000001861c       0x24 source/CMakeFiles/bitscratch-vm.dir/Users/brian/files/projects/microbitscratch/bitscratch-vm/source/vm.cpp.o
                0x000000000001861c                prim_changebox()
 .text._Z11prim_randomv
                0x0000000000018640       0x28 source/CMakeFiles/bitscratch-vm.dir/Users/brian/files/projects/microbitscratch/bitscratch-vm/source/vm.cpp.o
                0x0000000000018640                prim_random()
 .text._Z10prim_printv
                0x0000000000018668       0x18 source/CMakeFiles/bitscratch-vm.dir/Users/brian/files/projects/microbitscratch/bitscratch-vm/source/vm.cpp.o
                0x0000000000018668                prim_print()
 .text._Z8prim_prfv
                0x0000000000018680       0x1c source/CMakeFiles/bitscratch-vm.dir/Users/brian/files/projects/microbitscratch/bitscratch-vm/source/vm.cpp.o
                0x0000000000018680                prim_prf()
 .text._Z10prim_shapev
                0x000000000001869c       0x18 source/CMakeFiles/bitscratch-vm.dir/Users/brian/files/projects/microbitscratch/bitscratch-vm/source/vm.cpp.o
                0x000000000001869c                prim_shape()
 .text._Z10prim_timerv
                0x00000000000186b4       0x18 source/CMakeFiles/bitscratch-vm.dir/Users/brian/files/projects/microbitscratch/bitscratch-vm/source/vm.cpp.o
                0x00000000000186b4                prim_timer()
 .text._Z10prim_ticksv
                0x00000000000186cc       0x18 source/CMakeFiles/bitscratch-vm.dir/Users/brian/files/projects/microbitscratch/bitscratch-vm/source/vm.cpp.o
                0x00000000000186cc                prim_ticks()
 .text._Z10prim_dotonv
                0x00000000000186e4       0x20 source/CMakeFiles/bitscratch-vm.dir/Users/brian/files/projects/microbitscratch/bitscratch-vm/source/vm.cpp.o
                0x00000000000186e4                prim_doton()
 .text._Z11prim_dotoffv
                0x0000000000018704       0x20 source/CMakeFiles/bitscratch-vm.dir/Users/brian/files/projects/microbitscratch/bitscratch-vm/source/vm.cpp.o
                0x0000000000018704                prim_dotoff()
 .text._Z9prim_accxv
                0x0000000000018724       0x18 source/CMakeFiles/bitscratch-vm.dir/Users/brian/files/projects/microbitscratch/bitscratch-vm/source/vm.cpp.o
                0x0000000000018724                prim_accx()
 .text._Z9prim_accyv
                0x000000000001873c       0x18 source/CMakeFiles/bitscratch-vm.dir/Users/brian/files/projects/microbitscratch/bitscratch-vm/source/vm.cpp.o
                0x000000000001873c                prim_accy()
 .text._Z9prim_acczv
                0x0000000000018754       0x18 source/CMakeFiles/bitscratch-vm.dir/Users/brian/files/projects/microbitscratch/bitscratch-vm/source/vm.cpp.o
                0x0000000000018754                prim_accz()
 .text._Z8prim_accv
                0x000000000001876c       0x18 source/CMakeFiles/bitscratch-vm.dir/Users/brian/files/projects/microbitscratch/bitscratch-vm/source/vm.cpp.o
                0x000000000001876c                prim_acc()
 .text._Z12prim_buttonav
                0x0000000000018784       0x18 source/CMakeFiles/bitscratch-vm.dir/Users/brian/files/projects/microbitscratch/bitscratch-vm/source/vm.cpp.o
                0x0000000000018784                prim_buttona()
 .text._Z12prim_buttonbv
                0x000000000001879c       0x18 source/CMakeFiles/bitscratch-vm.dir/Users/brian/files/projects/microbitscratch/bitscratch-vm/source/vm.cpp.o
                0x000000000001879c                prim_buttonb()
 .text._Z7vm_stopv
                0x00000000000187b4       0x1c source/CMakeFiles/bitscratch-vm.dir/Users/brian/files/projects/microbitscratch/bitscratch-vm/source/vm.cpp.o
                0x00000000000187b4                vm_stop()
 .text._Z12prim_stopallv
                0x00000000000187d0       0x14 source/CMakeFiles/bitscratch-vm.dir/Users/brian/files/projects/microbitscratch/bitscratch-vm/source/vm.cpp.o
                0x00000000000187d0                prim_stopall()
 .text._Z11setup_stackPlmh
                0x00000000000187e4       0x20 source/CMakeFiles/bitscratch-vm.dir/Users/brian/files/projects/microbitscratch/bitscratch-vm/source/vm.cpp.o
                0x00000000000187e4                setup_stack(long*, unsigned long, unsigned char)
 .text._Z8vm_starth
                0x0000000000018804       0x30 source/CMakeFiles/bitscratch-vm.dir/Users/brian/files/projects/microbitscratch/bitscratch-vm/source/vm.cpp.o
                0x0000000000018804                vm_start(unsigned char)
 .text._Z6resumePl
                0x0000000000018834       0x54 source/CMakeFiles/bitscratch-vm.dir/Users/brian/files/projects/microbitscratch/bitscratch-vm/source/vm.cpp.o
                0x0000000000018834                resume(long*)
 .text._Z6vm_runv
                0x0000000000018888       0x24 source/CMakeFiles/bitscratch-vm.dir/Users/brian/files/projects/microbitscratch/bitscratch-vm/source/vm.cpp.o
                0x0000000000018888                vm_run()
 .text._Z5yieldl
                0x00000000000188ac       0x44 source/CMakeFiles/bitscratch-vm.dir/Users/brian/files/projects/microbitscratch/bitscratch-vm/source/vm.cpp.o
                0x00000000000188ac                yield(long)
 .text._Z10eol_repeatv
                0x00000000000188f0       0x48 source/CMakeFiles/bitscratch-vm.dir/Users/brian/files/projects/microbitscratch/bitscratch-vm/source/vm.cpp.o
                0x00000000000188f0                eol_repeat()
 .text._Z11prim_repeatv
                0x0000000000018938       0x34 source/CMakeFiles/bitscratch-vm.dir/Users/brian/files/projects/microbitscratch/bitscratch-vm/source/vm.cpp.o
                0x0000000000018938                prim_repeat()
 .text._Z13eol_waituntilv
                0x000000000001896c       0x44 source/CMakeFiles/bitscratch-vm.dir/Users/brian/files/projects/microbitscratch/bitscratch-vm/source/vm.cpp.o
                0x000000000001896c                eol_waituntil()
 .text._Z12prim_foreverv
                0x00000000000189b0       0x30 source/CMakeFiles/bitscratch-vm.dir/Users/brian/files/projects/microbitscratch/bitscratch-vm/source/vm.cpp.o
                0x00000000000189b0                prim_forever()
 .text._Z9prim_waitv
                0x00000000000189e0       0x24 source/CMakeFiles/bitscratch-vm.dir/Users/brian/files/projects/microbitscratch/bitscratch-vm/source/vm.cpp.o
                0x00000000000189e0                prim_wait()
 .text._Z10wait_againv
                0x0000000000018a04       0x2c source/CMakeFiles/bitscratch-vm.dir/Users/brian/files/projects/microbitscratch/bitscratch-vm/source/vm.cpp.o
                0x0000000000018a04                wait_again()
 .text._Z17get_local_addressv
                0x0000000000018a30       0x30 source/CMakeFiles/bitscratch-vm.dir/Users/brian/files/projects/microbitscratch/bitscratch-vm/source/vm.cpp.o
                0x0000000000018a30                get_local_address()
 .text._Z11eval_lthingv
                0x0000000000018a60       0x18 source/CMakeFiles/bitscratch-vm.dir/Users/brian/files/projects/microbitscratch/bitscratch-vm/source/vm.cpp.o
                0x0000000000018a60                eval_lthing()
 .text._Z9eval_lsetv
                0x0000000000018a78       0x18 source/CMakeFiles/bitscratch-vm.dir/Users/brian/files/projects/microbitscratch/bitscratch-vm/source/vm.cpp.o
                0x0000000000018a78                eval_lset()
 .text._Z12eval_lchangev
                0x0000000000018a90       0x1c source/CMakeFiles/bitscratch-vm.dir/Users/brian/files/projects/microbitscratch/bitscratch-vm/source/vm.cpp.o
                0x0000000000018a90                eval_lchange()
 .text._ZN14MicroBitSerialD2Ev
                0x0000000000018aac       0x18 source/CMakeFiles/bitscratch-vm.dir/Users/brian/files/projects/microbitscratch/bitscratch-vm/source/main.cpp.o
                0x0000000000018aac                MicroBitSerial::~MicroBitSerial()
                0x0000000000018aac                MicroBitSerial::~MicroBitSerial()
 .text._Z5ugetcv
                0x0000000000018ac4       0x14 source/CMakeFiles/bitscratch-vm.dir/Users/brian/files/projects/microbitscratch/bitscratch-vm/source/main.cpp.o
                0x0000000000018ac4                ugetc()
 .text._Z10ugetcAsyncv
                0x0000000000018ad8       0x10 source/CMakeFiles/bitscratch-vm.dir/Users/brian/files/projects/microbitscratch/bitscratch-vm/source/main.cpp.o
                0x0000000000018ad8                ugetcAsync()
 .text._Z5uputch
                0x0000000000018ae8       0x14 source/CMakeFiles/bitscratch-vm.dir/Users/brian/files/projects/microbitscratch/bitscratch-vm/source/main.cpp.o
                0x0000000000018ae8                uputc(unsigned char)
 .text._Z4initv
                0x0000000000018afc       0x1c source/CMakeFiles/bitscratch-vm.dir/Users/brian/files/projects/microbitscratch/bitscratch-vm/source/main.cpp.o
                0x0000000000018afc                init()
 .text._Z10writeflashv
                0x0000000000018b18       0x30 source/CMakeFiles/bitscratch-vm.dir/Users/brian/files/projects/microbitscratch/bitscratch-vm/source/main.cpp.o
                0x0000000000018b18                writeflash()
 .text._Z10eraseflashv
                0x0000000000018b48       0x1c source/CMakeFiles/bitscratch-vm.dir/Users/brian/files/projects/microbitscratch/bitscratch-vm/source/main.cpp.o
                0x0000000000018b48                eraseflash()
 .text._Z8getaddrsv
                0x0000000000018b64       0x24 source/CMakeFiles/bitscratch-vm.dir/Users/brian/files/projects/microbitscratch/bitscratch-vm/source/main.cpp.o
                0x0000000000018b64                getaddrs()
 .text.startup.main
                0x0000000000018b88       0x7c source/CMakeFiles/bitscratch-vm.dir/Users/brian/files/projects/microbitscratch/bitscratch-vm/source/main.cpp.o
                0x0000000000018b88                main
 .text.startup._GLOBAL__sub_I_pc
                0x0000000000018c04       0x5c source/CMakeFiles/bitscratch-vm.dir/Users/brian/files/projects/microbitscratch/bitscratch-vm/source/main.cpp.o
 .text._Z8evt_pollv
                0x0000000000018c60       0x50 source/CMakeFiles/bitscratch-vm.dir/Users/brian/files/projects/microbitscratch/bitscratch-vm/source/lib.cpp.o
                0x0000000000018c60                evt_poll()
 .text._Z8dev_pollv
                0x0000000000018cb0       0x84 source/CMakeFiles/bitscratch-vm.dir/Users/brian/files/projects/microbitscratch/bitscratch-vm/source/lib.cpp.o
                0x0000000000018cb0                dev_poll()
 .text._Z15direct_setshapehhhhh
                0x0000000000018d34       0x34 source/CMakeFiles/bitscratch-vm.dir/Users/brian/files/projects/microbitscratch/bitscratch-vm/source/lib.cpp.o
                0x0000000000018d34                direct_setshape(unsigned char, unsigned char, unsigned char, unsigned char, unsigned char)
 .text._Z8setshapec
                0x0000000000018d68       0x1c source/CMakeFiles/bitscratch-vm.dir/Users/brian/files/projects/microbitscratch/bitscratch-vm/source/lib.cpp.o
                0x0000000000018d68                setshape(char)
 .text._Z9nextshapev
                0x0000000000018d84       0x34 source/CMakeFiles/bitscratch-vm.dir/Users/brian/files/projects/microbitscratch/bitscratch-vm/source/lib.cpp.o
                0x0000000000018d84                nextshape()
 .text._Z5dotonhh
                0x0000000000018db8       0x40 source/CMakeFiles/bitscratch-vm.dir/Users/brian/files/projects/microbitscratch/bitscratch-vm/source/lib.cpp.o
                0x0000000000018db8                doton(unsigned char, unsigned char)
 .text._Z6dotoffhh
                0x0000000000018df8       0x44 source/CMakeFiles/bitscratch-vm.dir/Users/brian/files/projects/microbitscratch/bitscratch-vm/source/lib.cpp.o
                0x0000000000018df8                dotoff(unsigned char, unsigned char)
 .text._Z5clearv
                0x0000000000018e3c       0x20 source/CMakeFiles/bitscratch-vm.dir/Users/brian/files/projects/microbitscratch/bitscratch-vm/source/lib.cpp.o
                0x0000000000018e3c                clear()
 .text._Z8lib_initv
                0x0000000000018e5c       0x88 source/CMakeFiles/bitscratch-vm.dir/Users/brian/files/projects/microbitscratch/bitscratch-vm/source/lib.cpp.o
                0x0000000000018e5c                lib_init()
 .text._Z5printl
                0x0000000000018ee4       0x18 source/CMakeFiles/bitscratch-vm.dir/Users/brian/files/projects/microbitscratch/bitscratch-vm/source/lib.cpp.o
                0x0000000000018ee4                print(long)
 .text._Z3prfPhl
                0x0000000000018efc       0x74 source/CMakeFiles/bitscratch-vm.dir/Users/brian/files/projects/microbitscratch/bitscratch-vm/source/lib.cpp.o
                0x0000000000018efc                prf(unsigned char*, long)
 .text._Z6resettv
                0x0000000000018f70       0x10 source/CMakeFiles/bitscratch-vm.dir/Users/brian/files/projects/microbitscratch/bitscratch-vm/source/lib.cpp.o
                0x0000000000018f70                resett()
 .text._Z5timerv
                0x0000000000018f80       0x14 source/CMakeFiles/bitscratch-vm.dir/Users/brian/files/projects/microbitscratch/bitscratch-vm/source/lib.cpp.o
                0x0000000000018f80                timer()
 .text._Z9get_ticksv
                0x0000000000018f94        0xc source/CMakeFiles/bitscratch-vm.dir/Users/brian/files/projects/microbitscratch/bitscratch-vm/source/lib.cpp.o
                0x0000000000018f94                get_ticks()
 .text._Z11get_buttonav
                0x0000000000018fa0       0x10 source/CMakeFiles/bitscratch-vm.dir/Users/brian/files/projects/microbitscratch/bitscratch-vm/source/lib.cpp.o
                0x0000000000018fa0                get_buttona()
 .text._Z11get_buttonbv
                0x0000000000018fb0       0x10 source/CMakeFiles/bitscratch-vm.dir/Users/brian/files/projects/microbitscratch/bitscratch-vm/source/lib.cpp.o
                0x0000000000018fb0                get_buttonb()
 .text._Z4accxv
                0x0000000000018fc0       0x10 source/CMakeFiles/bitscratch-vm.dir/Users/brian/files/projects/microbitscratch/bitscratch-vm/source/lib.cpp.o
                0x0000000000018fc0                accx()
 .text._Z4accyv
                0x0000000000018fd0       0x10 source/CMakeFiles/bitscratch-vm.dir/Users/brian/files/projects/microbitscratch/bitscratch-vm/source/lib.cpp.o
                0x0000000000018fd0                accy()
 .text._Z4acczv
                0x0000000000018fe0       0x10 source/CMakeFiles/bitscratch-vm.dir/Users/brian/files/projects/microbitscratch/bitscratch-vm/source/lib.cpp.o
                0x0000000000018fe0                accz()
 .text._Z6accmagv
                0x0000000000018ff0       0x10 source/CMakeFiles/bitscratch-vm.dir/Users/brian/files/projects/microbitscratch/bitscratch-vm/source/lib.cpp.o
                0x0000000000018ff0                accmag()
 .text.startup._GLOBAL__sub_I_directshape
                0x0000000000019000       0xf8 source/CMakeFiles/bitscratch-vm.dir/Users/brian/files/projects/microbitscratch/bitscratch-vm/source/lib.cpp.o
 .text.NVIC_SystemReset
                0x00000000000190f8       0x18 ym/microbit-dal/source/microbit-dal.a(MicroBitDevice.cpp.o)
 .text._Z14microbit_panici
                0x0000000000019110      0x198 ym/microbit-dal/source/microbit-dal.a(MicroBitDevice.cpp.o)
                0x0000000000019110                microbit_panic(int)
 .text._Z15microbit_randomi
                0x00000000000192a8       0x48 ym/microbit-dal/source/microbit-dal.a(MicroBitDevice.cpp.o)
                0x00000000000192a8                microbit_random(int)
 .text._Z20microbit_seed_randomv
                0x00000000000192f0       0x64 ym/microbit-dal/source/microbit-dal.a(MicroBitDevice.cpp.o)
                0x00000000000192f0                microbit_seed_random()
 .text._ZN10EventModel6listenEiiPFv13MicroBitEventEt
                0x0000000000019354       0x60 ym/microbit-dal/source/microbit-dal.a(MicroBitFiber.cpp.o)
                0x0000000000019354                EventModel::listen(int, int, void (*)(MicroBitEvent), unsigned short)
 .text._Z14scheduler_tickv
                0x00000000000193b4       0x38 ym/microbit-dal/source/microbit-dal.a(MicroBitFiber.cpp.o)
                0x00000000000193b4                scheduler_tick()
 .text._Z15scheduler_event13MicroBitEvent
                0x00000000000193ec       0xcc ym/microbit-dal/source/microbit-dal.a(MicroBitFiber.cpp.o)
                0x00000000000193ec                scheduler_event(MicroBitEvent)
 .text._Z15getFiberContextv
                0x00000000000194b8       0x3c ym/microbit-dal/source/microbit-dal.a(MicroBitFiber.cpp.o)
                0x00000000000194b8                getFiberContext()
 .text._Z23fiber_scheduler_runningv
                0x00000000000194f4       0x10 ym/microbit-dal/source/microbit-dal.a(MicroBitFiber.cpp.o)
                0x00000000000194f4                fiber_scheduler_running()
 .text._Z14scheduler_initR10EventModel
                0x0000000000019504       0xa8 ym/microbit-dal/source/microbit-dal.a(MicroBitFiber.cpp.o)
                0x0000000000019504                scheduler_init(EventModel&)
 .text._Z14__create_fibermmmi
                0x00000000000195ac       0x50 ym/microbit-dal/source/microbit-dal.a(MicroBitFiber.cpp.o)
                0x00000000000195ac                __create_fiber(unsigned long, unsigned long, unsigned long, int)
 .text._Z24scheduler_runqueue_emptyv
                0x00000000000195fc       0x10 ym/microbit-dal/source/microbit-dal.a(MicroBitFiber.cpp.o)
                0x00000000000195fc                scheduler_runqueue_empty()
 .text._Z24fiber_add_idle_componentP17MicroBitComponent
                0x000000000001960c       0x1c ym/microbit-dal/source/microbit-dal.a(MicroBitFiber.cpp.o)
                0x000000000001960c                fiber_add_idle_component(MicroBitComponent*)
 .text._Z27fiber_remove_idle_componentP17MicroBitComponent
                0x0000000000019628       0x1c ym/microbit-dal/source/microbit-dal.a(MicroBitFiber.cpp.o)
                0x0000000000019628                fiber_remove_idle_component(MicroBitComponent*)
 .text._Z4idlev
                0x0000000000019644       0x2c ym/microbit-dal/source/microbit-dal.a(MicroBitFiber.cpp.o)
                0x0000000000019644                idle()
 .text._Z8schedulev
                0x0000000000019670       0xd0 ym/microbit-dal/source/microbit-dal.a(MicroBitFiber.cpp.o)
                0x0000000000019670                schedule()
 .text._Z11fiber_sleepm
                0x0000000000019740       0x54 ym/microbit-dal/source/microbit-dal.a(MicroBitFiber.cpp.o)
                0x0000000000019740                fiber_sleep(unsigned long)
 .text._Z19fiber_wake_on_eventtt
                0x0000000000019794       0x9c ym/microbit-dal/source/microbit-dal.a(MicroBitFiber.cpp.o)
                0x0000000000019794                fiber_wake_on_event(unsigned short, unsigned short)
 .text._Z13release_fiberv
                0x0000000000019830       0x28 ym/microbit-dal/source/microbit-dal.a(MicroBitFiber.cpp.o)
                0x0000000000019830                release_fiber()
 .text._Z6invokePFvPvES_
                0x0000000000019858       0x80 ym/microbit-dal/source/microbit-dal.a(MicroBitFiber.cpp.o)
                0x0000000000019858                invoke(void (*)(void*), void*)
 .text._ZN12MicroBitFont13setSystemFontES_
                0x00000000000198d8       0x18 ym/microbit-dal/source/microbit-dal.a(MicroBitFont.cpp.o)
                0x00000000000198d8                MicroBitFont::setSystemFont(MicroBitFont)
 .text._ZN12MicroBitFont13getSystemFontEv
                0x00000000000198f0       0x10 ym/microbit-dal/source/microbit-dal.a(MicroBitFont.cpp.o)
                0x00000000000198f0                MicroBitFont::getSystemFont()
 .text.startup._GLOBAL__sub_I__ZN12MicroBitFont11defaultFontE
                0x0000000000019900       0x18 ym/microbit-dal/source/microbit-dal.a(MicroBitFont.cpp.o)
 .text._Z15microbit_mallocj
                0x0000000000019918       0x44 ym/microbit-dal/source/microbit-dal.a(MicroBitHeapAllocator.cpp.o)
                0x0000000000019918                microbit_malloc(unsigned int)
 .text._Z13microbit_freePv
                0x000000000001995c       0x44 ym/microbit-dal/source/microbit-dal.a(MicroBitHeapAllocator.cpp.o)
                0x000000000001995c                microbit_free(void*)
 .text._Z23system_timer_set_periodi
                0x00000000000199a0       0x48 ym/microbit-dal/source/microbit-dal.a(MicroBitSystemTimer.cpp.o)
                0x00000000000199a0                system_timer_set_period(int)
 .text._Z17system_timer_initi
                0x00000000000199e8       0x54 ym/microbit-dal/source/microbit-dal.a(MicroBitSystemTimer.cpp.o)
                0x00000000000199e8                system_timer_init(int)
 .text._Z23system_timer_get_periodv
                0x0000000000019a3c        0xc ym/microbit-dal/source/microbit-dal.a(MicroBitSystemTimer.cpp.o)
                0x0000000000019a3c                system_timer_get_period()
 .text._Z11update_timev
                0x0000000000019a48       0x44 ym/microbit-dal/source/microbit-dal.a(MicroBitSystemTimer.cpp.o)
                0x0000000000019a48                update_time()
 .text._Z17system_timer_tickv
                0x0000000000019a8c       0x24 ym/microbit-dal/source/microbit-dal.a(MicroBitSystemTimer.cpp.o)
                0x0000000000019a8c                system_timer_tick()
 .text._Z25system_timer_current_timev
                0x0000000000019ab0       0x1c ym/microbit-dal/source/microbit-dal.a(MicroBitSystemTimer.cpp.o)
                0x0000000000019ab0                system_timer_current_time()
 .text._Z28system_timer_current_time_usv
                0x0000000000019acc       0x14 ym/microbit-dal/source/microbit-dal.a(MicroBitSystemTimer.cpp.o)
                0x0000000000019acc                system_timer_current_time_us()
 .text._Z26system_timer_add_componentP17MicroBitComponent
                0x0000000000019ae0       0x3c ym/microbit-dal/source/microbit-dal.a(MicroBitSystemTimer.cpp.o)
                0x0000000000019ae0                system_timer_add_component(MicroBitComponent*)
 .text._Z29system_timer_remove_componentP17MicroBitComponent
                0x0000000000019b1c       0x1c ym/microbit-dal/source/microbit-dal.a(MicroBitSystemTimer.cpp.o)
                0x0000000000019b1c                system_timer_remove_component(MicroBitComponent*)
 .text._ZN13ManagedStringC2Ev
                0x0000000000019b38        0xc ym/microbit-dal/source/microbit-dal.a(ManagedString.cpp.o)
                0x0000000000019b38                ManagedString::ManagedString()
                0x0000000000019b38                ManagedString::ManagedString()
 .text.startup._GLOBAL__sub_I__ZN13ManagedString9initEmptyEv
                0x0000000000019b44       0x28 ym/microbit-dal/source/microbit-dal.a(ManagedString.cpp.o)
 .text._ZN13MicroBitEvent4fireEv
                0x0000000000019b6c       0x28 ym/microbit-dal/source/microbit-dal.a(MicroBitEvent.cpp.o)
                0x0000000000019b6c                MicroBitEvent::fire()
 .text.startup._GLOBAL__sub_I__ZN12PacketBuffer11EmptyPacketE
                0x0000000000019b94       0x24 ym/microbit-dal/source/microbit-dal.a(PacketBuffer.cpp.o)
 .text._ZL16isReadOnlyInlineP10RefCounted
                0x0000000000019bb8       0x24 ym/microbit-dal/source/microbit-dal.a(RefCounted.cpp.o)
 .text._ZN21MicroBitAccelerometerD2Ev
                0x0000000000019bdc       0x18 ym/microbit-dal/source/microbit-dal.a(MicroBitAccelerometer.cpp.o)
                0x0000000000019bdc                MicroBitAccelerometer::~MicroBitAccelerometer()
                0x0000000000019bdc                MicroBitAccelerometer::~MicroBitAccelerometer()
 .text._ZN21MicroBitAccelerometer9configureEv
                0x0000000000019bf4       0xbc ym/microbit-dal/source/microbit-dal.a(MicroBitAccelerometer.cpp.o)
                0x0000000000019bf4                MicroBitAccelerometer::configure()
 .text._ZN21MicroBitAccelerometer11readCommandEhPhi
                0x0000000000019cb0       0x4c ym/microbit-dal/source/microbit-dal.a(MicroBitAccelerometer.cpp.o)
                0x0000000000019cb0                MicroBitAccelerometer::readCommand(unsigned char, unsigned char*, int)
 .text._ZN21MicroBitAccelerometerC2ER11MicroBitI2Ctt
                0x0000000000019cfc       0x94 ym/microbit-dal/source/microbit-dal.a(MicroBitAccelerometer.cpp.o)
                0x0000000000019cfc                MicroBitAccelerometer::MicroBitAccelerometer(MicroBitI2C&, unsigned short, unsigned short)
                0x0000000000019cfc                MicroBitAccelerometer::MicroBitAccelerometer(MicroBitI2C&, unsigned short, unsigned short)
 .text._ZN21MicroBitAccelerometer12updateSampleEv
                0x0000000000019d90       0x84 ym/microbit-dal/source/microbit-dal.a(MicroBitAccelerometer.cpp.o)
                0x0000000000019d90                MicroBitAccelerometer::updateSample()
 .text._ZN21MicroBitAccelerometer20instantaneousPostureEv
                0x0000000000019e14      0x20c ym/microbit-dal/source/microbit-dal.a(MicroBitAccelerometer.cpp.o)
                0x0000000000019e14                MicroBitAccelerometer::instantaneousPosture()
 .text._ZN14MicroBitButton10systemTickEv
                0x000000000001a020       0xe0 ym/microbit-dal/source/microbit-dal.a(MicroBitButton.cpp.o)
                0x000000000001a020                MicroBitButton::systemTick()
 .text._ZN14MicroBitButtonD2Ev
                0x000000000001a100       0x18 ym/microbit-dal/source/microbit-dal.a(MicroBitButton.cpp.o)
                0x000000000001a100                MicroBitButton::~MicroBitButton()
                0x000000000001a100                MicroBitButton::~MicroBitButton()
 .text._ZN14MicroBitButtonC2E7PinNamet32MicroBitButtonEventConfiguration7PinMode
                0x000000000001a118       0x5c ym/microbit-dal/source/microbit-dal.a(MicroBitButton.cpp.o)
                0x000000000001a118                MicroBitButton::MicroBitButton(PinName, unsigned short, MicroBitButtonEventConfiguration, PinMode)
                0x000000000001a118                MicroBitButton::MicroBitButton(PinName, unsigned short, MicroBitButtonEventConfiguration, PinMode)
 .text._ZN15MicroBitDisplay15renderGreyscaleEv
                0x000000000001a174       0xfc ym/microbit-dal/source/microbit-dal.a(MicroBitDisplay.cpp.o)
                0x000000000001a174                MicroBitDisplay::renderGreyscale()
 .text._ZN4mbed6TickerD2Ev
                0x000000000001a270       0x1c ym/microbit-dal/source/microbit-dal.a(MicroBitDisplay.cpp.o)
                0x000000000001a270                mbed::Ticker::~Ticker()
                0x000000000001a270                mbed::Ticker::~Ticker()
 .text._ZN15MicroBitDisplayD2Ev
                0x000000000001a28c       0x48 ym/microbit-dal/source/microbit-dal.a(MicroBitDisplay.cpp.o)
                0x000000000001a28c                MicroBitDisplay::~MicroBitDisplay()
                0x000000000001a28c                MicroBitDisplay::~MicroBitDisplay()
 .text._ZN15MicroBitDisplayC2EtRK9MatrixMap
                0x000000000001a2d4       0xd4 ym/microbit-dal/source/microbit-dal.a(MicroBitDisplay.cpp.o)
                0x000000000001a2d4                MicroBitDisplay::MicroBitDisplay(unsigned short, MatrixMap const&)
                0x000000000001a2d4                MicroBitDisplay::MicroBitDisplay(unsigned short, MatrixMap const&)
 .text._ZN15MicroBitDisplay6renderEv
                0x000000000001a3a8       0xec ym/microbit-dal/source/microbit-dal.a(MicroBitDisplay.cpp.o)
                0x000000000001a3a8                MicroBitDisplay::render()
 .text._ZN15MicroBitDisplay26sendAnimationCompleteEventEv
                0x000000000001a494       0x24 ym/microbit-dal/source/microbit-dal.a(MicroBitDisplay.cpp.o)
                0x000000000001a494                MicroBitDisplay::sendAnimationCompleteEvent()
 .text._ZN15MicroBitDisplay18waitForFreeDisplayEv
                0x000000000001a4b8       0x20 ym/microbit-dal/source/microbit-dal.a(MicroBitDisplay.cpp.o)
                0x000000000001a4b8                MicroBitDisplay::waitForFreeDisplay()
 .text._ZN15MicroBitDisplay9fiberWaitEv
                0x000000000001a4d8       0x2c ym/microbit-dal/source/microbit-dal.a(MicroBitDisplay.cpp.o)
                0x000000000001a4d8                MicroBitDisplay::fiberWait()
 .text._ZN15MicroBitDisplay14printCharAsyncEci
                0x000000000001a504       0x50 ym/microbit-dal/source/microbit-dal.a(MicroBitDisplay.cpp.o)
                0x000000000001a504                MicroBitDisplay::printCharAsync(char, int)
 .text._ZN15MicroBitDisplay9printCharEci
                0x000000000001a554       0x44 ym/microbit-dal/source/microbit-dal.a(MicroBitDisplay.cpp.o)
                0x000000000001a554                MicroBitDisplay::printChar(char, int)
 .text._ZN15MicroBitDisplay13setBrightnessEi
                0x000000000001a598       0x14 ym/microbit-dal/source/microbit-dal.a(MicroBitDisplay.cpp.o)
                0x000000000001a598                MicroBitDisplay::setBrightness(int)
 .text._ZN11MicroBitI2C4readEiPcib
                0x000000000001a5ac       0x94 ym/microbit-dal/source/microbit-dal.a(MicroBitI2C.cpp.o)
                0x000000000001a5ac                MicroBitI2C::read(int, char*, int, bool)
 .text._ZN11MicroBitI2C5writeEiPKcib
                0x000000000001a640       0x94 ym/microbit-dal/source/microbit-dal.a(MicroBitI2C.cpp.o)
                0x000000000001a640                MicroBitI2C::write(int, char const*, int, bool)
 .text._ZN19MicroBitLightSensor11analogReadyEv
                0x000000000001a6d4       0x54 ym/microbit-dal/source/microbit-dal.a(MicroBitLightSensor.cpp.o)
                0x000000000001a6d4                MicroBitLightSensor::analogReady()
 .text._ZN19MicroBitLightSensor12startSensingE13MicroBitEvent
                0x000000000001a728       0xa0 ym/microbit-dal/source/microbit-dal.a(MicroBitLightSensor.cpp.o)
                0x000000000001a728                MicroBitLightSensor::startSensing(MicroBitEvent)
 .text._ZN16MicroBitListenerC2I19MicroBitLightSensorEEttPT_MS2_Fv13MicroBitEventEt
                0x000000000001a7c8       0x68 ym/microbit-dal/source/microbit-dal.a(MicroBitLightSensor.cpp.o)
                0x000000000001a7c8                MicroBitListener::MicroBitListener<MicroBitLightSensor>(unsigned short, unsigned short, MicroBitLightSensor*, void (MicroBitLightSensor::*)(MicroBitEvent), unsigned short)
                0x000000000001a7c8                MicroBitListener::MicroBitListener<MicroBitLightSensor>(unsigned short, unsigned short, MicroBitLightSensor*, void (MicroBitLightSensor::*)(MicroBitEvent), unsigned short)
 .text._ZN19MicroBitLightSensorD2Ev
                0x000000000001a830       0x5c ym/microbit-dal/source/microbit-dal.a(MicroBitLightSensor.cpp.o)
                0x000000000001a830                MicroBitLightSensor::~MicroBitLightSensor()
                0x000000000001a830                MicroBitLightSensor::~MicroBitLightSensor()
 .text._ZN18MicroBitMessageBus6removeEP16MicroBitListener
                0x000000000001a88c       0x7c ym/microbit-dal/source/microbit-dal.a(MicroBitMessageBus.cpp.o)
                0x000000000001a88c                MicroBitMessageBus::remove(MicroBitListener*)
 .text._ZN18MicroBitMessageBus3addEP16MicroBitListener
                0x000000000001a908       0xd4 ym/microbit-dal/source/microbit-dal.a(MicroBitMessageBus.cpp.o)
                0x000000000001a908                MicroBitMessageBus::add(MicroBitListener*)
 .text._ZN18MicroBitMessageBusD2Ev
                0x000000000001a9dc       0x20 ym/microbit-dal/source/microbit-dal.a(MicroBitMessageBus.cpp.o)
                0x000000000001a9dc                MicroBitMessageBus::~MicroBitMessageBus()
                0x000000000001a9dc                MicroBitMessageBus::~MicroBitMessageBus()
 .text._ZThn4_N18MicroBitMessageBusD1Ev
                0x000000000001a9fc       0x10 ym/microbit-dal/source/microbit-dal.a(MicroBitMessageBus.cpp.o)
                0x000000000001a9fc                non-virtual thunk to MicroBitMessageBus::~MicroBitMessageBus()
 .text._ZThn4_N18MicroBitMessageBusD0Ev
                0x000000000001aa0c       0x10 ym/microbit-dal/source/microbit-dal.a(MicroBitMessageBus.cpp.o)
                0x000000000001aa0c                non-virtual thunk to MicroBitMessageBus::~MicroBitMessageBus()
 .text._ZN18MicroBitMessageBusC2Ev
                0x000000000001aa1c       0x3c ym/microbit-dal/source/microbit-dal.a(MicroBitMessageBus.cpp.o)
                0x000000000001aa1c                MicroBitMessageBus::MicroBitMessageBus()
                0x000000000001aa1c                MicroBitMessageBus::MicroBitMessageBus()
 .text._ZN18MicroBitMessageBus7processER13MicroBitEventb
                0x000000000001aa58       0x88 ym/microbit-dal/source/microbit-dal.a(MicroBitMessageBus.cpp.o)
                0x000000000001aa58                MicroBitMessageBus::process(MicroBitEvent&, bool)
 .text._ZThn4_N18MicroBitMessageBus8idleTickEv
                0x000000000001aae0       0x10 ym/microbit-dal/source/microbit-dal.a(MicroBitMessageBus.cpp.o)
                0x000000000001aae0                non-virtual thunk to MicroBitMessageBus::idleTick()
 .text._ZN13MicroBitRadioC2Et
                0x000000000001aaf0       0x44 ym/microbit-dal/source/microbit-dal.a(MicroBitRadio.cpp.o)
                0x000000000001aaf0                MicroBitRadio::MicroBitRadio(unsigned short)
                0x000000000001aaf0                MicroBitRadio::MicroBitRadio(unsigned short)
 .text._ZN13MicroBitRadio7setRSSIEi
                0x000000000001ab34       0x14 ym/microbit-dal/source/microbit-dal.a(MicroBitRadio.cpp.o)
                0x000000000001ab34                MicroBitRadio::setRSSI(int)
 .text._ZN13MicroBitRadio7getRSSIEv
                0x000000000001ab48       0x14 ym/microbit-dal/source/microbit-dal.a(MicroBitRadio.cpp.o)
                0x000000000001ab48                MicroBitRadio::getRSSI()
 .text._ZN13MicroBitRadio10queueRxBufEv
                0x000000000001ab5c       0x60 ym/microbit-dal/source/microbit-dal.a(MicroBitRadio.cpp.o)
                0x000000000001ab5c                MicroBitRadio::queueRxBuf()
 .text.RADIO_IRQHandler
                0x000000000001abbc       0x68 ym/microbit-dal/source/microbit-dal.a(MicroBitRadio.cpp.o)
                0x000000000001abbc                RADIO_IRQHandler
 .text._ZN13MicroBitRadio4recvEv
                0x000000000001ac24       0x28 ym/microbit-dal/source/microbit-dal.a(MicroBitRadio.cpp.o)
                0x000000000001ac24                MicroBitRadio::recv()
 .text._ZN14MicroBitSerial12dataReceivedEv
                0x000000000001ac4c       0x94 ym/microbit-dal/source/microbit-dal.a(MicroBitSerial.cpp.o)
                0x000000000001ac4c                MicroBitSerial::dataReceived()
 .text._ZN14MicroBitSerial6lockRxEv
                0x000000000001ace0       0x10 ym/microbit-dal/source/microbit-dal.a(MicroBitSerial.cpp.o)
                0x000000000001ace0                MicroBitSerial::lockRx()
 .text._ZN14MicroBitSerial6lockTxEv
                0x000000000001acf0       0x10 ym/microbit-dal/source/microbit-dal.a(MicroBitSerial.cpp.o)
                0x000000000001acf0                MicroBitSerial::lockTx()
 .text._ZN14MicroBitSerial8unlockRxEv
                0x000000000001ad00       0x10 ym/microbit-dal/source/microbit-dal.a(MicroBitSerial.cpp.o)
                0x000000000001ad00                MicroBitSerial::unlockRx()
 .text._ZN14MicroBitSerial8unlockTxEv
                0x000000000001ad10       0x10 ym/microbit-dal/source/microbit-dal.a(MicroBitSerial.cpp.o)
                0x000000000001ad10                MicroBitSerial::unlockTx()
 .text._ZN14MicroBitSerial4baudEi
                0x000000000001ad20       0x14 ym/microbit-dal/source/microbit-dal.a(MicroBitSerial.cpp.o)
                0x000000000001ad20                MicroBitSerial::baud(int)
 .text._ZN14MicroBitSerialC2E7PinNameS0_hh
                0x000000000001ad34       0x50 ym/microbit-dal/source/microbit-dal.a(MicroBitSerial.cpp.o)
                0x000000000001ad34                MicroBitSerial::MicroBitSerial(PinName, PinName, unsigned char, unsigned char)
                0x000000000001ad34                MicroBitSerial::MicroBitSerial(PinName, PinName, unsigned char, unsigned char)
 .text._ZN14MicroBitSerial10eventAfterEi18MicroBitSerialMode
                0x000000000001ad84       0x38 ym/microbit-dal/source/microbit-dal.a(MicroBitSerial.cpp.o)
                0x000000000001ad84                MicroBitSerial::eventAfter(int, MicroBitSerialMode)
 .text._ZN14MicroBitSerial7getCharE18MicroBitSerialMode
                0x000000000001adbc       0x64 ym/microbit-dal/source/microbit-dal.a(MicroBitSerial.cpp.o)
                0x000000000001adbc                MicroBitSerial::getChar(MicroBitSerialMode)
 .text._ZN14MicroBitSerial11dataWrittenEv
                0x000000000001ae20       0x60 ym/microbit-dal/source/microbit-dal.a(MicroBitSerial.cpp.o)
                0x000000000001ae20                MicroBitSerial::dataWritten()
 .text._ZN14MicroBitSerial12initialiseTxEv
                0x000000000001ae80       0x50 ym/microbit-dal/source/microbit-dal.a(MicroBitSerial.cpp.o)
                0x000000000001ae80                MicroBitSerial::initialiseTx()
 .text._ZN4mbed10SerialBase6attachI14MicroBitSerialEEvPT_MS3_FvvENS0_7IrqTypeE
                0x000000000001aed0       0x40 ym/microbit-dal/source/microbit-dal.a(MicroBitSerial.cpp.o)
                0x000000000001aed0                void mbed::SerialBase::attach<MicroBitSerial>(MicroBitSerial*, void (MicroBitSerial::*)(), mbed::SerialBase::IrqType)
 .text._ZN14MicroBitSerial14setTxInterruptEPhi18MicroBitSerialMode
                0x000000000001af10       0x70 ym/microbit-dal/source/microbit-dal.a(MicroBitSerial.cpp.o)
                0x000000000001af10                MicroBitSerial::setTxInterrupt(unsigned char*, int, MicroBitSerialMode)
 .text._ZN14MicroBitSerial8sendCharEc18MicroBitSerialMode
                0x000000000001af80       0x58 ym/microbit-dal/source/microbit-dal.a(MicroBitSerial.cpp.o)
                0x000000000001af80                MicroBitSerial::sendChar(char, MicroBitSerialMode)
 .text._ZN14MicroBitSerial12initialiseRxEv
                0x000000000001afd8       0x68 ym/microbit-dal/source/microbit-dal.a(MicroBitSerial.cpp.o)
                0x000000000001afd8                MicroBitSerial::initialiseRx()
 .text._ZN14MicroBitSerial4readE18MicroBitSerialMode
                0x000000000001b040       0x44 ym/microbit-dal/source/microbit-dal.a(MicroBitSerial.cpp.o)
                0x000000000001b040                MicroBitSerial::read(MicroBitSerialMode)
 .text._ZN15MicroBitStorage4sizeEv
                0x000000000001b084       0x60 ym/microbit-dal/source/microbit-dal.a(MicroBitStorage.cpp.o)
                0x000000000001b084                MicroBitStorage::size()
 .text._ZL18nvmc_event_handlerm
                0x000000000001b0e4       0x10 ym/microbit-dal/source/microbit-dal.a(MicroBitFlash.cpp.o)
 .text._ZN13MicroBitFlashC2Ev
                0x000000000001b0f4       0x24 ym/microbit-dal/source/microbit-dal.a(MicroBitFlash.cpp.o)
                0x000000000001b0f4                MicroBitFlash::MicroBitFlash()
                0x000000000001b0f4                MicroBitFlash::MicroBitFlash()
 .text._ZN13MicroBitFlash10erase_pageEPm
                0x000000000001b118       0x70 ym/microbit-dal/source/microbit-dal.a(MicroBitFlash.cpp.o)
                0x000000000001b118                MicroBitFlash::erase_page(unsigned long*)
 .text._ZN13MicroBitFlash10flash_burnEPmS0_i
                0x000000000001b188       0x80 ym/microbit-dal/source/microbit-dal.a(MicroBitFlash.cpp.o)
                0x000000000001b188                MicroBitFlash::flash_burn(unsigned long*, unsigned long*, int)
 .text._ZN13MicroBitFlash11flash_writeEPvS0_iS0_
                0x000000000001b208       0xdc ym/microbit-dal/source/microbit-dal.a(MicroBitFlash.cpp.o)
                0x000000000001b208                MicroBitFlash::flash_write(void*, void*, int, void*)
 .text          0x000000000001b2e4      0x124 ym/microbit-dal/source/microbit-dal.a(CortexContextSwitch.s.obj)
                0x000000000001b2e4                swap_context
                0x000000000001b366                save_context
                0x000000000001b3aa                save_register_context
                0x000000000001b3da                restore_register_context
 .text._ZN13MicroBitImageC2Ev
                0x000000000001b408        0xc ym/microbit-dal/source/microbit-dal.a(MicroBitImage.cpp.o)
                0x000000000001b408                MicroBitImage::MicroBitImage()
                0x000000000001b408                MicroBitImage::MicroBitImage()
 .text._ZN13MicroBitImage10printImageEssPKh
                0x000000000001b414       0x5c ym/microbit-dal/source/microbit-dal.a(MicroBitImage.cpp.o)
                0x000000000001b414                MicroBitImage::printImage(short, short, unsigned char const*)
 .text._ZN13MicroBitImage4initEssPKh
                0x000000000001b470       0x4c ym/microbit-dal/source/microbit-dal.a(MicroBitImage.cpp.o)
                0x000000000001b470                MicroBitImage::init(short, short, unsigned char const*)
 .text._ZN13MicroBitImage5printEcss
                0x000000000001b4bc       0x94 ym/microbit-dal/source/microbit-dal.a(MicroBitImage.cpp.o)
                0x000000000001b4bc                MicroBitImage::print(char, short, short)
 .text._ZN13MicroBitImage9shiftLeftEs
                0x000000000001b550       0x54 ym/microbit-dal/source/microbit-dal.a(MicroBitImage.cpp.o)
                0x000000000001b550                MicroBitImage::shiftLeft(short)
 .text.startup._GLOBAL__sub_I__ZN13MicroBitImage10EmptyImageE
                0x000000000001b5a4       0x28 ym/microbit-dal/source/microbit-dal.a(MicroBitImage.cpp.o)
 .text.btle_set_user_evt_handler
                0x000000000001b5cc        0xc ym/ble-nrf51822/source/ble-nrf51822.a(btle.cpp.o)
                0x000000000001b5cc                btle_set_user_evt_handler
 .text.app_error_handler
                0x000000000001b5d8       0x20 ym/ble-nrf51822/source/ble-nrf51822.a(btle.cpp.o)
                0x000000000001b5d8                app_error_handler
 .text.SWI1_IRQHandler
                0x000000000001b5f8       0x20 ym/nrf51-sdk/source/nrf51-sdk.a(ble_radio_notification.c.o)
                0x000000000001b5f8                SWI1_IRQHandler
 .text.intern_softdevice_events_execute
                0x000000000001b618       0xb0 ym/nrf51-sdk/source/nrf51-sdk.a(softdevice_handler.c.o)
                0x000000000001b618                intern_softdevice_events_execute
 .text.SWI2_IRQHandler
                0x000000000001b6c8       0x24 ym/nrf51-sdk/source/nrf51-sdk.a(softdevice_handler.c.o)
                0x000000000001b6c8                SWI2_IRQHandler
 .text._ZN4mbed3I2CC2E7PinNameS1_
                0x000000000001b6ec       0x30 ym/mbed-classic/existing/mbed-classic.a(I2C.cpp.o)
                0x000000000001b6ec                mbed::I2C::I2C(PinName, PinName)
                0x000000000001b6ec                mbed::I2C::I2C(PinName, PinName)
 .text._ZN4mbed3I2C6aquireEv
                0x000000000001b71c       0x1c ym/mbed-classic/existing/mbed-classic.a(I2C.cpp.o)
                0x000000000001b71c                mbed::I2C::aquire()
 .text._ZN4mbed9RawSerialC2E7PinNameS1_
                0x000000000001b738       0x14 ym/mbed-classic/existing/mbed-classic.a(RawSerial.cpp.o)
                0x000000000001b738                mbed::RawSerial::RawSerial(PinName, PinName)
                0x000000000001b738                mbed::RawSerial::RawSerial(PinName, PinName)
 .text._sbrk    0x000000000001b74c       0x28 ym/mbed-classic/existing/mbed-classic.a(retarget.cpp.o)
                0x000000000001b74c                _sbrk
 .text._ZN4mbed10SerialBaseC2E7PinNameS1_
                0x000000000001b774       0x3c ym/mbed-classic/existing/mbed-classic.a(SerialBase.cpp.o)
                0x000000000001b774                mbed::SerialBase::SerialBase(PinName, PinName)
                0x000000000001b774                mbed::SerialBase::SerialBase(PinName, PinName)
 .text._ZN4mbed7TimeoutD2Ev
                0x000000000001b7b0       0x1c ym/mbed-classic/existing/mbed-classic.a(Timeout.cpp.o)
                0x000000000001b7b0                mbed::Timeout::~Timeout()
                0x000000000001b7b0                mbed::Timeout::~Timeout()
 .text._ZN4mbed10TimerEventC2Ev
                0x000000000001b7cc       0x2c ym/mbed-classic/existing/mbed-classic.a(TimerEvent.cpp.o)
                0x000000000001b7cc                mbed::TimerEvent::TimerEvent()
                0x000000000001b7cc                mbed::TimerEvent::TimerEvent()
 .text._ZN4mbed10TimerEventD2Ev
                0x000000000001b7f8       0x18 ym/mbed-classic/existing/mbed-classic.a(TimerEvent.cpp.o)
                0x000000000001b7f8                mbed::TimerEvent::~TimerEvent()
                0x000000000001b7f8                mbed::TimerEvent::~TimerEvent()
 .text.get_us_ticker_data
                0x000000000001b810        0x8 ym/mbed-classic/existing/mbed-classic.a(us_ticker_api.c.o)
                0x000000000001b810                get_us_ticker_data
 .text.us_ticker_irq_handler
                0x000000000001b818       0x10 ym/mbed-classic/existing/mbed-classic.a(us_ticker_api.c.o)
                0x000000000001b818                us_ticker_irq_handler
 .text          0x000000000001b828       0x48 ym/mbed-classic/existing/mbed-classic.a(startup_NRF51822.S.obj)
                0x000000000001b828                Reset_Handler
                0x000000000001b864                NMI_Handler
                0x000000000001b866                HardFault_Handler
                0x000000000001b868                SVC_Handler
                0x000000000001b86a                PendSV_Handler
                0x000000000001b86c                SysTick_Handler
                0x000000000001b86e                SWI4_IRQHandler
                0x000000000001b86e                TEMP_IRQHandler
                0x000000000001b86e                QDEC_IRQHandler
                0x000000000001b86e                SWI5_IRQHandler
                0x000000000001b86e                TIMER0_IRQHandler
                0x000000000001b86e                SWI0_IRQHandler
                0x000000000001b86e                ECB_IRQHandler
                0x000000000001b86e                Default_Handler
                0x000000000001b86e                ADC_IRQHandler
                0x000000000001b86e                SWI3_IRQHandler
                0x000000000001b86e                CCM_AAR_IRQHandler
                0x000000000001b86e                WDT_IRQHandler
                0x000000000001b86e                RNG_IRQHandler
                0x000000000001b86e                SPI1_TWI1_IRQHandler
                0x000000000001b86e                TIMER2_IRQHandler
                0x000000000001b86e                RTC1_IRQHandler
                0x000000000001b86e                SPI0_TWI0_IRQHandler
                0x000000000001b86e                RTC0_IRQHandler
                0x000000000001b86e                GPIOTE_IRQHandler
                0x000000000001b86e                POWER_CLOCK_IRQHandler
                0x000000000001b86e                LPCOMP_IRQHandler
 .text.analogin_init
                0x000000000001b870       0x50 ym/mbed-classic/existing/mbed-classic.a(analogin_api.c.o)
                0x000000000001b870                analogin_init
 .text.analogin_read_u16
                0x000000000001b8c0       0x40 ym/mbed-classic/existing/mbed-classic.a(analogin_api.c.o)
                0x000000000001b8c0                analogin_read_u16
 .text.gpio_init
                0x000000000001b900       0x30 ym/mbed-classic/existing/mbed-classic.a(gpio_api.c.o)
                0x000000000001b900                gpio_init
 .text.i2c_do_write
                0x000000000001b930       0x2c ym/mbed-classic/existing/mbed-classic.a(i2c_api.c.o)
                0x000000000001b930                i2c_do_write
 .text.i2c_do_read
                0x000000000001b95c       0x3c ym/mbed-classic/existing/mbed-classic.a(i2c_api.c.o)
                0x000000000001b95c                i2c_do_read
 .text.i2c_frequency
                0x000000000001b998       0x48 ym/mbed-classic/existing/mbed-classic.a(i2c_api.c.o)
                0x000000000001b998                i2c_frequency
 .text.twi_master_init
                0x000000000001b9e0       0x44 ym/mbed-classic/existing/mbed-classic.a(i2c_api.c.o)
                0x000000000001b9e0                twi_master_init
 .text.i2c_init
                0x000000000001ba24       0xc4 ym/mbed-classic/existing/mbed-classic.a(i2c_api.c.o)
                0x000000000001ba24                i2c_init
 .text.i2c_reset
                0x000000000001bae8       0x34 ym/mbed-classic/existing/mbed-classic.a(i2c_api.c.o)
                0x000000000001bae8                i2c_reset
 .text.i2c_stop
                0x000000000001bb1c       0x34 ym/mbed-classic/existing/mbed-classic.a(i2c_api.c.o)
                0x000000000001bb1c                i2c_stop
 .text.checkError
                0x000000000001bb50       0x28 ym/mbed-classic/existing/mbed-classic.a(i2c_api.c.o)
                0x000000000001bb50                checkError
 .text.port_init
                0x000000000001bb78       0x28 ym/mbed-classic/existing/mbed-classic.a(port_api.c.o)
                0x000000000001bb78                port_init
 .text.serial_baud.part.0
                0x000000000001bba0       0x38 ym/mbed-classic/existing/mbed-classic.a(serial_api.c.o)
 .text.serial_init
                0x000000000001bbd8       0xb8 ym/mbed-classic/existing/mbed-classic.a(serial_api.c.o)
                0x000000000001bbd8                serial_init
 .text.serial_baud
                0x000000000001bc90       0x20 ym/mbed-classic/existing/mbed-classic.a(serial_api.c.o)
                0x000000000001bc90                serial_baud
 .text.UART0_IRQHandler
                0x000000000001bcb0       0x4c ym/mbed-classic/existing/mbed-classic.a(serial_api.c.o)
                0x000000000001bcb0                UART0_IRQHandler
 .text.serial_irq_handler
                0x000000000001bcfc       0x18 ym/mbed-classic/existing/mbed-classic.a(serial_api.c.o)
                0x000000000001bcfc                serial_irq_handler
 .text.serial_irq_set
                0x000000000001bd14       0x88 ym/mbed-classic/existing/mbed-classic.a(serial_api.c.o)
                0x000000000001bd14                serial_irq_set
 .text.serial_putc
                0x000000000001bd9c       0x1c ym/mbed-classic/existing/mbed-classic.a(serial_api.c.o)
                0x000000000001bd9c                serial_putc
 .text.twi_master_clear_bus
                0x000000000001bdb8       0xb4 ym/mbed-classic/existing/mbed-classic.a(twi_master.c.o)
 .text.twi_master_init_and_clear
                0x000000000001be6c       0x74 ym/mbed-classic/existing/mbed-classic.a(twi_master.c.o)
                0x000000000001be6c                twi_master_init_and_clear
 .text.tmr1_getCounter64
                0x000000000001bee0       0x50 ym/mbed-classic/existing/mbed-classic.a(us_ticker.c.o)
 .text.TIMER1_IRQHandler
                0x000000000001bf30       0x50 ym/mbed-classic/existing/mbed-classic.a(us_ticker.c.o)
                0x000000000001bf30                TIMER1_IRQHandler
 .text.us_ticker_init
                0x000000000001bf80       0x8c ym/mbed-classic/existing/mbed-classic.a(us_ticker.c.o)
                0x000000000001bf80                us_ticker_init
 .text.us_ticker_read
                0x000000000001c00c       0x18 ym/mbed-classic/existing/mbed-classic.a(us_ticker.c.o)
                0x000000000001c00c                us_ticker_read
 .text.us_ticker_set_interrupt
                0x000000000001c024       0x54 ym/mbed-classic/existing/mbed-classic.a(us_ticker.c.o)
                0x000000000001c024                us_ticker_set_interrupt
 .text.pinmap_peripheral
                0x000000000001c078       0x20 ym/mbed-classic/existing/mbed-classic.a(pinmap_common.c.o)
                0x000000000001c078                pinmap_peripheral
 .text.SystemInit
                0x000000000001c098       0xb0 ym/mbed-classic/existing/mbed-classic.a(system_nrf51.c.o)
                0x000000000001c098                SystemInit
 .text._ZSt15get_new_handlerv
                0x000000000001c148        0xc /Applications/yotta.app/Contents/Resources/prerequisites/gcc-arm-none-eabi-4_9-2015q3/bin/../lib/gcc/arm-none-eabi/4.9.3/../../../../arm-none-eabi/lib/armv6-m/libstdc++_nano.a(new_handler.o)
                0x000000000001c148                std::get_new_handler()
 .text          0x000000000001c154      0x120 /Applications/yotta.app/Contents/Resources/prerequisites/gcc-arm-none-eabi-4_9-2015q3/bin/../lib/gcc/arm-none-eabi/4.9.3/armv6-m/libgcc.a(_udivsi3.o)
                0x000000000001c154                __udivsi3
                0x000000000001c154                __aeabi_uidiv
                0x000000000001c260                __aeabi_uidivmod
 .text          0x000000000001c274      0x1e0 /Applications/yotta.app/Contents/Resources/prerequisites/gcc-arm-none-eabi-4_9-2015q3/bin/../lib/gcc/arm-none-eabi/4.9.3/armv6-m/libgcc.a(_divsi3.o)
                0x000000000001c274                __aeabi_idiv
                0x000000000001c274                __divsi3
                0x000000000001c440                __aeabi_idivmod
 .text          0x000000000001c454        0x4 /Applications/yotta.app/Contents/Resources/prerequisites/gcc-arm-none-eabi-4_9-2015q3/bin/../lib/gcc/arm-none-eabi/4.9.3/armv6-m/libgcc.a(_dvmd_tls.o)
                0x000000000001c454                __aeabi_ldiv0
                0x000000000001c454                __aeabi_idiv0
 .text          0x000000000001c458       0x74 /Applications/yotta.app/Contents/Resources/prerequisites/gcc-arm-none-eabi-4_9-2015q3/bin/../lib/gcc/arm-none-eabi/4.9.3/armv6-m/libgcc.a(_arm_cmpsf2.o)
                0x000000000001c458                __aeabi_cfrcmple
                0x000000000001c460                __aeabi_cfcmple
                0x000000000001c460                __aeabi_cfcmpeq
                0x000000000001c470                __aeabi_fcmpeq
                0x000000000001c47c                __aeabi_fcmplt
                0x000000000001c490                __aeabi_fcmple
                0x000000000001c4a4                __aeabi_fcmpgt
                0x000000000001c4b8                __aeabi_fcmpge
 .text          0x000000000001c4cc       0x40 /Applications/yotta.app/Contents/Resources/prerequisites/gcc-arm-none-eabi-4_9-2015q3/bin/../lib/gcc/arm-none-eabi/4.9.3/armv6-m/libgcc.a(_aeabi_uldivmod.o)
                0x000000000001c4cc                __aeabi_uldivmod
 .text          0x000000000001c50c       0x6c /Applications/yotta.app/Contents/Resources/prerequisites/gcc-arm-none-eabi-4_9-2015q3/bin/../lib/gcc/arm-none-eabi/4.9.3/armv6-m/libgcc.a(bpabi.o)
                0x000000000001c50c                __gnu_ldivmod_helper
                0x000000000001c544                __gnu_uldivmod_helper
 .text          0x000000000001c578      0x270 /Applications/yotta.app/Contents/Resources/prerequisites/gcc-arm-none-eabi-4_9-2015q3/bin/../lib/gcc/arm-none-eabi/4.9.3/armv6-m/libgcc.a(divsf3.o)
                0x000000000001c578                __aeabi_fdiv
 .text          0x000000000001c7e8       0x54 /Applications/yotta.app/Contents/Resources/prerequisites/gcc-arm-none-eabi-4_9-2015q3/bin/../lib/gcc/arm-none-eabi/4.9.3/armv6-m/libgcc.a(eqsf2.o)
                0x000000000001c7e8                __nesf2
                0x000000000001c7e8                __eqsf2
 .text          0x000000000001c83c       0x94 /Applications/yotta.app/Contents/Resources/prerequisites/gcc-arm-none-eabi-4_9-2015q3/bin/../lib/gcc/arm-none-eabi/4.9.3/armv6-m/libgcc.a(gesf2.o)
                0x000000000001c83c                __gtsf2
                0x000000000001c83c                __gesf2
 .text          0x000000000001c8d0       0x8c /Applications/yotta.app/Contents/Resources/prerequisites/gcc-arm-none-eabi-4_9-2015q3/bin/../lib/gcc/arm-none-eabi/4.9.3/armv6-m/libgcc.a(lesf2.o)
                0x000000000001c8d0                __lesf2
                0x000000000001c8d0                __ltsf2
 .text          0x000000000001c95c      0x264 /Applications/yotta.app/Contents/Resources/prerequisites/gcc-arm-none-eabi-4_9-2015q3/bin/../lib/gcc/arm-none-eabi/4.9.3/armv6-m/libgcc.a(mulsf3.o)
                0x000000000001c95c                __aeabi_fmul
 .text          0x000000000001cbc0      0x2fc /Applications/yotta.app/Contents/Resources/prerequisites/gcc-arm-none-eabi-4_9-2015q3/bin/../lib/gcc/arm-none-eabi/4.9.3/armv6-m/libgcc.a(subsf3.o)
                0x000000000001cbc0                __aeabi_fsub
 .text          0x000000000001cebc       0x40 /Applications/yotta.app/Contents/Resources/prerequisites/gcc-arm-none-eabi-4_9-2015q3/bin/../lib/gcc/arm-none-eabi/4.9.3/armv6-m/libgcc.a(fixsfsi.o)
                0x000000000001cebc                __aeabi_f2iz
 .text          0x000000000001cefc       0x90 /Applications/yotta.app/Contents/Resources/prerequisites/gcc-arm-none-eabi-4_9-2015q3/bin/../lib/gcc/arm-none-eabi/4.9.3/armv6-m/libgcc.a(floatsisf.o)
                0x000000000001cefc                __aeabi_i2f
 .text          0x000000000001cf8c      0x648 /Applications/yotta.app/Contents/Resources/prerequisites/gcc-arm-none-eabi-4_9-2015q3/bin/../lib/gcc/arm-none-eabi/4.9.3/armv6-m/libgcc.a(divdf3.o)
                0x000000000001cf8c                __aeabi_ddiv
 .text          0x000000000001d5d4       0xa8 /Applications/yotta.app/Contents/Resources/prerequisites/gcc-arm-none-eabi-4_9-2015q3/bin/../lib/gcc/arm-none-eabi/4.9.3/armv6-m/libgcc.a(extendsfdf2.o)
                0x000000000001d5d4                __aeabi_f2d
 .text          0x000000000001d67c      0x120 /Applications/yotta.app/Contents/Resources/prerequisites/gcc-arm-none-eabi-4_9-2015q3/bin/../lib/gcc/arm-none-eabi/4.9.3/armv6-m/libgcc.a(truncdfsf2.o)
                0x000000000001d67c                __aeabi_d2f
 .text          0x000000000001d79c       0x3c /Applications/yotta.app/Contents/Resources/prerequisites/gcc-arm-none-eabi-4_9-2015q3/bin/../lib/gcc/arm-none-eabi/4.9.3/armv6-m/libgcc.a(_clzsi2.o)
                0x000000000001d79c                __clzsi2
 .text          0x000000000001d7d8       0x54 /Applications/yotta.app/Contents/Resources/prerequisites/gcc-arm-none-eabi-4_9-2015q3/bin/../lib/gcc/arm-none-eabi/4.9.3/armv6-m/libgcc.a(_muldi3.o)
                0x000000000001d7d8                __aeabi_lmul
                0x000000000001d7d8                __muldi3
 .text          0x000000000001d82c      0x1f0 /Applications/yotta.app/Contents/Resources/prerequisites/gcc-arm-none-eabi-4_9-2015q3/bin/../lib/gcc/arm-none-eabi/4.9.3/armv6-m/libgcc.a(_divdi3.o)
                0x000000000001d82c                __divdi3
 .text          0x000000000001da1c      0x158 /Applications/yotta.app/Contents/Resources/prerequisites/gcc-arm-none-eabi-4_9-2015q3/bin/../lib/gcc/arm-none-eabi/4.9.3/armv6-m/libgcc.a(_udivdi3.o)
                0x000000000001da1c                __udivdi3
 .text          0x000000000001db74       0x18 /Applications/yotta.app/Contents/Resources/prerequisites/gcc-arm-none-eabi-4_9-2015q3/bin/../lib/gcc/arm-none-eabi/4.9.3/armv6-m/libgcc.a(_clzdi2.o)
                0x000000000001db74                __clzdi2
 .text.sqrtf    0x000000000001db8c       0xac /Applications/yotta.app/Contents/Resources/prerequisites/gcc-arm-none-eabi-4_9-2015q3/bin/../lib/gcc/arm-none-eabi/4.9.3/../../../../arm-none-eabi/lib/armv6-m/libm.a(lib_a-wf_sqrt.o)
                0x000000000001db8c                sqrtf
 .text.__ieee754_sqrtf
                0x000000000001dc38       0xb8 /Applications/yotta.app/Contents/Resources/prerequisites/gcc-arm-none-eabi-4_9-2015q3/bin/../lib/gcc/arm-none-eabi/4.9.3/../../../../arm-none-eabi/lib/armv6-m/libm.a(lib_a-ef_sqrt.o)
                0x000000000001dc38                __ieee754_sqrtf
 .text.matherr  0x000000000001dcf0        0x4 /Applications/yotta.app/Contents/Resources/prerequisites/gcc-arm-none-eabi-4_9-2015q3/bin/../lib/gcc/arm-none-eabi/4.9.3/../../../../arm-none-eabi/lib/armv6-m/libm.a(lib_a-s_matherr.o)
                0x000000000001dcf0                matherr
 .text.__fpclassifyf
                0x000000000001dcf4       0x40 /Applications/yotta.app/Contents/Resources/prerequisites/gcc-arm-none-eabi-4_9-2015q3/bin/../lib/gcc/arm-none-eabi/4.9.3/../../../../arm-none-eabi/lib/armv6-m/libm.a(lib_a-sf_fpclassify.o)
                0x000000000001dcf4                __fpclassifyf
 .text.__cxa_atexit
                0x000000000001dd34       0x1c /Applications/yotta.app/Contents/Resources/prerequisites/gcc-arm-none-eabi-4_9-2015q3/bin/../lib/gcc/arm-none-eabi/4.9.3/../../../../arm-none-eabi/lib/armv6-m/libc_nano.a(lib_a-cxa_atexit.o)
                0x000000000001dd34                __cxa_atexit
 .text.__errno  0x000000000001dd50        0xc /Applications/yotta.app/Contents/Resources/prerequisites/gcc-arm-none-eabi-4_9-2015q3/bin/../lib/gcc/arm-none-eabi/4.9.3/../../../../arm-none-eabi/lib/armv6-m/libc_nano.a(lib_a-errno.o)
                0x000000000001dd50                __errno
 .text.exit     0x000000000001dd5c       0x2c /Applications/yotta.app/Contents/Resources/prerequisites/gcc-arm-none-eabi-4_9-2015q3/bin/../lib/gcc/arm-none-eabi/4.9.3/../../../../arm-none-eabi/lib/armv6-m/libc_nano.a(lib_a-exit.o)
                0x000000000001dd5c                exit
 .text.__libc_init_array
                0x000000000001dd88       0x4c /Applications/yotta.app/Contents/Resources/prerequisites/gcc-arm-none-eabi-4_9-2015q3/bin/../lib/gcc/arm-none-eabi/4.9.3/../../../../arm-none-eabi/lib/armv6-m/libc_nano.a(lib_a-init.o)
                0x000000000001dd88                __libc_init_array
 .text.malloc   0x000000000001ddd4       0x14 /Applications/yotta.app/Contents/Resources/prerequisites/gcc-arm-none-eabi-4_9-2015q3/bin/../lib/gcc/arm-none-eabi/4.9.3/../../../../arm-none-eabi/lib/armv6-m/libc_nano.a(lib_a-malloc.o)
                0x000000000001ddd4                malloc
 .text.free     0x000000000001dde8       0x14 /Applications/yotta.app/Contents/Resources/prerequisites/gcc-arm-none-eabi-4_9-2015q3/bin/../lib/gcc/arm-none-eabi/4.9.3/../../../../arm-none-eabi/lib/armv6-m/libc_nano.a(lib_a-malloc.o)
                0x000000000001dde8                free
 .text._free_r  0x000000000001ddfc       0x8c /Applications/yotta.app/Contents/Resources/prerequisites/gcc-arm-none-eabi-4_9-2015q3/bin/../lib/gcc/arm-none-eabi/4.9.3/../../../../arm-none-eabi/lib/armv6-m/libc_nano.a(lib_a-nano-freer.o)
                0x000000000001ddfc                _free_r
 .text._malloc_r
                0x000000000001de88       0xb0 /Applications/yotta.app/Contents/Resources/prerequisites/gcc-arm-none-eabi-4_9-2015q3/bin/../lib/gcc/arm-none-eabi/4.9.3/../../../../arm-none-eabi/lib/armv6-m/libc_nano.a(lib_a-nano-mallocr.o)
                0x000000000001de88                _malloc_r
 .text._sbrk_r  0x000000000001df38       0x24 /Applications/yotta.app/Contents/Resources/prerequisites/gcc-arm-none-eabi-4_9-2015q3/bin/../lib/gcc/arm-none-eabi/4.9.3/../../../../arm-none-eabi/lib/armv6-m/libc_nano.a(lib_a-sbrkr.o)
                0x000000000001df38                _sbrk_r
 .text.raise    0x000000000001df5c       0x14 /Applications/yotta.app/Contents/Resources/prerequisites/gcc-arm-none-eabi-4_9-2015q3/bin/../lib/gcc/arm-none-eabi/4.9.3/../../../../arm-none-eabi/lib/armv6-m/libc_nano.a(lib_a-signal.o)
                0x000000000001df5c                raise
 .text._kill_r  0x000000000001df70       0x24 /Applications/yotta.app/Contents/Resources/prerequisites/gcc-arm-none-eabi-4_9-2015q3/bin/../lib/gcc/arm-none-eabi/4.9.3/../../../../arm-none-eabi/lib/armv6-m/libc_nano.a(lib_a-signalr.o)
                0x000000000001df70                _kill_r
 .text.vsnprintf
                0x000000000001df94       0x20 /Applications/yotta.app/Contents/Resources/prerequisites/gcc-arm-none-eabi-4_9-2015q3/bin/../lib/gcc/arm-none-eabi/4.9.3/../../../../arm-none-eabi/lib/armv6-m/libc_nano.a(lib_a-vsnprintf.o)
                0x000000000001df94                vsnprintf
                0x000000000001df94                vsniprintf
 .text._vsprintf_r
                0x000000000001dfb4       0x30 /Applications/yotta.app/Contents/Resources/prerequisites/gcc-arm-none-eabi-4_9-2015q3/bin/../lib/gcc/arm-none-eabi/4.9.3/../../../../arm-none-eabi/lib/armv6-m/libc_nano.a(lib_a-vsprintf.o)
                0x000000000001dfb4                _vsiprintf_r
                0x000000000001dfb4                _vsprintf_r
 .text.vsprintf
                0x000000000001dfe4       0x1c /Applications/yotta.app/Contents/Resources/prerequisites/gcc-arm-none-eabi-4_9-2015q3/bin/../lib/gcc/arm-none-eabi/4.9.3/../../../../arm-none-eabi/lib/armv6-m/libc_nano.a(lib_a-vsprintf.o)
                0x000000000001dfe4                vsprintf
                0x000000000001dfe4                vsiprintf
 .text.__ssputs_r
                0x000000000001e000       0xc0 /Applications/yotta.app/Contents/Resources/prerequisites/gcc-arm-none-eabi-4_9-2015q3/bin/../lib/gcc/arm-none-eabi/4.9.3/../../../../arm-none-eabi/lib/armv6-m/libc_nano.a(lib_a-nano-svfprintf.o)
                0x000000000001e000                __ssputs_r
 .text._svfprintf_r
                0x000000000001e0c0      0x1ec /Applications/yotta.app/Contents/Resources/prerequisites/gcc-arm-none-eabi-4_9-2015q3/bin/../lib/gcc/arm-none-eabi/4.9.3/../../../../arm-none-eabi/lib/armv6-m/libc_nano.a(lib_a-nano-svfprintf.o)
                0x000000000001e0c0                _svfprintf_r
                0x000000000001e0c0                _svfiprintf_r
 .text._printf_i
                0x000000000001e2ac      0x230 /Applications/yotta.app/Contents/Resources/prerequisites/gcc-arm-none-eabi-4_9-2015q3/bin/../lib/gcc/arm-none-eabi/4.9.3/../../../../arm-none-eabi/lib/armv6-m/libc_nano.a(lib_a-nano-vfprintf_i.o)
                0x000000000001e2ac                _printf_i
 .text          0x000000000001e4dc      0x2f8 /Applications/yotta.app/Contents/Resources/prerequisites/gcc-arm-none-eabi-4_9-2015q3/bin/../lib/gcc/arm-none-eabi/4.9.3/armv6-m/libgcc.a(addsf3.o)
                0x000000000001e4dc                __aeabi_fadd
 .text._getpid  0x000000000001e7d4       0x10 /Applications/yotta.app/Contents/Resources/prerequisites/gcc-arm-none-eabi-4_9-2015q3/bin/../lib/gcc/arm-none-eabi/4.9.3/../../../../arm-none-eabi/lib/armv6-m/libnosys.a(getpid.o)
                0x000000000001e7d4                _getpid
 .text._kill    0x000000000001e7e4       0x10 /Applications/yotta.app/Contents/Resources/prerequisites/gcc-arm-none-eabi-4_9-2015q3/bin/../lib/gcc/arm-none-eabi/4.9.3/../../../../arm-none-eabi/lib/armv6-m/libnosys.a(kill.o)
                0x000000000001e7e4                _kill
 .text._ZN17MicroBitComponent10systemTickEv
                0x000000000001e7f4        0x2 source/CMakeFiles/bitscratch-vm.dir/Users/brian/files/projects/microbitscratch/bitscratch-vm/source/MicroBitTicker.cpp.o
                0x000000000001e7f4                MicroBitComponent::systemTick()
 .text._ZN17MicroBitComponent8idleTickEv
                0x000000000001e7f6        0x2 source/CMakeFiles/bitscratch-vm.dir/Users/brian/files/projects/microbitscratch/bitscratch-vm/source/MicroBitTicker.cpp.o
                0x000000000001e7f6                MicroBitComponent::idleTick()
 .text._ZN14MicroBitTickerD0Ev
                0x000000000001e7f8       0x12 source/CMakeFiles/bitscratch-vm.dir/Users/brian/files/projects/microbitscratch/bitscratch-vm/source/MicroBitTicker.cpp.o
                0x000000000001e7f8                MicroBitTicker::~MicroBitTicker()
 .text._Z9eval_donev
                0x000000000001e80a        0x2 source/CMakeFiles/bitscratch-vm.dir/Users/brian/files/projects/microbitscratch/bitscratch-vm/source/vm.cpp.o
                0x000000000001e80a                eval_done()
 .text._Z10prim_clearv
                0x000000000001e80c        0x8 source/CMakeFiles/bitscratch-vm.dir/Users/brian/files/projects/microbitscratch/bitscratch-vm/source/vm.cpp.o
                0x000000000001e80c                prim_clear()
 .text._Z14prim_nextshapev
                0x000000000001e814        0x8 source/CMakeFiles/bitscratch-vm.dir/Users/brian/files/projects/microbitscratch/bitscratch-vm/source/vm.cpp.o
                0x000000000001e814                prim_nextshape()
 .text._Z11prim_resettv
                0x000000000001e81c        0x8 source/CMakeFiles/bitscratch-vm.dir/Users/brian/files/projects/microbitscratch/bitscratch-vm/source/vm.cpp.o
                0x000000000001e81c                prim_resett()
 .text._ZN4mbed10SerialBaseD2Ev
                0x000000000001e824        0x2 source/CMakeFiles/bitscratch-vm.dir/Users/brian/files/projects/microbitscratch/bitscratch-vm/source/main.cpp.o
                0x000000000001e824                mbed::SerialBase::~SerialBase()
                0x000000000001e824                mbed::SerialBase::~SerialBase()
 .text._ZN4mbed9RawSerialD2Ev
                0x000000000001e826        0x2 source/CMakeFiles/bitscratch-vm.dir/Users/brian/files/projects/microbitscratch/bitscratch-vm/source/main.cpp.o
                0x000000000001e826                mbed::RawSerial::~RawSerial()
                0x000000000001e826                mbed::RawSerial::~RawSerial()
 .text._ZN4mbed9RawSerialD0Ev
                0x000000000001e828        0xc source/CMakeFiles/bitscratch-vm.dir/Users/brian/files/projects/microbitscratch/bitscratch-vm/source/main.cpp.o
                0x000000000001e828                mbed::RawSerial::~RawSerial()
 .text._ZN4mbed10SerialBaseD0Ev
                0x000000000001e834        0xc source/CMakeFiles/bitscratch-vm.dir/Users/brian/files/projects/microbitscratch/bitscratch-vm/source/main.cpp.o
                0x000000000001e834                mbed::SerialBase::~SerialBase()
 .text._ZN14MicroBitSerialD0Ev
                0x000000000001e840       0x12 source/CMakeFiles/bitscratch-vm.dir/Users/brian/files/projects/microbitscratch/bitscratch-vm/source/main.cpp.o
                0x000000000001e840                MicroBitSerial::~MicroBitSerial()
 .text._Z6read16v
                0x000000000001e852       0x12 source/CMakeFiles/bitscratch-vm.dir/Users/brian/files/projects/microbitscratch/bitscratch-vm/source/main.cpp.o
                0x000000000001e852                read16()
 .text._Z6read32v
                0x000000000001e864       0x26 source/CMakeFiles/bitscratch-vm.dir/Users/brian/files/projects/microbitscratch/bitscratch-vm/source/main.cpp.o
                0x000000000001e864                read32()
 .text._Z10readmemoryv
                0x000000000001e88a       0x1e source/CMakeFiles/bitscratch-vm.dir/Users/brian/files/projects/microbitscratch/bitscratch-vm/source/main.cpp.o
                0x000000000001e88a                readmemory()
 .text._Z11writememoryv
                0x000000000001e8a8       0x22 source/CMakeFiles/bitscratch-vm.dir/Users/brian/files/projects/microbitscratch/bitscratch-vm/source/main.cpp.o
                0x000000000001e8a8                writememory()
 .text._Z11setshapecmdv
                0x000000000001e8ca       0x2e source/CMakeFiles/bitscratch-vm.dir/Users/brian/files/projects/microbitscratch/bitscratch-vm/source/main.cpp.o
                0x000000000001e8ca                setshapecmd()
 .text._Z8dispatchh
                0x000000000001e8f8       0x62 source/CMakeFiles/bitscratch-vm.dir/Users/brian/files/projects/microbitscratch/bitscratch-vm/source/main.cpp.o
                0x000000000001e8f8                dispatch(unsigned char)
 .text._ZN13MicroBitRadioD2Ev
                0x000000000001e95a        0x2 source/CMakeFiles/bitscratch-vm.dir/Users/brian/files/projects/microbitscratch/bitscratch-vm/source/lib.cpp.o
                0x000000000001e95a                MicroBitRadio::~MicroBitRadio()
                0x000000000001e95a                MicroBitRadio::~MicroBitRadio()
 .text._Z5mwaitl.part.0
                0x000000000001e95c       0x24 source/CMakeFiles/bitscratch-vm.dir/Users/brian/files/projects/microbitscratch/bitscratch-vm/source/lib.cpp.o
 .text._Z5ddotsPh
                0x000000000001e980       0x16 source/CMakeFiles/bitscratch-vm.dir/Users/brian/files/projects/microbitscratch/bitscratch-vm/source/lib.cpp.o
                0x000000000001e980                ddots(unsigned char*)
 .text._Z10lib_randomll
                0x000000000001e996       0x10 source/CMakeFiles/bitscratch-vm.dir/Users/brian/files/projects/microbitscratch/bitscratch-vm/source/lib.cpp.o
                0x000000000001e996                lib_random(long, long)
 .text._Z3nowv  0x000000000001e9a6        0x8 source/CMakeFiles/bitscratch-vm.dir/Users/brian/files/projects/microbitscratch/bitscratch-vm/source/lib.cpp.o
                0x000000000001e9a6                now()
 .text._Z7buf_avePs
                0x000000000001e9ae       0x1e source/CMakeFiles/bitscratch-vm.dir/Users/brian/files/projects/microbitscratch/bitscratch-vm/source/lib.cpp.o
                0x000000000001e9ae                buf_ave(short*)
 .text._ZN13MicroBitRadioD0Ev
                0x000000000001e9cc        0xc source/CMakeFiles/bitscratch-vm.dir/Users/brian/files/projects/microbitscratch/bitscratch-vm/source/lib.cpp.o
                0x000000000001e9cc                MicroBitRadio::~MicroBitRadio()
 .text._ZL30sd_rand_application_vector_getPhh
                0x000000000001e9d8        0x4 ym/microbit-dal/source/microbit-dal.a(MicroBitDevice.cpp.o)
 .text._ZL24sd_softdevice_is_enabledPh
                0x000000000001e9dc        0x4 ym/microbit-dal/source/microbit-dal.a(MicroBitDevice.cpp.o)
 .text._Z11ble_runningv
                0x000000000001e9e0       0x1c ym/microbit-dal/source/microbit-dal.a(MicroBitDevice.cpp.o)
                0x000000000001e9e0                ble_running()
 .text._ZN27MicroBitSystemTimerCallback10systemTickEv
                0x000000000001e9fc        0x8 ym/microbit-dal/source/microbit-dal.a(MicroBitFiber.cpp.o)
                0x000000000001e9fc                MicroBitSystemTimerCallback::systemTick()
 .text._ZN27MicroBitSystemTimerCallbackD2Ev
                0x000000000001ea04        0x2 ym/microbit-dal/source/microbit-dal.a(MicroBitFiber.cpp.o)
                0x000000000001ea04                MicroBitSystemTimerCallback::~MicroBitSystemTimerCallback()
                0x000000000001ea04                MicroBitSystemTimerCallback::~MicroBitSystemTimerCallback()
 .text._ZN27MicroBitSystemTimerCallbackD0Ev
                0x000000000001ea06        0xc ym/microbit-dal/source/microbit-dal.a(MicroBitFiber.cpp.o)
                0x000000000001ea06                MicroBitSystemTimerCallback::~MicroBitSystemTimerCallback()
 .text._Z11queue_fiberP5FiberPS0_
                0x000000000001ea12       0x26 ym/microbit-dal/source/microbit-dal.a(MicroBitFiber.cpp.o)
                0x000000000001ea12                queue_fiber(Fiber*, Fiber**)
 .text._Z13dequeue_fiberP5Fiber
                0x000000000001ea38       0x2e ym/microbit-dal/source/microbit-dal.a(MicroBitFiber.cpp.o)
                0x000000000001ea38                dequeue_fiber(Fiber*)
 .text._Z12create_fiberPFvPvES_S1_
                0x000000000001ea66       0x1e ym/microbit-dal/source/microbit-dal.a(MicroBitFiber.cpp.o)
                0x000000000001ea66                create_fiber(void (*)(void*), void*, void (*)(void*))
 .text._Z17verify_stack_sizeP5Fiber
                0x000000000001ea84       0x32 ym/microbit-dal/source/microbit-dal.a(MicroBitFiber.cpp.o)
                0x000000000001ea84                verify_stack_size(Fiber*)
 .text._Z20fiber_wait_for_eventtt
                0x000000000001eab6       0x12 ym/microbit-dal/source/microbit-dal.a(MicroBitFiber.cpp.o)
                0x000000000001eab6                fiber_wait_for_event(unsigned short, unsigned short)
 .text._Z16launch_new_fiberPFvvES0_
                0x000000000001eac8        0xe ym/microbit-dal/source/microbit-dal.a(MicroBitFiber.cpp.o)
                0x000000000001eac8                launch_new_fiber(void (*)(), void (*)())
 .text._Z13release_fiberPv
                0x000000000001ead6       0x10 ym/microbit-dal/source/microbit-dal.a(MicroBitFiber.cpp.o)
                0x000000000001ead6                release_fiber(void*)
 .text._Z22launch_new_fiber_paramPFvPvES1_S_
                0x000000000001eae6       0x18 ym/microbit-dal/source/microbit-dal.a(MicroBitFiber.cpp.o)
                0x000000000001eae6                launch_new_fiber_param(void (*)(void*), void (*)(void*), void*)
 .text._Z9idle_taskv
                0x000000000001eafe        0xc ym/microbit-dal/source/microbit-dal.a(MicroBitFiber.cpp.o)
                0x000000000001eafe                idle_task()
 .text._ZN12MicroBitFontC2EPKhi
                0x000000000001eb0a        0x6 ym/microbit-dal/source/microbit-dal.a(MicroBitFont.cpp.o)
                0x000000000001eb0a                MicroBitFont::MicroBitFont(unsigned char const*, int)
                0x000000000001eb0a                MicroBitFont::MicroBitFont(unsigned char const*, int)
 .text._Z15microbit_mallocjR14HeapDefinition
                0x000000000001eb10       0x82 ym/microbit-dal/source/microbit-dal.a(MicroBitHeapAllocator.cpp.o)
                0x000000000001eb10                microbit_malloc(unsigned int, HeapDefinition&)
 .text._ZN16MicroBitListenerC2EttPFv13MicroBitEventEt
                0x000000000001eb92       0x2e ym/microbit-dal/source/microbit-dal.a(MicroBitListener.cpp.o)
                0x000000000001eb92                MicroBitListener::MicroBitListener(unsigned short, unsigned short, void (*)(MicroBitEvent), unsigned short)
                0x000000000001eb92                MicroBitListener::MicroBitListener(unsigned short, unsigned short, void (*)(MicroBitEvent), unsigned short)
 .text._ZN16MicroBitListenerD2Ev
                0x000000000001ebc0       0x14 ym/microbit-dal/source/microbit-dal.a(MicroBitListener.cpp.o)
                0x000000000001ebc0                MicroBitListener::~MicroBitListener()
                0x000000000001ebc0                MicroBitListener::~MicroBitListener()
 .text._ZN16MicroBitListener5queueE13MicroBitEvent
                0x000000000001ebd4       0x80 ym/microbit-dal/source/microbit-dal.a(MicroBitListener.cpp.o)
                0x000000000001ebd4                MicroBitListener::queue(MicroBitEvent)
 .text._ZN13ManagedStringD2Ev
                0x000000000001ec54        0xe ym/microbit-dal/source/microbit-dal.a(ManagedString.cpp.o)
                0x000000000001ec54                ManagedString::~ManagedString()
                0x000000000001ec54                ManagedString::~ManagedString()
 .text._ZN13ManagedString6charAtEs
                0x000000000001ec62       0x1a ym/microbit-dal/source/microbit-dal.a(ManagedString.cpp.o)
                0x000000000001ec62                ManagedString::charAt(short)
 .text._ZN13MicroBitEventC2Ev
                0x000000000001ec7c       0x16 ym/microbit-dal/source/microbit-dal.a(MicroBitEvent.cpp.o)
                0x000000000001ec7c                MicroBitEvent::MicroBitEvent()
                0x000000000001ec7c                MicroBitEvent::MicroBitEvent()
 .text._ZN13MicroBitEventC2Ett23MicroBitEventLaunchMode
                0x000000000001ec92       0x20 ym/microbit-dal/source/microbit-dal.a(MicroBitEvent.cpp.o)
                0x000000000001ec92                MicroBitEvent::MicroBitEvent(unsigned short, unsigned short, MicroBitEventLaunchMode)
                0x000000000001ec92                MicroBitEvent::MicroBitEvent(unsigned short, unsigned short, MicroBitEventLaunchMode)
 .text._ZN22MicroBitEventQueueItemC2E13MicroBitEvent
                0x000000000001ecb2       0x26 ym/microbit-dal/source/microbit-dal.a(MicroBitEvent.cpp.o)
                0x000000000001ecb2                MicroBitEventQueueItem::MicroBitEventQueueItem(MicroBitEvent)
                0x000000000001ecb2                MicroBitEventQueueItem::MicroBitEventQueueItem(MicroBitEvent)
 .text._ZN12PacketBufferD2Ev
                0x000000000001ecd8        0xe ym/microbit-dal/source/microbit-dal.a(PacketBuffer.cpp.o)
                0x000000000001ecd8                PacketBuffer::~PacketBuffer()
                0x000000000001ecd8                PacketBuffer::~PacketBuffer()
 .text._ZN12PacketBuffer4initEPhii
                0x000000000001ece6       0x34 ym/microbit-dal/source/microbit-dal.a(PacketBuffer.cpp.o)
                0x000000000001ece6                PacketBuffer::init(unsigned char*, int, int)
 .text._ZN12PacketBufferC2Ei
                0x000000000001ed1a       0x12 ym/microbit-dal/source/microbit-dal.a(PacketBuffer.cpp.o)
                0x000000000001ed1a                PacketBuffer::PacketBuffer(int)
                0x000000000001ed1a                PacketBuffer::PacketBuffer(int)
 .text._ZN10RefCounted4initEv
                0x000000000001ed2c        0x6 ym/microbit-dal/source/microbit-dal.a(RefCounted.cpp.o)
                0x000000000001ed2c                RefCounted::init()
 .text._ZN10RefCounted4incrEv
                0x000000000001ed32       0x14 ym/microbit-dal/source/microbit-dal.a(RefCounted.cpp.o)
                0x000000000001ed32                RefCounted::incr()
 .text._ZN10RefCounted4decrEv
                0x000000000001ed46       0x20 ym/microbit-dal/source/microbit-dal.a(RefCounted.cpp.o)
                0x000000000001ed46                RefCounted::decr()
 .text._ZN21MicroBitAccelerometerD0Ev
                0x000000000001ed66       0x12 ym/microbit-dal/source/microbit-dal.a(MicroBitAccelerometer.cpp.o)
                0x000000000001ed66                MicroBitAccelerometer::~MicroBitAccelerometer()
 .text._ZN21MicroBitAccelerometer12writeCommandEhh