Archive member included because of file (symbol)

ym/microbit-dal/source/microbit-dal.a(MicroBitFiber.cpp.o)
                              source/CMakeFiles/bitlogo-vm.dir/Users/brian/files/projects/microbitlogo/bitlogo-vm/source/main.cpp.o (scheduler_init(EventModel&))
ym/microbit-dal/source/microbit-dal.a(MicroBitFont.cpp.o)
                              source/CMakeFiles/bitlogo-vm.dir/Users/brian/files/projects/microbitlogo/bitlogo-vm/source/lib.cpp.o (MicroBitFont::MicroBitFont(unsigned char const*, int))
ym/microbit-dal/source/microbit-dal.a(MicroBitHeapAllocator.cpp.o)
                              ym/microbit-dal/source/microbit-dal.a(MicroBitFiber.cpp.o) (microbit_malloc(unsigned int))
ym/microbit-dal/source/microbit-dal.a(MicroBitListener.cpp.o)
                              ym/microbit-dal/source/microbit-dal.a(MicroBitFiber.cpp.o) (MicroBitListener::MicroBitListener(unsigned short, unsigned short, void (*)(MicroBitEvent), unsigned short))
ym/microbit-dal/source/microbit-dal.a(MicroBitSystemTimer.cpp.o)
                              source/CMakeFiles/bitlogo-vm.dir/Users/brian/files/projects/microbitlogo/bitlogo-vm/source/lib.cpp.o (system_timer_current_time())
ym/microbit-dal/source/microbit-dal.a(ManagedString.cpp.o)
                              source/CMakeFiles/bitlogo-vm.dir/Users/brian/files/projects/microbitlogo/bitlogo-vm/source/lib.cpp.o (ManagedString::~ManagedString())
ym/microbit-dal/source/microbit-dal.a(MicroBitEvent.cpp.o)
                              ym/microbit-dal/source/microbit-dal.a(MicroBitListener.cpp.o) (MicroBitEvent::MicroBitEvent())
ym/microbit-dal/source/microbit-dal.a(PacketBuffer.cpp.o)
                              ym/microbit-dal/source/microbit-dal.a(ManagedString.cpp.o) (PacketBuffer::getBytes())
ym/microbit-dal/source/microbit-dal.a(RefCounted.cpp.o)
                              ym/microbit-dal/source/microbit-dal.a(ManagedString.cpp.o) (RefCounted::init())
ym/microbit-dal/source/microbit-dal.a(MicroBitAccelerometer.cpp.o)
                              source/CMakeFiles/bitlogo-vm.dir/Users/brian/files/projects/microbitlogo/bitlogo-vm/source/lib.cpp.o (MicroBitAccelerometer::~MicroBitAccelerometer())
ym/microbit-dal/source/microbit-dal.a(MicroBitButton.cpp.o)
                              source/CMakeFiles/bitlogo-vm.dir/Users/brian/files/projects/microbitlogo/bitlogo-vm/source/lib.cpp.o (MicroBitButton::~MicroBitButton())
ym/microbit-dal/source/microbit-dal.a(MicroBitDisplay.cpp.o)
                              source/CMakeFiles/bitlogo-vm.dir/Users/brian/files/projects/microbitlogo/bitlogo-vm/source/lib.cpp.o (MicroBitDisplay::~MicroBitDisplay())
ym/microbit-dal/source/microbit-dal.a(MicroBitI2C.cpp.o)
                              source/CMakeFiles/bitlogo-vm.dir/Users/brian/files/projects/microbitlogo/bitlogo-vm/source/lib.cpp.o (MicroBitI2C::MicroBitI2C(PinName, PinName))
ym/microbit-dal/source/microbit-dal.a(MicroBitLightSensor.cpp.o)
                              ym/microbit-dal/source/microbit-dal.a(MicroBitDisplay.cpp.o) (MicroBitLightSensor::read())
ym/microbit-dal/source/microbit-dal.a(MicroBitMessageBus.cpp.o)
                              source/CMakeFiles/bitlogo-vm.dir/Users/brian/files/projects/microbitlogo/bitlogo-vm/source/main.cpp.o (MicroBitMessageBus::~MicroBitMessageBus())
ym/microbit-dal/source/microbit-dal.a(MicroBitRadio.cpp.o)
                              source/CMakeFiles/bitlogo-vm.dir/Users/brian/files/projects/microbitlogo/bitlogo-vm/source/lib.cpp.o (MicroBitRadio::MicroBitRadio(unsigned short))
ym/microbit-dal/source/microbit-dal.a(MicroBitRadioDatagram.cpp.o)
                              ym/microbit-dal/source/microbit-dal.a(MicroBitRadio.cpp.o) (MicroBitRadioDatagram::MicroBitRadioDatagram(MicroBitRadio&))
ym/microbit-dal/source/microbit-dal.a(MicroBitRadioEvent.cpp.o)
                              ym/microbit-dal/source/microbit-dal.a(MicroBitRadio.cpp.o) (MicroBitRadioEvent::MicroBitRadioEvent(MicroBitRadio&))
ym/microbit-dal/source/microbit-dal.a(MicroBitSerial.cpp.o)
                              source/CMakeFiles/bitlogo-vm.dir/Users/brian/files/projects/microbitlogo/bitlogo-vm/source/main.cpp.o (MicroBitSerial::baud(int))
ym/microbit-dal/source/microbit-dal.a(MicroBitStorage.cpp.o)
                              source/CMakeFiles/bitlogo-vm.dir/Users/brian/files/projects/microbitlogo/bitlogo-vm/source/lib.cpp.o (MicroBitStorage::flashPageErase(unsigned long*))
ym/microbit-dal/source/microbit-dal.a(MicroBitFlash.cpp.o)
                              source/CMakeFiles/bitlogo-vm.dir/Users/brian/files/projects/microbitlogo/bitlogo-vm/source/main.cpp.o (MicroBitFlash::MicroBitFlash())
ym/microbit-dal/source/microbit-dal.a(MicroBitBLEManager.cpp.o)
                              source/CMakeFiles/bitlogo-vm.dir/Users/brian/files/projects/microbitlogo/bitlogo-vm/source/main.cpp.o (MicroBitBLEManager::MicroBitBLEManager(MicroBitStorage&))
ym/microbit-dal/source/microbit-dal.a(CortexContextSwitch.s.obj)
[...]
Memory Configuration

Name             Origin             Length             Attributes
FLASH            0x0000000000018000 0x0000000000028000 xr
RAM              0x0000000020000100 0x0000000000003f00 xrw
*default*        0x0000000000000000 0xffffffffffffffff

Linker script and memory map

LOAD /Applications/yotta.app/Contents/Resources/prerequisites/gcc-arm-none-eabi-4_9-2015q3/bin/../lib/gcc/arm-none-eabi/4.9.3/armv6-m/crti.o
LOAD /Applications/yotta.app/Contents/Resources/prerequisites/gcc-arm-none-eabi-4_9-2015q3/bin/../lib/gcc/arm-none-eabi/4.9.3/armv6-m/crtbegin.o
LOAD /Applications/yotta.app/Contents/Resources/prerequisites/gcc-arm-none-eabi-4_9-2015q3/bin/../lib/gcc/arm-none-eabi/4.9.3/../../../../arm-none-eabi/lib/armv6-m/crt0.o
START GROUP
LOAD source/CMakeFiles/bitlogo-vm.dir/Users/brian/files/projects/microbitlogo/bitlogo-vm/source/lib.cpp.o
LOAD source/CMakeFiles/bitlogo-vm.dir/Users/brian/files/projects/microbitlogo/bitlogo-vm/source/main.cpp.o
LOAD source/CMakeFiles/bitlogo-vm.dir/Users/brian/files/projects/microbitlogo/bitlogo-vm/source/vm.cpp.o
LOAD source/CMakeFiles/bitlogo-vm.dir/Users/brian/files/projects/microbitlogo/bitlogo-vm/source/MicroBitTicker.cpp.o
LOAD source/CMakeFiles/bitlogo-vm.dir/Users/brian/files/projects/microbitlogo/bitlogo-vm/source/shapes.cpp.o
LOAD ym/microbit/source/microbit.a
LOAD ym/microbit-dal/source/microbit-dal.a
LOAD ym/ble/source/ble.a
LOAD ym/ble-nrf51822/source/ble-nrf51822.a
LOAD ym/ble/source/ble.a
LOAD ym/ble-nrf51822/source/ble-nrf51822.a
LOAD ym/nrf51-sdk/source/nrf51-sdk.a
LOAD ym/mbed-classic/existing/mbed-classic.a
LOAD /Applications/yotta.app/Contents/Resources/prerequisites/gcc-arm-none-eabi-4_9-2015q3/bin/../lib/gcc/arm-none-eabi/4.9.3/../../../../arm-none-eabi/lib/armv6-m/libnosys.a
LOAD /Applications/yotta.app/Contents/Resources/prerequisites/gcc-arm-none-eabi-4_9-2015q3/bin/../lib/gcc/arm-none-eabi/4.9.3/../../../../arm-none-eabi/lib/armv6-m/libstdc++_nano.a
LOAD /Applications/yotta.app/Contents/Resources/prerequisites/gcc-arm-none-eabi-4_9-2015q3/bin/../lib/gcc/arm-none-eabi/4.9.3/../../../../arm-none-eabi/lib/armv6-m/libsupc++_nano.a
LOAD /Applications/yotta.app/Contents/Resources/prerequisites/gcc-arm-none-eabi-4_9-2015q3/bin/../lib/gcc/arm-none-eabi/4.9.3/armv6-m/libgcc.a
LOAD /Applications/yotta.app/Contents/Resources/prerequisites/gcc-arm-none-eabi-4_9-2015q3/bin/../lib/gcc/arm-none-eabi/4.9.3/../../../../arm-none-eabi/lib/armv6-m/libstdc++_nano.a
LOAD /Applications/yotta.app/Contents/Resources/prerequisites/gcc-arm-none-eabi-4_9-2015q3/bin/../lib/gcc/arm-none-eabi/4.9.3/../../../../arm-none-eabi/lib/armv6-m/libsupc++_nano.a
LOAD /Applications/yotta.app/Contents/Resources/prerequisites/gcc-arm-none-eabi-4_9-2015q3/bin/../lib/gcc/arm-none-eabi/4.9.3/../../../../arm-none-eabi/lib/armv6-m/libm.a
LOAD /Applications/yotta.app/Contents/Resources/prerequisites/gcc-arm-none-eabi-4_9-2015q3/bin/../lib/gcc/arm-none-eabi/4.9.3/../../../../arm-none-eabi/lib/armv6-m/libc_nano.a
LOAD /Applications/yotta.app/Contents/Resources/prerequisites/gcc-arm-none-eabi-4_9-2015q3/bin/../lib/gcc/arm-none-eabi/4.9.3/armv6-m/libgcc.a
END GROUP
LOAD /Applications/yotta.app/Contents/Resources/prerequisites/gcc-arm-none-eabi-4_9-2015q3/bin/../lib/gcc/arm-none-eabi/4.9.3/../../../../arm-none-eabi/lib/armv6-m/libstdc++_nano.a
LOAD /Applications/yotta.app/Contents/Resources/prerequisites/gcc-arm-none-eabi-4_9-2015q3/bin/../lib/gcc/arm-none-eabi/4.9.3/../../../../arm-none-eabi/lib/armv6-m/libm.a
LOAD /Applications/yotta.app/Contents/Resources/prerequisites/gcc-arm-none-eabi-4_9-2015q3/bin/../lib/gcc/arm-none-eabi/4.9.3/../../../../arm-none-eabi/lib/armv6-m/libc_nano.a
START GROUP
LOAD /Applications/yotta.app/Contents/Resources/prerequisites/gcc-arm-none-eabi-4_9-2015q3/bin/../lib/gcc/arm-none-eabi/4.9.3/armv6-m/libgcc.a
LOAD /Applications/yotta.app/Contents/Resources/prerequisites/gcc-arm-none-eabi-4_9-2015q3/bin/../lib/gcc/arm-none-eabi/4.9.3/../../../../arm-none-eabi/lib/armv6-m/libc_nano.a
END GROUP
START GROUP
LOAD /Applications/yotta.app/Contents/Resources/prerequisites/gcc-arm-none-eabi-4_9-2015q3/bin/../lib/gcc/arm-none-eabi/4.9.3/armv6-m/libgcc.a
LOAD /Applications/yotta.app/Contents/Resources/prerequisites/gcc-arm-none-eabi-4_9-2015q3/bin/../lib/gcc/arm-none-eabi/4.9.3/../../../../arm-none-eabi/lib/armv6-m/libc_nano.a
END GROUP
LOAD /Applications/yotta.app/Contents/Resources/prerequisites/gcc-arm-none-eabi-4_9-2015q3/bin/../lib/gcc/arm-none-eabi/4.9.3/armv6-m/crtend.o
LOAD /Applications/yotta.app/Contents/Resources/prerequisites/gcc-arm-none-eabi-4_9-2015q3/bin/../lib/gcc/arm-none-eabi/4.9.3/armv6-m/crtn.o

.text           0x0000000000018000     0x925c
 *(SORT(.Vectors))
 .Vectors       0x0000000000018000       0xc0 ym/mbed-classic/existing/mbed-classic.a(startup_NRF51822.S.obj)
                0x0000000000018000                __Vectors
 *(SORT(.text*))
 .text          0x00000000000180c0       0x60 /Applications/yotta.app/Contents/Resources/prerequisites/gcc-arm-none-eabi-4_9-2015q3/bin/../lib/gcc/arm-none-eabi/4.9.3/armv6-m/crtbegin.o
 .text          0x0000000000018120       0x78 /Applications/yotta.app/Contents/Resources/prerequisites/gcc-arm-none-eabi-4_9-2015q3/bin/../lib/gcc/arm-none-eabi/4.9.3/../../../../arm-none-eabi/lib/armv6-m/crt0.o
                0x0000000000018120                _mainCRTStartup
                0x0000000000018120                _start
 .text._Z11starttickerm
                0x0000000000018198        0xc source/CMakeFiles/bitlogo-vm.dir/Users/brian/files/projects/microbitlogo/bitlogo-vm/source/lib.cpp.o
                0x0000000000018198                startticker(unsigned long)
 .text._Z10stoptickerv
                0x00000000000181a4        0xc source/CMakeFiles/bitlogo-vm.dir/Users/brian/files/projects/microbitlogo/bitlogo-vm/source/lib.cpp.o
                0x00000000000181a4                stopticker()
 .text._Z9get_ticksv
                0x00000000000181b0        0xc source/CMakeFiles/bitlogo-vm.dir/Users/brian/files/projects/microbitlogo/bitlogo-vm/source/lib.cpp.o
                0x00000000000181b0                get_ticks()
 .text._Z6getaccv
                0x00000000000181bc        0xc source/CMakeFiles/bitlogo-vm.dir/Users/brian/files/projects/microbitlogo/bitlogo-vm/source/lib.cpp.o
                0x00000000000181bc                getacc()
 .text._Z5rreccv
                0x00000000000181c8       0x10 source/CMakeFiles/bitlogo-vm.dir/Users/brian/files/projects/microbitlogo/bitlogo-vm/source/lib.cpp.o
                0x00000000000181c8                rrecc()
 .text._Z13setbrightnessi
                0x00000000000181d8       0x10 source/CMakeFiles/bitlogo-vm.dir/Users/brian/files/projects/microbitlogo/bitlogo-vm/source/lib.cpp.o
                0x00000000000181d8                setbrightness(int)
 .text._Z11get_buttonav
                0x00000000000181e8       0x10 source/CMakeFiles/bitlogo-vm.dir/Users/brian/files/projects/microbitlogo/bitlogo-vm/source/lib.cpp.o
                0x00000000000181e8                get_buttona()
 .text._Z11get_buttonbv
                0x00000000000181f8       0x10 source/CMakeFiles/bitlogo-vm.dir/Users/brian/files/projects/microbitlogo/bitlogo-vm/source/lib.cpp.o
                0x00000000000181f8                get_buttonb()
 .text._Z5printl
                0x0000000000018208       0x18 source/CMakeFiles/bitlogo-vm.dir/Users/brian/files/projects/microbitlogo/bitlogo-vm/source/lib.cpp.o
                0x0000000000018208                print(long)
 .text._Z3prhl  0x0000000000018220       0x18 source/CMakeFiles/bitlogo-vm.dir/Users/brian/files/projects/microbitlogo/bitlogo-vm/source/lib.cpp.o
                0x0000000000018220                prh(long)
 .text._Z4prhbl
                0x0000000000018238       0x18 source/CMakeFiles/bitlogo-vm.dir/Users/brian/files/projects/microbitlogo/bitlogo-vm/source/lib.cpp.o
                0x0000000000018238                prhb(long)
 .text._Z4prhhl
                0x0000000000018250       0x18 source/CMakeFiles/bitlogo-vm.dir/Users/brian/files/projects/microbitlogo/bitlogo-vm/source/lib.cpp.o
                0x0000000000018250                prhh(long)
 .text._Z3prsPh
                0x0000000000018268       0x18 source/CMakeFiles/bitlogo-vm.dir/Users/brian/files/projects/microbitlogo/bitlogo-vm/source/lib.cpp.o
                0x0000000000018268                prs(unsigned char*)
 .text._Z3prfPcl
                0x0000000000018280       0x74 source/CMakeFiles/bitlogo-vm.dir/Users/brian/files/projects/microbitlogo/bitlogo-vm/source/lib.cpp.o
                0x0000000000018280                prf(char*, long)
 .text._Z5dotonhh
                0x00000000000182f4       0x40 source/CMakeFiles/bitlogo-vm.dir/Users/brian/files/projects/microbitlogo/bitlogo-vm/source/lib.cpp.o
                0x00000000000182f4                doton(unsigned char, unsigned char)
 .text._Z6dotoffhh
                0x0000000000018334       0x44 source/CMakeFiles/bitlogo-vm.dir/Users/brian/files/projects/microbitlogo/bitlogo-vm/source/lib.cpp.o
                0x0000000000018334                dotoff(unsigned char, unsigned char)
 .text._Z6dprintPcm
                0x0000000000018378       0x24 source/CMakeFiles/bitlogo-vm.dir/Users/brian/files/projects/microbitlogo/bitlogo-vm/source/lib.cpp.o
                0x0000000000018378                dprint(char*, unsigned long)
 .text._Z10flashwritePmm
                0x000000000001839c       0x14 source/CMakeFiles/bitlogo-vm.dir/Users/brian/files/projects/microbitlogo/bitlogo-vm/source/lib.cpp.o
                0x000000000001839c                flashwrite(unsigned long*, unsigned long)
 .text._Z10flasherasePm
                0x00000000000183b0       0x10 source/CMakeFiles/bitlogo-vm.dir/Users/brian/files/projects/microbitlogo/bitlogo-vm/source/lib.cpp.o
                0x00000000000183b0                flasherase(unsigned long*)
 .text._Z6resettv
                0x00000000000183c0       0x10 source/CMakeFiles/bitlogo-vm.dir/Users/brian/files/projects/microbitlogo/bitlogo-vm/source/lib.cpp.o
                0x00000000000183c0                resett()
 .text._Z5timerv
                0x00000000000183d0       0x14 source/CMakeFiles/bitlogo-vm.dir/Users/brian/files/projects/microbitlogo/bitlogo-vm/source/lib.cpp.o
                0x00000000000183d0                timer()
 .text._Z5rsendh
                0x00000000000183e4       0x18 source/CMakeFiles/bitlogo-vm.dir/Users/brian/files/projects/microbitlogo/bitlogo-vm/source/lib.cpp.o
                0x00000000000183e4                rsend(unsigned char)
 .text._Z15direct_setshapehhhhh
                0x00000000000183fc       0x28 source/CMakeFiles/bitlogo-vm.dir/Users/brian/files/projects/microbitlogo/bitlogo-vm/source/lib.cpp.o
                0x00000000000183fc                direct_setshape(unsigned char, unsigned char, unsigned char, unsigned char, unsigned char)
 .text._Z6dshapec
                0x0000000000018424       0x38 source/CMakeFiles/bitlogo-vm.dir/Users/brian/files/projects/microbitlogo/bitlogo-vm/source/lib.cpp.o
                0x0000000000018424                dshape(char)
 .text._Z9nextshapev
                0x000000000001845c       0x34 source/CMakeFiles/bitlogo-vm.dir/Users/brian/files/projects/microbitlogo/bitlogo-vm/source/lib.cpp.o
                0x000000000001845c                nextshape()
 .text._Z5dcharc
                0x0000000000018490       0x18 source/CMakeFiles/bitlogo-vm.dir/Users/brian/files/projects/microbitlogo/bitlogo-vm/source/lib.cpp.o
                0x0000000000018490                dchar(char)
 .text._Z5clearv
                0x00000000000184a8       0x1c source/CMakeFiles/bitlogo-vm.dir/Users/brian/files/projects/microbitlogo/bitlogo-vm/source/lib.cpp.o
                0x00000000000184a8                clear()
 .text._Z8lib_initv
                0x00000000000184c4       0x70 source/CMakeFiles/bitlogo-vm.dir/Users/brian/files/projects/microbitlogo/bitlogo-vm/source/lib.cpp.o
                0x00000000000184c4                lib_init()
 .text._Z4getxv
                0x0000000000018534       0x10 source/CMakeFiles/bitlogo-vm.dir/Users/brian/files/projects/microbitlogo/bitlogo-vm/source/lib.cpp.o
                0x0000000000018534                getx()
 .text._Z4getyv
                0x0000000000018544       0x10 source/CMakeFiles/bitlogo-vm.dir/Users/brian/files/projects/microbitlogo/bitlogo-vm/source/lib.cpp.o
                0x0000000000018544                gety()
 .text._Z4getzv
                0x0000000000018554       0x10 source/CMakeFiles/bitlogo-vm.dir/Users/brian/files/projects/microbitlogo/bitlogo-vm/source/lib.cpp.o
                0x0000000000018554                getz()
 .text._Z8dev_pollv
                0x0000000000018564       0x74 source/CMakeFiles/bitlogo-vm.dir/Users/brian/files/projects/microbitlogo/bitlogo-vm/source/lib.cpp.o
                0x0000000000018564                dev_poll()
 .text._Z9radiorecvv
                0x00000000000185d8       0x2c source/CMakeFiles/bitlogo-vm.dir/Users/brian/files/projects/microbitlogo/bitlogo-vm/source/lib.cpp.o
                0x00000000000185d8                radiorecv()
 .text._Z8evt_pollv
                0x0000000000018604       0x94 source/CMakeFiles/bitlogo-vm.dir/Users/brian/files/projects/microbitlogo/bitlogo-vm/source/lib.cpp.o
                0x0000000000018604                evt_poll()
 .text.startup._GLOBAL__sub_I_directshape
                0x0000000000018698       0xf4 source/CMakeFiles/bitlogo-vm.dir/Users/brian/files/projects/microbitlogo/bitlogo-vm/source/lib.cpp.o
 .text._ZN18MicroBitBLEManagerD2Ev
                0x000000000001878c       0x20 source/CMakeFiles/bitlogo-vm.dir/Users/brian/files/projects/microbitlogo/bitlogo-vm/source/main.cpp.o
                0x000000000001878c                MicroBitBLEManager::~MicroBitBLEManager()
                0x000000000001878c                MicroBitBLEManager::~MicroBitBLEManager()
 .text._ZN14MicroBitSerialD2Ev
                0x00000000000187ac       0x18 source/CMakeFiles/bitlogo-vm.dir/Users/brian/files/projects/microbitlogo/bitlogo-vm/source/main.cpp.o
                0x00000000000187ac                MicroBitSerial::~MicroBitSerial()
                0x00000000000187ac                MicroBitSerial::~MicroBitSerial()
 .text._Z5ugetcv
                0x00000000000187c4       0x14 source/CMakeFiles/bitlogo-vm.dir/Users/brian/files/projects/microbitlogo/bitlogo-vm/source/main.cpp.o
                0x00000000000187c4                ugetc()
 .text._Z10ugetcAsyncv
                0x00000000000187d8       0x10 source/CMakeFiles/bitlogo-vm.dir/Users/brian/files/projects/microbitlogo/bitlogo-vm/source/main.cpp.o
                0x00000000000187d8                ugetcAsync()
 .text._Z5uputch
                0x00000000000187e8       0x14 source/CMakeFiles/bitlogo-vm.dir/Users/brian/files/projects/microbitlogo/bitlogo-vm/source/main.cpp.o
                0x00000000000187e8                uputc(unsigned char)
 .text._Z4initv
                0x00000000000187fc       0x1c source/CMakeFiles/bitlogo-vm.dir/Users/brian/files/projects/microbitlogo/bitlogo-vm/source/main.cpp.o
                0x00000000000187fc                init()
 .text._Z10writeflashv
                0x0000000000018818       0x30 source/CMakeFiles/bitlogo-vm.dir/Users/brian/files/projects/microbitlogo/bitlogo-vm/source/main.cpp.o
                0x0000000000018818                writeflash()
 .text._Z10eraseflashv
                0x0000000000018848       0x1c source/CMakeFiles/bitlogo-vm.dir/Users/brian/files/projects/microbitlogo/bitlogo-vm/source/main.cpp.o
                0x0000000000018848                eraseflash()
 .text._Z11serialAvailv
                0x0000000000018864       0x10 source/CMakeFiles/bitlogo-vm.dir/Users/brian/files/projects/microbitlogo/bitlogo-vm/source/main.cpp.o
                0x0000000000018864                serialAvail()
 .text.startup.main
                0x0000000000018874       0xa0 source/CMakeFiles/bitlogo-vm.dir/Users/brian/files/projects/microbitlogo/bitlogo-vm/source/main.cpp.o
                0x0000000000018874                main
 .text.startup._GLOBAL__sub_I_pc
                0x0000000000018914       0x7c source/CMakeFiles/bitlogo-vm.dir/Users/brian/files/projects/microbitlogo/bitlogo-vm/source/main.cpp.o
 .text._Z9eval_bytev
                0x0000000000018990       0x20 source/CMakeFiles/bitlogo-vm.dir/Users/brian/files/projects/microbitlogo/bitlogo-vm/source/vm.cpp.o
                0x0000000000018990                eval_byte()
 .text._Z8eval_numv
                0x00000000000189b0       0x40 source/CMakeFiles/bitlogo-vm.dir/Users/brian/files/projects/microbitlogo/bitlogo-vm/source/vm.cpp.o
                0x00000000000189b0                eval_num()
 .text._Z9eval_listv
                0x00000000000189f0       0x28 source/CMakeFiles/bitlogo-vm.dir/Users/brian/files/projects/microbitlogo/bitlogo-vm/source/vm.cpp.o
                0x00000000000189f0                eval_list()
 .text._Z9eval_ufunv
                0x0000000000018a18       0x64 source/CMakeFiles/bitlogo-vm.dir/Users/brian/files/projects/microbitlogo/bitlogo-vm/source/vm.cpp.o
                0x0000000000018a18                eval_ufun()
 .text._Z11eval_libfcnv
                0x0000000000018a7c       0x54 source/CMakeFiles/bitlogo-vm.dir/Users/brian/files/projects/microbitlogo/bitlogo-vm/source/vm.cpp.o
                0x0000000000018a7c                eval_libfcn()
 .text._Z12eval_libfcnrv
                0x0000000000018ad0       0x60 source/CMakeFiles/bitlogo-vm.dir/Users/brian/files/projects/microbitlogo/bitlogo-vm/source/vm.cpp.o
                0x0000000000018ad0                eval_libfcnr()
 .text._Z9prim_stopv
                0x0000000000018b30       0x34 source/CMakeFiles/bitlogo-vm.dir/Users/brian/files/projects/microbitlogo/bitlogo-vm/source/vm.cpp.o
                0x0000000000018b30                prim_stop()
 .text._Z11prim_outputv
                0x0000000000018b64       0x3c source/CMakeFiles/bitlogo-vm.dir/Users/brian/files/projects/microbitlogo/bitlogo-vm/source/vm.cpp.o
                0x0000000000018b64                prim_output()
 .text._Z9prim_callv
                0x0000000000018ba0       0x58 source/CMakeFiles/bitlogo-vm.dir/Users/brian/files/projects/microbitlogo/bitlogo-vm/source/vm.cpp.o
                0x0000000000018ba0                prim_call()
 .text._Z8prim_runv
                0x0000000000018bf8       0x24 source/CMakeFiles/bitlogo-vm.dir/Users/brian/files/projects/microbitlogo/bitlogo-vm/source/vm.cpp.o
                0x0000000000018bf8                prim_run()
 .text._Z13prim_runmacrov
                0x0000000000018c1c       0x38 source/CMakeFiles/bitlogo-vm.dir/Users/brian/files/projects/microbitlogo/bitlogo-vm/source/vm.cpp.o
                0x0000000000018c1c                prim_runmacro()
 .text._Z9prim_loopv
                0x0000000000018c54       0x20 source/CMakeFiles/bitlogo-vm.dir/Users/brian/files/projects/microbitlogo/bitlogo-vm/source/vm.cpp.o
                0x0000000000018c54                prim_loop()
 .text._Z7prim_ifv
                0x0000000000018c74       0x30 source/CMakeFiles/bitlogo-vm.dir/Users/brian/files/projects/microbitlogo/bitlogo-vm/source/vm.cpp.o
                0x0000000000018c74                prim_if()
 .text._Z11prim_ifelsev
                0x0000000000018ca4       0x34 source/CMakeFiles/bitlogo-vm.dir/Users/brian/files/projects/microbitlogo/bitlogo-vm/source/vm.cpp.o
                0x0000000000018ca4                prim_ifelse()
 .text._Z14prim_waituntilv
                0x0000000000018cd8       0x20 source/CMakeFiles/bitlogo-vm.dir/Users/brian/files/projects/microbitlogo/bitlogo-vm/source/vm.cpp.o
                0x0000000000018cd8                prim_waituntil()
 .text._Z11prim_gwritev
                0x0000000000018cf8       0x20 source/CMakeFiles/bitlogo-vm.dir/Users/brian/files/projects/microbitlogo/bitlogo-vm/source/vm.cpp.o
                0x0000000000018cf8                prim_gwrite()
 .text._Z10prim_greadv
                0x0000000000018d18       0x1c source/CMakeFiles/bitlogo-vm.dir/Users/brian/files/projects/microbitlogo/bitlogo-vm/source/vm.cpp.o
                0x0000000000018d18                prim_gread()
 .text._Z12prim_gchangev
                0x0000000000018d34       0x24 source/CMakeFiles/bitlogo-vm.dir/Users/brian/files/projects/microbitlogo/bitlogo-vm/source/vm.cpp.o
                0x0000000000018d34                prim_gchange()
 .text._Z8prim_sumv
                0x0000000000018d58       0x1c source/CMakeFiles/bitlogo-vm.dir/Users/brian/files/projects/microbitlogo/bitlogo-vm/source/vm.cpp.o
                0x0000000000018d58                prim_sum()
 .text._Z15prim_differencev
                0x0000000000018d74       0x1c source/CMakeFiles/bitlogo-vm.dir/Users/brian/files/projects/microbitlogo/bitlogo-vm/source/vm.cpp.o
                0x0000000000018d74                prim_difference()
 .text._Z12prim_productv
                0x0000000000018d90       0x1c source/CMakeFiles/bitlogo-vm.dir/Users/brian/files/projects/microbitlogo/bitlogo-vm/source/vm.cpp.o
                0x0000000000018d90                prim_product()
 .text._Z13prim_quotientv
                0x0000000000018dac       0x1c source/CMakeFiles/bitlogo-vm.dir/Users/brian/files/projects/microbitlogo/bitlogo-vm/source/vm.cpp.o
                0x0000000000018dac                prim_quotient()
 .text._Z8prim_modv
                0x0000000000018dc8       0x24 source/CMakeFiles/bitlogo-vm.dir/Users/brian/files/projects/microbitlogo/bitlogo-vm/source/vm.cpp.o
                0x0000000000018dc8                prim_mod()
 .text._Z11prim_extendv
                0x0000000000018dec       0x14 source/CMakeFiles/bitlogo-vm.dir/Users/brian/files/projects/microbitlogo/bitlogo-vm/source/vm.cpp.o
                0x0000000000018dec                prim_extend()
 .text._Z12prim_extendbv
                0x0000000000018e00       0x14 source/CMakeFiles/bitlogo-vm.dir/Users/brian/files/projects/microbitlogo/bitlogo-vm/source/vm.cpp.o
                0x0000000000018e00                prim_extendb()
 .text._Z10prim_equalv
                0x0000000000018e14       0x20 source/CMakeFiles/bitlogo-vm.dir/Users/brian/files/projects/microbitlogo/bitlogo-vm/source/vm.cpp.o
                0x0000000000018e14                prim_equal()
 .text._Z7prim_nev
                0x0000000000018e34       0x20 source/CMakeFiles/bitlogo-vm.dir/Users/brian/files/projects/microbitlogo/bitlogo-vm/source/vm.cpp.o
                0x0000000000018e34                prim_ne()
 .text._Z12prim_greaterv
                0x0000000000018e54       0x20 source/CMakeFiles/bitlogo-vm.dir/Users/brian/files/projects/microbitlogo/bitlogo-vm/source/vm.cpp.o
                0x0000000000018e54                prim_greater()
 .text._Z9prim_lessv
                0x0000000000018e74       0x20 source/CMakeFiles/bitlogo-vm.dir/Users/brian/files/projects/microbitlogo/bitlogo-vm/source/vm.cpp.o
                0x0000000000018e74                prim_less()
 .text._Z8prim_andv
                0x0000000000018e94       0x1c source/CMakeFiles/bitlogo-vm.dir/Users/brian/files/projects/microbitlogo/bitlogo-vm/source/vm.cpp.o
                0x0000000000018e94                prim_and()
 .text._Z7prim_orv
                0x0000000000018eb0       0x1c source/CMakeFiles/bitlogo-vm.dir/Users/brian/files/projects/microbitlogo/bitlogo-vm/source/vm.cpp.o
                0x0000000000018eb0                prim_or()
 .text._Z8prim_xorv
                0x0000000000018ecc       0x1c source/CMakeFiles/bitlogo-vm.dir/Users/brian/files/projects/microbitlogo/bitlogo-vm/source/vm.cpp.o
                0x0000000000018ecc                prim_xor()
 .text._Z8prim_notv
                0x0000000000018ee8       0x1c source/CMakeFiles/bitlogo-vm.dir/Users/brian/files/projects/microbitlogo/bitlogo-vm/source/vm.cpp.o
                0x0000000000018ee8                prim_not()
 .text._Z8prim_lslv
                0x0000000000018f04       0x28 source/CMakeFiles/bitlogo-vm.dir/Users/brian/files/projects/microbitlogo/bitlogo-vm/source/vm.cpp.o
                0x0000000000018f04                prim_lsl()
 .text._Z10prim_readbv
                0x0000000000018f2c       0x18 source/CMakeFiles/bitlogo-vm.dir/Users/brian/files/projects/microbitlogo/bitlogo-vm/source/vm.cpp.o
                0x0000000000018f2c                prim_readb()
 .text._Z11prim_writebv
                0x0000000000018f44       0x18 source/CMakeFiles/bitlogo-vm.dir/Users/brian/files/projects/microbitlogo/bitlogo-vm/source/vm.cpp.o
                0x0000000000018f44                prim_writeb()
 .text._Z10prim_readhv
                0x0000000000018f5c       0x14 source/CMakeFiles/bitlogo-vm.dir/Users/brian/files/projects/microbitlogo/bitlogo-vm/source/vm.cpp.o
                0x0000000000018f5c                prim_readh()
 .text._Z11prim_writehv
                0x0000000000018f70       0x18 source/CMakeFiles/bitlogo-vm.dir/Users/brian/files/projects/microbitlogo/bitlogo-vm/source/vm.cpp.o
                0x0000000000018f70                prim_writeh()
 .text._Z10prim_writev
                0x0000000000018f88       0x18 source/CMakeFiles/bitlogo-vm.dir/Users/brian/files/projects/microbitlogo/bitlogo-vm/source/vm.cpp.o
                0x0000000000018f88                prim_write()
 .text._Z7prim_spv
                0x0000000000018fa0       0x10 source/CMakeFiles/bitlogo-vm.dir/Users/brian/files/projects/microbitlogo/bitlogo-vm/source/vm.cpp.o
                0x0000000000018fa0                prim_sp()
 .text._Z6run_vmPh
                0x0000000000018fb0       0x50 source/CMakeFiles/bitlogo-vm.dir/Users/brian/files/projects/microbitlogo/bitlogo-vm/source/vm.cpp.o
                0x0000000000018fb0                run_vm(unsigned char*)
 .text._Z9vm_run_ccv
                0x0000000000019000       0x10 source/CMakeFiles/bitlogo-vm.dir/Users/brian/files/projects/microbitlogo/bitlogo-vm/source/vm.cpp.o
                0x0000000000019000                vm_run_cc()
 .text._Z17get_local_addressv
                0x0000000000019010       0x30 source/CMakeFiles/bitlogo-vm.dir/Users/brian/files/projects/microbitlogo/bitlogo-vm/source/vm.cpp.o
                0x0000000000019010                get_local_address()
 .text._Z11eval_lthingv
                0x0000000000019040       0x18 source/CMakeFiles/bitlogo-vm.dir/Users/brian/files/projects/microbitlogo/bitlogo-vm/source/vm.cpp.o
                0x0000000000019040                eval_lthing()
 .text._Z10eval_lmakev
                0x0000000000019058       0x18 source/CMakeFiles/bitlogo-vm.dir/Users/brian/files/projects/microbitlogo/bitlogo-vm/source/vm.cpp.o
                0x0000000000019058                eval_lmake()
 .text._Z12eval_lchangev
                0x0000000000019070       0x1c source/CMakeFiles/bitlogo-vm.dir/Users/brian/files/projects/microbitlogo/bitlogo-vm/source/vm.cpp.o
                0x0000000000019070                eval_lchange()
 .text._Z12eol_runmacrov
                0x000000000001908c       0x24 source/CMakeFiles/bitlogo-vm.dir/Users/brian/files/projects/microbitlogo/bitlogo-vm/source/vm.cpp.o
                0x000000000001908c                eol_runmacro()
 .text._Z10eol_repeatv
                0x00000000000190b0       0x3c source/CMakeFiles/bitlogo-vm.dir/Users/brian/files/projects/microbitlogo/bitlogo-vm/source/vm.cpp.o
                0x00000000000190b0                eol_repeat()
 .text._Z8eval_eolv
                0x00000000000190ec       0x40 source/CMakeFiles/bitlogo-vm.dir/Users/brian/files/projects/microbitlogo/bitlogo-vm/source/vm.cpp.o
                0x00000000000190ec                eval_eol()
 .text._Z11prim_repeatv
                0x000000000001912c       0x20 source/CMakeFiles/bitlogo-vm.dir/Users/brian/files/projects/microbitlogo/bitlogo-vm/source/vm.cpp.o
                0x000000000001912c                prim_repeat()
 .text._Z14eolr_waituntilv
                0x000000000001914c       0x2c source/CMakeFiles/bitlogo-vm.dir/Users/brian/files/projects/microbitlogo/bitlogo-vm/source/vm.cpp.o
                0x000000000001914c                eolr_waituntil()
 .text._ZN14MicroBitTickerD2Ev
                0x0000000000019178       0x18 source/CMakeFiles/bitlogo-vm.dir/Users/brian/files/projects/microbitlogo/bitlogo-vm/source/MicroBitTicker.cpp.o
                0x0000000000019178                MicroBitTicker::~MicroBitTicker()
                0x0000000000019178                MicroBitTicker::~MicroBitTicker()
 .text._ZN14MicroBitTickerC2Ev
                0x0000000000019190       0x1c source/CMakeFiles/bitlogo-vm.dir/Users/brian/files/projects/microbitlogo/bitlogo-vm/source/MicroBitTicker.cpp.o
                0x0000000000019190                MicroBitTicker::MicroBitTicker()
                0x0000000000019190                MicroBitTicker::MicroBitTicker()
 .text._ZN14MicroBitTicker10systemTickEv
                0x00000000000191ac       0x1c source/CMakeFiles/bitlogo-vm.dir/Users/brian/files/projects/microbitlogo/bitlogo-vm/source/MicroBitTicker.cpp.o
                0x00000000000191ac                MicroBitTicker::systemTick()
 .text._ZN10EventModel6listenEiiPFv13MicroBitEventEt
                0x00000000000191c8       0x60 ym/microbit-dal/source/microbit-dal.a(MicroBitFiber.cpp.o)
                0x00000000000191c8                EventModel::listen(int, int, void (*)(MicroBitEvent), unsigned short)
 .text._Z14scheduler_tickv
                0x0000000000019228       0x38 ym/microbit-dal/source/microbit-dal.a(MicroBitFiber.cpp.o)
                0x0000000000019228                scheduler_tick()
 .text._Z15scheduler_event13MicroBitEvent
                0x0000000000019260       0xcc ym/microbit-dal/source/microbit-dal.a(MicroBitFiber.cpp.o)
                0x0000000000019260                scheduler_event(MicroBitEvent)
 .text._Z15getFiberContextv
                0x000000000001932c       0x3c ym/microbit-dal/source/microbit-dal.a(MicroBitFiber.cpp.o)
                0x000000000001932c                getFiberContext()
 .text._Z23fiber_scheduler_runningv
                0x0000000000019368       0x10 ym/microbit-dal/source/microbit-dal.a(MicroBitFiber.cpp.o)
                0x0000000000019368                fiber_scheduler_running()
 .text._Z14scheduler_initR10EventModel
                0x0000000000019378       0xa8 ym/microbit-dal/source/microbit-dal.a(MicroBitFiber.cpp.o)
                0x0000000000019378                scheduler_init(EventModel&)
 .text._Z14__create_fibermmmi
                0x0000000000019420       0x50 ym/microbit-dal/source/microbit-dal.a(MicroBitFiber.cpp.o)
                0x0000000000019420                __create_fiber(unsigned long, unsigned long, unsigned long, int)
 .text._Z24scheduler_runqueue_emptyv
                0x0000000000019470       0x10 ym/microbit-dal/source/microbit-dal.a(MicroBitFiber.cpp.o)
                0x0000000000019470                scheduler_runqueue_empty()
 .text._Z24fiber_add_idle_componentP17MicroBitComponent
                0x0000000000019480       0x1c ym/microbit-dal/source/microbit-dal.a(MicroBitFiber.cpp.o)
                0x0000000000019480                fiber_add_idle_component(MicroBitComponent*)
 .text._Z27fiber_remove_idle_componentP17MicroBitComponent
                0x000000000001949c       0x1c ym/microbit-dal/source/microbit-dal.a(MicroBitFiber.cpp.o)
                0x000000000001949c                fiber_remove_idle_component(MicroBitComponent*)
 .text._Z4idlev
                0x00000000000194b8       0x2c ym/microbit-dal/source/microbit-dal.a(MicroBitFiber.cpp.o)
                0x00000000000194b8                idle()
 .text._Z8schedulev
                0x00000000000194e4       0xd0 ym/microbit-dal/source/microbit-dal.a(MicroBitFiber.cpp.o)
                0x00000000000194e4                schedule()
 .text._Z11fiber_sleepm
                0x00000000000195b4       0x54 ym/microbit-dal/source/microbit-dal.a(MicroBitFiber.cpp.o)
                0x00000000000195b4                fiber_sleep(unsigned long)
 .text._Z19fiber_wake_on_eventtt
                0x0000000000019608       0x9c ym/microbit-dal/source/microbit-dal.a(MicroBitFiber.cpp.o)
                0x0000000000019608                fiber_wake_on_event(unsigned short, unsigned short)
 .text._Z13release_fiberv
                0x00000000000196a4       0x28 ym/microbit-dal/source/microbit-dal.a(MicroBitFiber.cpp.o)
                0x00000000000196a4                release_fiber()
 .text._Z6invokePFvPvES_
                0x00000000000196cc       0x80 ym/microbit-dal/source/microbit-dal.a(MicroBitFiber.cpp.o)
                0x00000000000196cc                invoke(void (*)(void*), void*)
 .text._ZN12MicroBitFontC2Ev
                0x000000000001974c       0x10 ym/microbit-dal/source/microbit-dal.a(MicroBitFont.cpp.o)
                0x000000000001974c                MicroBitFont::MicroBitFont()
                0x000000000001974c                MicroBitFont::MicroBitFont()
 .text._ZN12MicroBitFont13setSystemFontES_
                0x000000000001975c       0x18 ym/microbit-dal/source/microbit-dal.a(MicroBitFont.cpp.o)
                0x000000000001975c                MicroBitFont::setSystemFont(MicroBitFont)
 .text._ZN12MicroBitFont13getSystemFontEv
                0x0000000000019774       0x10 ym/microbit-dal/source/microbit-dal.a(MicroBitFont.cpp.o)
                0x0000000000019774                MicroBitFont::getSystemFont()
 .text.startup._GLOBAL__sub_I__ZN12MicroBitFont11defaultFontE
                0x0000000000019784       0x18 ym/microbit-dal/source/microbit-dal.a(MicroBitFont.cpp.o)
 .text._Z15microbit_mallocj
                0x000000000001979c       0x44 ym/microbit-dal/source/microbit-dal.a(MicroBitHeapAllocator.cpp.o)
                0x000000000001979c                microbit_malloc(unsigned int)
 .text._Z13microbit_freePv
                0x00000000000197e0       0x44 ym/microbit-dal/source/microbit-dal.a(MicroBitHeapAllocator.cpp.o)
                0x00000000000197e0                microbit_free(void*)
 .text._Z23system_timer_set_periodi
                0x0000000000019824       0x48 ym/microbit-dal/source/microbit-dal.a(MicroBitSystemTimer.cpp.o)
                0x0000000000019824                system_timer_set_period(int)
 .text._Z17system_timer_initi
                0x000000000001986c       0x54 ym/microbit-dal/source/microbit-dal.a(MicroBitSystemTimer.cpp.o)
                0x000000000001986c                system_timer_init(int)
 .text._Z23system_timer_get_periodv
                0x00000000000198c0        0xc ym/microbit-dal/source/microbit-dal.a(MicroBitSystemTimer.cpp.o)
                0x00000000000198c0                system_timer_get_period()
 .text._Z11update_timev
                0x00000000000198cc       0x44 ym/microbit-dal/source/microbit-dal.a(MicroBitSystemTimer.cpp.o)
                0x00000000000198cc                update_time()
 .text._Z17system_timer_tickv
                0x0000000000019910       0x24 ym/microbit-dal/source/microbit-dal.a(MicroBitSystemTimer.cpp.o)
                0x0000000000019910                system_timer_tick()
 .text._Z25system_timer_current_timev
                0x0000000000019934       0x1c ym/microbit-dal/source/microbit-dal.a(MicroBitSystemTimer.cpp.o)
                0x0000000000019934                system_timer_current_time()
 .text._Z28system_timer_current_time_usv
                0x0000000000019950       0x14 ym/microbit-dal/source/microbit-dal.a(MicroBitSystemTimer.cpp.o)
                0x0000000000019950                system_timer_current_time_us()
 .text._Z26system_timer_add_componentP17MicroBitComponent
                0x0000000000019964       0x3c ym/microbit-dal/source/microbit-dal.a(MicroBitSystemTimer.cpp.o)
                0x0000000000019964                system_timer_add_component(MicroBitComponent*)
 .text._Z29system_timer_remove_componentP17MicroBitComponent
                0x00000000000199a0       0x1c ym/microbit-dal/source/microbit-dal.a(MicroBitSystemTimer.cpp.o)
                0x00000000000199a0                system_timer_remove_component(MicroBitComponent*)
 .text._ZN13ManagedStringC2EPKc
                0x00000000000199bc       0x20 ym/microbit-dal/source/microbit-dal.a(ManagedString.cpp.o)
                0x00000000000199bc                ManagedString::ManagedString(char const*)
                0x00000000000199bc                ManagedString::ManagedString(char const*)
 .text._ZN13ManagedStringC2Ev
                0x00000000000199dc        0xc ym/microbit-dal/source/microbit-dal.a(ManagedString.cpp.o)
                0x00000000000199dc                ManagedString::ManagedString()
                0x00000000000199dc                ManagedString::ManagedString()
 .text.startup._GLOBAL__sub_I__ZN13ManagedString9initEmptyEv
                0x00000000000199e8       0x28 ym/microbit-dal/source/microbit-dal.a(ManagedString.cpp.o)
 .text._ZN13MicroBitEvent4fireEv
                0x0000000000019a10       0x28 ym/microbit-dal/source/microbit-dal.a(MicroBitEvent.cpp.o)
                0x0000000000019a10                MicroBitEvent::fire()
 .text.startup._GLOBAL__sub_I__ZN12PacketBuffer11EmptyPacketE
                0x0000000000019a38       0x24 ym/microbit-dal/source/microbit-dal.a(PacketBuffer.cpp.o)
 .text._ZL16isReadOnlyInlineP10RefCounted
                0x0000000000019a5c       0x24 ym/microbit-dal/source/microbit-dal.a(RefCounted.cpp.o)
 .text._ZN21MicroBitAccelerometerD2Ev
                0x0000000000019a80       0x18 ym/microbit-dal/source/microbit-dal.a(MicroBitAccelerometer.cpp.o)
                0x0000000000019a80                MicroBitAccelerometer::~MicroBitAccelerometer()
                0x0000000000019a80                MicroBitAccelerometer::~MicroBitAccelerometer()
 .text._ZN21MicroBitAccelerometer9configureEv
                0x0000000000019a98       0xbc ym/microbit-dal/source/microbit-dal.a(MicroBitAccelerometer.cpp.o)
                0x0000000000019a98                MicroBitAccelerometer::configure()
 .text._ZN21MicroBitAccelerometer11readCommandEhPhi
                0x0000000000019b54       0x4c ym/microbit-dal/source/microbit-dal.a(MicroBitAccelerometer.cpp.o)
                0x0000000000019b54                MicroBitAccelerometer::readCommand(unsigned char, unsigned char*, int)
 .text._ZN21MicroBitAccelerometerC2ER11MicroBitI2Ctt
                0x0000000000019ba0       0x94 ym/microbit-dal/source/microbit-dal.a(MicroBitAccelerometer.cpp.o)
                0x0000000000019ba0                MicroBitAccelerometer::MicroBitAccelerometer(MicroBitI2C&, unsigned short, unsigned short)
                0x0000000000019ba0                MicroBitAccelerometer::MicroBitAccelerometer(MicroBitI2C&, unsigned short, unsigned short)
 .text._ZN21MicroBitAccelerometer12updateSampleEv
                0x0000000000019c34       0x84 ym/microbit-dal/source/microbit-dal.a(MicroBitAccelerometer.cpp.o)
                0x0000000000019c34                MicroBitAccelerometer::updateSample()
 .text._ZN21MicroBitAccelerometer20instantaneousPostureEv
                0x0000000000019cb8      0x20c ym/microbit-dal/source/microbit-dal.a(MicroBitAccelerometer.cpp.o)
                0x0000000000019cb8                MicroBitAccelerometer::instantaneousPosture()
 .text._ZN14MicroBitButton10systemTickEv
                0x0000000000019ec4       0xe0 ym/microbit-dal/source/microbit-dal.a(MicroBitButton.cpp.o)
                0x0000000000019ec4                MicroBitButton::systemTick()
 .text._ZN14MicroBitButtonD2Ev
                0x0000000000019fa4       0x18 ym/microbit-dal/source/microbit-dal.a(MicroBitButton.cpp.o)
                0x0000000000019fa4                MicroBitButton::~MicroBitButton()
                0x0000000000019fa4                MicroBitButton::~MicroBitButton()
 .text._ZN14MicroBitButtonC2E7PinNamet32MicroBitButtonEventConfiguration7PinMode
                0x0000000000019fbc       0x5c ym/microbit-dal/source/microbit-dal.a(MicroBitButton.cpp.o)
                0x0000000000019fbc                MicroBitButton::MicroBitButton(PinName, unsigned short, MicroBitButtonEventConfiguration, PinMode)
                0x0000000000019fbc                MicroBitButton::MicroBitButton(PinName, unsigned short, MicroBitButtonEventConfiguration, PinMode)
 .text._ZN15MicroBitDisplay15renderGreyscaleEv
                0x000000000001a018       0xfc ym/microbit-dal/source/microbit-dal.a(MicroBitDisplay.cpp.o)
                0x000000000001a018                MicroBitDisplay::renderGreyscale()
 .text._ZN4mbed6TickerD2Ev
                0x000000000001a114       0x1c ym/microbit-dal/source/microbit-dal.a(MicroBitDisplay.cpp.o)
                0x000000000001a114                mbed::Ticker::~Ticker()
                0x000000000001a114                mbed::Ticker::~Ticker()
 .text._ZN15MicroBitDisplayD2Ev
                0x000000000001a130       0x48 ym/microbit-dal/source/microbit-dal.a(MicroBitDisplay.cpp.o)
                0x000000000001a130                MicroBitDisplay::~MicroBitDisplay()
                0x000000000001a130                MicroBitDisplay::~MicroBitDisplay()
 .text._ZN15MicroBitDisplayC2EtRK9MatrixMap
                0x000000000001a178       0xd4 ym/microbit-dal/source/microbit-dal.a(MicroBitDisplay.cpp.o)
                0x000000000001a178                MicroBitDisplay::MicroBitDisplay(unsigned short, MatrixMap const&)
                0x000000000001a178                MicroBitDisplay::MicroBitDisplay(unsigned short, MatrixMap const&)
 .text._ZN15MicroBitDisplay6renderEv
                0x000000000001a24c       0xec ym/microbit-dal/source/microbit-dal.a(MicroBitDisplay.cpp.o)
                0x000000000001a24c                MicroBitDisplay::render()
 .text._ZN15MicroBitDisplay26sendAnimationCompleteEventEv
                0x000000000001a338       0x24 ym/microbit-dal/source/microbit-dal.a(MicroBitDisplay.cpp.o)
                0x000000000001a338                MicroBitDisplay::sendAnimationCompleteEvent()
 .text._ZN15MicroBitDisplay18waitForFreeDisplayEv
                0x000000000001a35c       0x20 ym/microbit-dal/source/microbit-dal.a(MicroBitDisplay.cpp.o)
                0x000000000001a35c                MicroBitDisplay::waitForFreeDisplay()
 .text._ZN15MicroBitDisplay9fiberWaitEv
                0x000000000001a37c       0x2c ym/microbit-dal/source/microbit-dal.a(MicroBitDisplay.cpp.o)
                0x000000000001a37c                MicroBitDisplay::fiberWait()
 .text._ZN15MicroBitDisplay14printCharAsyncEci
                0x000000000001a3a8       0x50 ym/microbit-dal/source/microbit-dal.a(MicroBitDisplay.cpp.o)
                0x000000000001a3a8                MicroBitDisplay::printCharAsync(char, int)
 .text._ZN15MicroBitDisplay10printAsyncE13ManagedStringi
                0x000000000001a3f8       0x68 ym/microbit-dal/source/microbit-dal.a(MicroBitDisplay.cpp.o)
                0x000000000001a3f8                MicroBitDisplay::printAsync(ManagedString, int)
 .text._ZN15MicroBitDisplay9printCharEci
                0x000000000001a460       0x44 ym/microbit-dal/source/microbit-dal.a(MicroBitDisplay.cpp.o)
                0x000000000001a460                MicroBitDisplay::printChar(char, int)
 .text._ZN15MicroBitDisplay5printE13ManagedStringi
                0x000000000001a4a4       0x6c ym/microbit-dal/source/microbit-dal.a(MicroBitDisplay.cpp.o)
                0x000000000001a4a4                MicroBitDisplay::print(ManagedString, int)
 .text._ZN15MicroBitDisplay13setBrightnessEi
                0x000000000001a510       0x14 ym/microbit-dal/source/microbit-dal.a(MicroBitDisplay.cpp.o)
                0x000000000001a510                MicroBitDisplay::setBrightness(int)
 .text._ZN11MicroBitI2C4readEiPcib
                0x000000000001a524       0x94 ym/microbit-dal/source/microbit-dal.a(MicroBitI2C.cpp.o)
                0x000000000001a524                MicroBitI2C::read(int, char*, int, bool)
 .text._ZN11MicroBitI2C5writeEiPKcib
                0x000000000001a5b8       0x94 ym/microbit-dal/source/microbit-dal.a(MicroBitI2C.cpp.o)
                0x000000000001a5b8                MicroBitI2C::write(int, char const*, int, bool)
 .text._ZN19MicroBitLightSensor11analogReadyEv
                0x000000000001a64c       0x54 ym/microbit-dal/source/microbit-dal.a(MicroBitLightSensor.cpp.o)
                0x000000000001a64c                MicroBitLightSensor::analogReady()
 .text._ZN19MicroBitLightSensor12startSensingE13MicroBitEvent
                0x000000000001a6a0       0xa0 ym/microbit-dal/source/microbit-dal.a(MicroBitLightSensor.cpp.o)
                0x000000000001a6a0                MicroBitLightSensor::startSensing(MicroBitEvent)
 .text._ZN16MicroBitListenerC2I19MicroBitLightSensorEEttPT_MS2_Fv13MicroBitEventEt
                0x000000000001a740       0x68 ym/microbit-dal/source/microbit-dal.a(MicroBitLightSensor.cpp.o)
                0x000000000001a740                MicroBitListener::MicroBitListener<MicroBitLightSensor>(unsigned short, unsigned short, MicroBitLightSensor*, void (MicroBitLightSensor::*)(MicroBitEvent), unsigned short)
                0x000000000001a740                MicroBitListener::MicroBitListener<MicroBitLightSensor>(unsigned short, unsigned short, MicroBitLightSensor*, void (MicroBitLightSensor::*)(MicroBitEvent), unsigned short)
 .text._ZN19MicroBitLightSensorD2Ev
                0x000000000001a7a8       0x5c ym/microbit-dal/source/microbit-dal.a(MicroBitLightSensor.cpp.o)
                0x000000000001a7a8                MicroBitLightSensor::~MicroBitLightSensor()
                0x000000000001a7a8                MicroBitLightSensor::~MicroBitLightSensor()
 .text._ZN18MicroBitMessageBus6removeEP16MicroBitListener
                0x000000000001a804       0x7c ym/microbit-dal/source/microbit-dal.a(MicroBitMessageBus.cpp.o)
                0x000000000001a804                MicroBitMessageBus::remove(MicroBitListener*)
 .text._ZN18MicroBitMessageBus3addEP16MicroBitListener
                0x000000000001a880       0xd4 ym/microbit-dal/source/microbit-dal.a(MicroBitMessageBus.cpp.o)
                0x000000000001a880                MicroBitMessageBus::add(MicroBitListener*)
 .text._ZN18MicroBitMessageBusD2Ev
                0x000000000001a954       0x20 ym/microbit-dal/source/microbit-dal.a(MicroBitMessageBus.cpp.o)
                0x000000000001a954                MicroBitMessageBus::~MicroBitMessageBus()
                0x000000000001a954                MicroBitMessageBus::~MicroBitMessageBus()
 .text._ZThn4_N18MicroBitMessageBusD1Ev
                0x000000000001a974       0x10 ym/microbit-dal/source/microbit-dal.a(MicroBitMessageBus.cpp.o)
                0x000000000001a974                non-virtual thunk to MicroBitMessageBus::~MicroBitMessageBus()
 .text._ZThn4_N18MicroBitMessageBusD0Ev
                0x000000000001a984       0x10 ym/microbit-dal/source/microbit-dal.a(MicroBitMessageBus.cpp.o)
                0x000000000001a984                non-virtual thunk to MicroBitMessageBus::~MicroBitMessageBus()
 .text._ZN18MicroBitMessageBusC2Ev
                0x000000000001a994       0x3c ym/microbit-dal/source/microbit-dal.a(MicroBitMessageBus.cpp.o)
                0x000000000001a994                MicroBitMessageBus::MicroBitMessageBus()
                0x000000000001a994                MicroBitMessageBus::MicroBitMessageBus()
 .text._ZN18MicroBitMessageBus7processER13MicroBitEventb
                0x000000000001a9d0       0x88 ym/microbit-dal/source/microbit-dal.a(MicroBitMessageBus.cpp.o)
                0x000000000001a9d0                MicroBitMessageBus::process(MicroBitEvent&, bool)
 .text._ZThn4_N18MicroBitMessageBus8idleTickEv
                0x000000000001aa58       0x10 ym/microbit-dal/source/microbit-dal.a(MicroBitMessageBus.cpp.o)
                0x000000000001aa58                non-virtual thunk to MicroBitMessageBus::idleTick()
 .text._ZN13MicroBitRadioC2Et
                0x000000000001aa68       0x44 ym/microbit-dal/source/microbit-dal.a(MicroBitRadio.cpp.o)
                0x000000000001aa68                MicroBitRadio::MicroBitRadio(unsigned short)
                0x000000000001aa68                MicroBitRadio::MicroBitRadio(unsigned short)
 .text._ZN13MicroBitRadio16setFrequencyBandEi
                0x000000000001aaac       0x30 ym/microbit-dal/source/microbit-dal.a(MicroBitRadio.cpp.o)
                0x000000000001aaac                MicroBitRadio::setFrequencyBand(int)
 .text._ZN13MicroBitRadio7setRSSIEi
                0x000000000001aadc       0x14 ym/microbit-dal/source/microbit-dal.a(MicroBitRadio.cpp.o)
                0x000000000001aadc                MicroBitRadio::setRSSI(int)
 .text._ZN13MicroBitRadio7getRSSIEv
                0x000000000001aaf0       0x14 ym/microbit-dal/source/microbit-dal.a(MicroBitRadio.cpp.o)
                0x000000000001aaf0                MicroBitRadio::getRSSI()
 .text._ZN13MicroBitRadio10queueRxBufEv
                0x000000000001ab04       0x60 ym/microbit-dal/source/microbit-dal.a(MicroBitRadio.cpp.o)
                0x000000000001ab04                MicroBitRadio::queueRxBuf()
 .text.RADIO_IRQHandler
                0x000000000001ab64       0x68 ym/microbit-dal/source/microbit-dal.a(MicroBitRadio.cpp.o)
                0x000000000001ab64                RADIO_IRQHandler
 .text._ZN13MicroBitRadio8setGroupEh
                0x000000000001abcc       0x28 ym/microbit-dal/source/microbit-dal.a(MicroBitRadio.cpp.o)
                0x000000000001abcc                MicroBitRadio::setGroup(unsigned char)
 .text._ZN13MicroBitRadio6enableEv
                0x000000000001abf4      0x140 ym/microbit-dal/source/microbit-dal.a(MicroBitRadio.cpp.o)
                0x000000000001abf4                MicroBitRadio::enable()
 .text._ZN13MicroBitRadio4recvEv
                0x000000000001ad34       0x28 ym/microbit-dal/source/microbit-dal.a(MicroBitRadio.cpp.o)
                0x000000000001ad34                MicroBitRadio::recv()
 .text._ZN13MicroBitRadio4sendEP11FrameBuffer
                0x000000000001ad5c       0xc0 ym/microbit-dal/source/microbit-dal.a(MicroBitRadio.cpp.o)
                0x000000000001ad5c                MicroBitRadio::send(FrameBuffer*)
 .text._ZN21MicroBitRadioDatagram4recvEPhi
                0x000000000001ae1c       0x3c ym/microbit-dal/source/microbit-dal.a(MicroBitRadioDatagram.cpp.o)
                0x000000000001ae1c                MicroBitRadioDatagram::recv(unsigned char*, int)
 .text._ZN21MicroBitRadioDatagram4sendEPhi
                0x000000000001ae58       0x38 ym/microbit-dal/source/microbit-dal.a(MicroBitRadioDatagram.cpp.o)
                0x000000000001ae58                MicroBitRadioDatagram::send(unsigned char*, int)
 .text._ZN14MicroBitSerial12dataReceivedEv
                0x000000000001ae90       0x94 ym/microbit-dal/source/microbit-dal.a(MicroBitSerial.cpp.o)
                0x000000000001ae90                MicroBitSerial::dataReceived()
 .text._ZN14MicroBitSerial6lockRxEv
                0x000000000001af24       0x10 ym/microbit-dal/source/microbit-dal.a(MicroBitSerial.cpp.o)
                0x000000000001af24                MicroBitSerial::lockRx()
 .text._ZN14MicroBitSerial6lockTxEv
                0x000000000001af34       0x10 ym/microbit-dal/source/microbit-dal.a(MicroBitSerial.cpp.o)
                0x000000000001af34                MicroBitSerial::lockTx()
 .text._ZN14MicroBitSerial8unlockRxEv
                0x000000000001af44       0x10 ym/microbit-dal/source/microbit-dal.a(MicroBitSerial.cpp.o)
                0x000000000001af44                MicroBitSerial::unlockRx()
 .text._ZN14MicroBitSerial8unlockTxEv
                0x000000000001af54       0x10 ym/microbit-dal/source/microbit-dal.a(MicroBitSerial.cpp.o)
                0x000000000001af54                MicroBitSerial::unlockTx()
 .text._ZN14MicroBitSerial4baudEi
                0x000000000001af64       0x14 ym/microbit-dal/source/microbit-dal.a(MicroBitSerial.cpp.o)
                0x000000000001af64                MicroBitSerial::baud(int)
 .text._ZN14MicroBitSerialC2E7PinNameS0_hh
                0x000000000001af78       0x50 ym/microbit-dal/source/microbit-dal.a(MicroBitSerial.cpp.o)
                0x000000000001af78                MicroBitSerial::MicroBitSerial(PinName, PinName, unsigned char, unsigned char)
                0x000000000001af78                MicroBitSerial::MicroBitSerial(PinName, PinName, unsigned char, unsigned char)
 .text._ZN14MicroBitSerial10eventAfterEi18MicroBitSerialMode
                0x000000000001afc8       0x38 ym/microbit-dal/source/microbit-dal.a(MicroBitSerial.cpp.o)
                0x000000000001afc8                MicroBitSerial::eventAfter(int, MicroBitSerialMode)
 .text._ZN14MicroBitSerial7getCharE18MicroBitSerialMode
                0x000000000001b000       0x64 ym/microbit-dal/source/microbit-dal.a(MicroBitSerial.cpp.o)
                0x000000000001b000                MicroBitSerial::getChar(MicroBitSerialMode)
 .text._ZN14MicroBitSerial11dataWrittenEv
                0x000000000001b064       0x60 ym/microbit-dal/source/microbit-dal.a(MicroBitSerial.cpp.o)
                0x000000000001b064                MicroBitSerial::dataWritten()
 .text._ZN14MicroBitSerial12initialiseTxEv
                0x000000000001b0c4       0x50 ym/microbit-dal/source/microbit-dal.a(MicroBitSerial.cpp.o)
                0x000000000001b0c4                MicroBitSerial::initialiseTx()
 .text._ZN4mbed10SerialBase6attachI14MicroBitSerialEEvPT_MS3_FvvENS0_7IrqTypeE
                0x000000000001b114       0x40 ym/microbit-dal/source/microbit-dal.a(MicroBitSerial.cpp.o)
                0x000000000001b114                void mbed::SerialBase::attach<MicroBitSerial>(MicroBitSerial*, void (MicroBitSerial::*)(), mbed::SerialBase::IrqType)
 .text._ZN14MicroBitSerial14setTxInterruptEPhi18MicroBitSerialMode
                0x000000000001b154       0x70 ym/microbit-dal/source/microbit-dal.a(MicroBitSerial.cpp.o)
                0x000000000001b154                MicroBitSerial::setTxInterrupt(unsigned char*, int, MicroBitSerialMode)
 .text._ZN14MicroBitSerial8sendCharEc18MicroBitSerialMode
                0x000000000001b1c4       0x58 ym/microbit-dal/source/microbit-dal.a(MicroBitSerial.cpp.o)
                0x000000000001b1c4                MicroBitSerial::sendChar(char, MicroBitSerialMode)
 .text._ZN14MicroBitSerial12initialiseRxEv
                0x000000000001b21c       0x68 ym/microbit-dal/source/microbit-dal.a(MicroBitSerial.cpp.o)
                0x000000000001b21c                MicroBitSerial::initialiseRx()
 .text._ZN14MicroBitSerial4readE18MicroBitSerialMode
                0x000000000001b284       0x44 ym/microbit-dal/source/microbit-dal.a(MicroBitSerial.cpp.o)
                0x000000000001b284                MicroBitSerial::read(MicroBitSerialMode)
 .text._ZN15MicroBitStorage4sizeEv
                0x000000000001b2c8       0x60 ym/microbit-dal/source/microbit-dal.a(MicroBitStorage.cpp.o)
                0x000000000001b2c8                MicroBitStorage::size()
 .text._ZN15MicroBitStorage3putEPKcPhi
                0x000000000001b328      0x1ac ym/microbit-dal/source/microbit-dal.a(MicroBitStorage.cpp.o)
                0x000000000001b328                MicroBitStorage::put(char const*, unsigned char*, int)
 .text._ZL18nvmc_event_handlerm
                0x000000000001b4d4       0x10 ym/microbit-dal/source/microbit-dal.a(MicroBitFlash.cpp.o)
 .text._ZN13MicroBitFlashC2Ev
                0x000000000001b4e4       0x24 ym/microbit-dal/source/microbit-dal.a(MicroBitFlash.cpp.o)
                0x000000000001b4e4                MicroBitFlash::MicroBitFlash()
                0x000000000001b4e4                MicroBitFlash::MicroBitFlash()
 .text._ZN13MicroBitFlash10erase_pageEPm
                0x000000000001b508       0x70 ym/microbit-dal/source/microbit-dal.a(MicroBitFlash.cpp.o)
                0x000000000001b508                MicroBitFlash::erase_page(unsigned long*)
 .text._ZN13MicroBitFlash10flash_burnEPmS0_i
                0x000000000001b578       0x80 ym/microbit-dal/source/microbit-dal.a(MicroBitFlash.cpp.o)
                0x000000000001b578                MicroBitFlash::flash_burn(unsigned long*, unsigned long*, int)
 .text._ZN13MicroBitFlash11flash_writeEPvS0_iS0_
                0x000000000001b5f8       0xdc ym/microbit-dal/source/microbit-dal.a(MicroBitFlash.cpp.o)
                0x000000000001b5f8                MicroBitFlash::flash_write(void*, void*, int, void*)
 .text._ZN18MicroBitBLEManager8idleTickEv
                0x000000000001b6d4      0x114 ym/microbit-dal/source/microbit-dal.a(MicroBitBLEManager.cpp.o)
                0x000000000001b6d4                MicroBitBLEManager::idleTick()
 .text._ZN18MicroBitBLEManagerC2ER15MicroBitStorage
                0x000000000001b7e8       0x38 ym/microbit-dal/source/microbit-dal.a(MicroBitBLEManager.cpp.o)
                0x000000000001b7e8                MicroBitBLEManager::MicroBitBLEManager(MicroBitStorage&)
                0x000000000001b7e8                MicroBitBLEManager::MicroBitBLEManager(MicroBitStorage&)
 .text          0x000000000001b820      0x124 ym/microbit-dal/source/microbit-dal.a(CortexContextSwitch.s.obj)
                0x000000000001b820                swap_context
                0x000000000001b8a2                save_context
                0x000000000001b8e6                save_register_context
                0x000000000001b916                restore_register_context
 .text.NVIC_SystemReset
                0x000000000001b944       0x18 ym/microbit-dal/source/microbit-dal.a(MicroBitDevice.cpp.o)
 .text._Z14microbit_panici
                0x000000000001b95c      0x198 ym/microbit-dal/source/microbit-dal.a(MicroBitDevice.cpp.o)
                0x000000000001b95c                microbit_panic(int)
 .text._ZN13MicroBitImageC2Ev
                0x000000000001baf4        0xc ym/microbit-dal/source/microbit-dal.a(MicroBitImage.cpp.o)
                0x000000000001baf4                MicroBitImage::MicroBitImage()
                0x000000000001baf4                MicroBitImage::MicroBitImage()
 .text._ZN13MicroBitImage10printImageEssPKh
                0x000000000001bb00       0x5c ym/microbit-dal/source/microbit-dal.a(MicroBitImage.cpp.o)
                0x000000000001bb00                MicroBitImage::printImage(short, short, unsigned char const*)
 .text._ZN13MicroBitImage4initEssPKh
                0x000000000001bb5c       0x4c ym/microbit-dal/source/microbit-dal.a(MicroBitImage.cpp.o)
                0x000000000001bb5c                MicroBitImage::init(short, short, unsigned char const*)
 .text._ZN13MicroBitImage5printEcss
                0x000000000001bba8       0x94 ym/microbit-dal/source/microbit-dal.a(MicroBitImage.cpp.o)
                0x000000000001bba8                MicroBitImage::print(char, short, short)
 .text._ZN13MicroBitImage9shiftLeftEs
                0x000000000001bc3c       0x54 ym/microbit-dal/source/microbit-dal.a(MicroBitImage.cpp.o)
                0x000000000001bc3c                MicroBitImage::shiftLeft(short)
 .text.startup._GLOBAL__sub_I__ZN13MicroBitImage10EmptyImageE
                0x000000000001bc90       0x28 ym/microbit-dal/source/microbit-dal.a(MicroBitImage.cpp.o)
 .text._ZN3BLE3gapEv
                0x000000000001bcb8       0x20 ym/ble/source/ble.a(BLE.cpp.o)
                0x000000000001bcb8                BLE::gap()
 .text.btle_set_user_evt_handler
                0x000000000001bcd8        0xc ym/ble-nrf51822/source/ble-nrf51822.a(btle.cpp.o)
                0x000000000001bcd8                btle_set_user_evt_handler
 .text.app_error_handler
                0x000000000001bce4       0x20 ym/ble-nrf51822/source/ble-nrf51822.a(btle.cpp.o)
                0x000000000001bce4                app_error_handler
 .text.intern_softdevice_events_execute
                0x000000000001bd04       0xb0 ym/nrf51-sdk/source/nrf51-sdk.a(softdevice_handler.c.o)
                0x000000000001bd04                intern_softdevice_events_execute
 .text.SWI2_IRQHandler
                0x000000000001bdb4       0x24 ym/nrf51-sdk/source/nrf51-sdk.a(softdevice_handler.c.o)
                0x000000000001bdb4                SWI2_IRQHandler
 .text.SWI1_IRQHandler
                0x000000000001bdd8       0x20 ym/nrf51-sdk/source/nrf51-sdk.a(ble_radio_notification.c.o)
                0x000000000001bdd8                SWI1_IRQHandler
 .text._ZN4mbed3I2CC2E7PinNameS1_
                0x000000000001bdf8       0x30 ym/mbed-classic/existing/mbed-classic.a(I2C.cpp.o)
                0x000000000001bdf8                mbed::I2C::I2C(PinName, PinName)
                0x000000000001bdf8                mbed::I2C::I2C(PinName, PinName)
 .text._ZN4mbed3I2C6aquireEv
                0x000000000001be28       0x1c ym/mbed-classic/existing/mbed-classic.a(I2C.cpp.o)
                0x000000000001be28                mbed::I2C::aquire()
 .text._ZN4mbed9RawSerialC2E7PinNameS1_
                0x000000000001be44       0x14 ym/mbed-classic/existing/mbed-classic.a(RawSerial.cpp.o)
                0x000000000001be44                mbed::RawSerial::RawSerial(PinName, PinName)
                0x000000000001be44                mbed::RawSerial::RawSerial(PinName, PinName)
 .text._sbrk    0x000000000001be58       0x28 ym/mbed-classic/existing/mbed-classic.a(retarget.cpp.o)
                0x000000000001be58                _sbrk
 .text._ZN4mbed10SerialBaseC2E7PinNameS1_
                0x000000000001be80       0x3c ym/mbed-classic/existing/mbed-classic.a(SerialBase.cpp.o)
                0x000000000001be80                mbed::SerialBase::SerialBase(PinName, PinName)
                0x000000000001be80                mbed::SerialBase::SerialBase(PinName, PinName)
 .text._ZN4mbed7TimeoutD2Ev
                0x000000000001bebc       0x1c ym/mbed-classic/existing/mbed-classic.a(Timeout.cpp.o)
                0x000000000001bebc                mbed::Timeout::~Timeout()
                0x000000000001bebc                mbed::Timeout::~Timeout()
 .text._ZN4mbed10TimerEventC2Ev
                0x000000000001bed8       0x2c ym/mbed-classic/existing/mbed-classic.a(TimerEvent.cpp.o)
                0x000000000001bed8                mbed::TimerEvent::TimerEvent()
                0x000000000001bed8                mbed::TimerEvent::TimerEvent()
 .text._ZN4mbed10TimerEventD2Ev
                0x000000000001bf04       0x18 ym/mbed-classic/existing/mbed-classic.a(TimerEvent.cpp.o)
                0x000000000001bf04                mbed::TimerEvent::~TimerEvent()
                0x000000000001bf04                mbed::TimerEvent::~TimerEvent()
 .text.get_us_ticker_data
                0x000000000001bf1c        0x8 ym/mbed-classic/existing/mbed-classic.a(us_ticker_api.c.o)
                0x000000000001bf1c                get_us_ticker_data
 .text.us_ticker_irq_handler
                0x000000000001bf24       0x10 ym/mbed-classic/existing/mbed-classic.a(us_ticker_api.c.o)
                0x000000000001bf24                us_ticker_irq_handler
 .text          0x000000000001bf34       0x48 ym/mbed-classic/existing/mbed-classic.a(startup_NRF51822.S.obj)
                0x000000000001bf34                Reset_Handler
                0x000000000001bf70                NMI_Handler
                0x000000000001bf72                HardFault_Handler
                0x000000000001bf74                SVC_Handler
                0x000000000001bf76                PendSV_Handler
                0x000000000001bf78                SysTick_Handler
                0x000000000001bf7a                SWI4_IRQHandler
                0x000000000001bf7a                TEMP_IRQHandler
                0x000000000001bf7a                QDEC_IRQHandler
                0x000000000001bf7a                SWI5_IRQHandler
                0x000000000001bf7a                TIMER0_IRQHandler
                0x000000000001bf7a                SWI0_IRQHandler
                0x000000000001bf7a                ECB_IRQHandler
                0x000000000001bf7a                Default_Handler
                0x000000000001bf7a                ADC_IRQHandler
                0x000000000001bf7a                SWI3_IRQHandler
                0x000000000001bf7a                CCM_AAR_IRQHandler
                0x000000000001bf7a                WDT_IRQHandler
                0x000000000001bf7a                RNG_IRQHandler
                0x000000000001bf7a                SPI1_TWI1_IRQHandler
                0x000000000001bf7a                TIMER2_IRQHandler
                0x000000000001bf7a                RTC1_IRQHandler
                0x000000000001bf7a                SPI0_TWI0_IRQHandler
                0x000000000001bf7a                RTC0_IRQHandler
                0x000000000001bf7a                GPIOTE_IRQHandler
                0x000000000001bf7a                POWER_CLOCK_IRQHandler
                0x000000000001bf7a                LPCOMP_IRQHandler
 .text.analogin_init
                0x000000000001bf7c       0x50 ym/mbed-classic/existing/mbed-classic.a(analogin_api.c.o)
                0x000000000001bf7c                analogin_init
 .text.analogin_read_u16
                0x000000000001bfcc       0x40 ym/mbed-classic/existing/mbed-classic.a(analogin_api.c.o)
                0x000000000001bfcc                analogin_read_u16
 .text.gpio_init
                0x000000000001c00c       0x30 ym/mbed-classic/existing/mbed-classic.a(gpio_api.c.o)
                0x000000000001c00c                gpio_init
 .text.i2c_do_write
                0x000000000001c03c       0x2c ym/mbed-classic/existing/mbed-classic.a(i2c_api.c.o)
                0x000000000001c03c                i2c_do_write
 .text.i2c_do_read
                0x000000000001c068       0x3c ym/mbed-classic/existing/mbed-classic.a(i2c_api.c.o)
                0x000000000001c068                i2c_do_read
 .text.i2c_frequency
                0x000000000001c0a4       0x48 ym/mbed-classic/existing/mbed-classic.a(i2c_api.c.o)
                0x000000000001c0a4                i2c_frequency
 .text.twi_master_init
                0x000000000001c0ec       0x44 ym/mbed-classic/existing/mbed-classic.a(i2c_api.c.o)
                0x000000000001c0ec                twi_master_init
 .text.i2c_init
                0x000000000001c130       0xc4 ym/mbed-classic/existing/mbed-classic.a(i2c_api.c.o)
                0x000000000001c130                i2c_init
 .text.i2c_reset
                0x000000000001c1f4       0x34 ym/mbed-classic/existing/mbed-classic.a(i2c_api.c.o)
                0x000000000001c1f4                i2c_reset
 .text.i2c_stop
                0x000000000001c228       0x34 ym/mbed-classic/existing/mbed-classic.a(i2c_api.c.o)
                0x000000000001c228                i2c_stop
 .text.checkError
                0x000000000001c25c       0x28 ym/mbed-classic/existing/mbed-classic.a(i2c_api.c.o)
                0x000000000001c25c                checkError
 .text.port_init
                0x000000000001c284       0x28 ym/mbed-classic/existing/mbed-classic.a(port_api.c.o)
                0x000000000001c284                port_init
 .text.serial_baud.part.0
                0x000000000001c2ac       0x38 ym/mbed-classic/existing/mbed-classic.a(serial_api.c.o)
 .text.serial_init
                0x000000000001c2e4       0xb8 ym/mbed-classic/existing/mbed-classic.a(serial_api.c.o)
                0x000000000001c2e4                serial_init
 .text.serial_baud
                0x000000000001c39c       0x20 ym/mbed-classic/existing/mbed-classic.a(serial_api.c.o)
                0x000000000001c39c                serial_baud
 .text.UART0_IRQHandler
                0x000000000001c3bc       0x4c ym/mbed-classic/existing/mbed-classic.a(serial_api.c.o)
                0x000000000001c3bc                UART0_IRQHandler
 .text.serial_irq_handler
                0x000000000001c408       0x18 ym/mbed-classic/existing/mbed-classic.a(serial_api.c.o)
                0x000000000001c408                serial_irq_handler
 .text.serial_irq_set
                0x000000000001c420       0x88 ym/mbed-classic/existing/mbed-classic.a(serial_api.c.o)
                0x000000000001c420                serial_irq_set
 .text.serial_putc
                0x000000000001c4a8       0x1c ym/mbed-classic/existing/mbed-classic.a(serial_api.c.o)
                0x000000000001c4a8                serial_putc
 .text.twi_master_clear_bus
                0x000000000001c4c4       0xb4 ym/mbed-classic/existing/mbed-classic.a(twi_master.c.o)
 .text.twi_master_init_and_clear
                0x000000000001c578       0x74 ym/mbed-classic/existing/mbed-classic.a(twi_master.c.o)
                0x000000000001c578                twi_master_init_and_clear
 .text.tmr1_getCounter64
                0x000000000001c5ec       0x50 ym/mbed-classic/existing/mbed-classic.a(us_ticker.c.o)
 .text.TIMER1_IRQHandler
                0x000000000001c63c       0x50 ym/mbed-classic/existing/mbed-classic.a(us_ticker.c.o)
                0x000000000001c63c                TIMER1_IRQHandler
 .text.us_ticker_init
                0x000000000001c68c       0x8c ym/mbed-classic/existing/mbed-classic.a(us_ticker.c.o)
                0x000000000001c68c                us_ticker_init
 .text.us_ticker_read
                0x000000000001c718       0x18 ym/mbed-classic/existing/mbed-classic.a(us_ticker.c.o)
                0x000000000001c718                us_ticker_read
 .text.us_ticker_set_interrupt
                0x000000000001c730       0x54 ym/mbed-classic/existing/mbed-classic.a(us_ticker.c.o)
                0x000000000001c730                us_ticker_set_interrupt
 .text.pinmap_peripheral
                0x000000000001c784       0x20 ym/mbed-classic/existing/mbed-classic.a(pinmap_common.c.o)
                0x000000000001c784                pinmap_peripheral
 .text.SystemInit
                0x000000000001c7a4       0xb0 ym/mbed-classic/existing/mbed-classic.a(system_nrf51.c.o)
                0x000000000001c7a4                SystemInit
 .text._ZSt15get_new_handlerv
                0x000000000001c854        0xc /Applications/yotta.app/Contents/Resources/prerequisites/gcc-arm-none-eabi-4_9-2015q3/bin/../lib/gcc/arm-none-eabi/4.9.3/../../../../arm-none-eabi/lib/armv6-m/libstdc++_nano.a(new_handler.o)
                0x000000000001c854                std::get_new_handler()
 .text          0x000000000001c860       0x14 /Applications/yotta.app/Contents/Resources/prerequisites/gcc-arm-none-eabi-4_9-2015q3/bin/../lib/gcc/arm-none-eabi/4.9.3/armv6-m/libgcc.a(_thumb1_case_uqi.o)
                0x000000000001c860                __gnu_thumb1_case_uqi
 .text          0x000000000001c874      0x120 /Applications/yotta.app/Contents/Resources/prerequisites/gcc-arm-none-eabi-4_9-2015q3/bin/../lib/gcc/arm-none-eabi/4.9.3/armv6-m/libgcc.a(_udivsi3.o)
                0x000000000001c874                __udivsi3
                0x000000000001c874                __aeabi_uidiv
                0x000000000001c980                __aeabi_uidivmod
 .text          0x000000000001c994      0x1e0 /Applications/yotta.app/Contents/Resources/prerequisites/gcc-arm-none-eabi-4_9-2015q3/bin/../lib/gcc/arm-none-eabi/4.9.3/armv6-m/libgcc.a(_divsi3.o)
                0x000000000001c994                __aeabi_idiv
                0x000000000001c994                __divsi3
                0x000000000001cb60                __aeabi_idivmod
 .text          0x000000000001cb74        0x4 /Applications/yotta.app/Contents/Resources/prerequisites/gcc-arm-none-eabi-4_9-2015q3/bin/../lib/gcc/arm-none-eabi/4.9.3/armv6-m/libgcc.a(_dvmd_tls.o)
                0x000000000001cb74                __aeabi_ldiv0
                0x000000000001cb74                __aeabi_idiv0
 .text          0x000000000001cb78       0x74 /Applications/yotta.app/Contents/Resources/prerequisites/gcc-arm-none-eabi-4_9-2015q3/bin/../lib/gcc/arm-none-eabi/4.9.3/armv6-m/libgcc.a(_arm_cmpsf2.o)
                0x000000000001cb78                __aeabi_cfrcmple
                0x000000000001cb80                __aeabi_cfcmple
                0x000000000001cb80                __aeabi_cfcmpeq
                0x000000000001cb90                __aeabi_fcmpeq
                0x000000000001cb9c                __aeabi_fcmplt
                0x000000000001cbb0                __aeabi_fcmple
                0x000000000001cbc4                __aeabi_fcmpgt
                0x000000000001cbd8                __aeabi_fcmpge
 .text          0x000000000001cbec       0x40 /Applications/yotta.app/Contents/Resources/prerequisites/gcc-arm-none-eabi-4_9-2015q3/bin/../lib/gcc/arm-none-eabi/4.9.3/armv6-m/libgcc.a(_aeabi_uldivmod.o)
                0x000000000001cbec                __aeabi_uldivmod
 .text          0x000000000001cc2c       0x6c /Applications/yotta.app/Contents/Resources/prerequisites/gcc-arm-none-eabi-4_9-2015q3/bin/../lib/gcc/arm-none-eabi/4.9.3/armv6-m/libgcc.a(bpabi.o)
                0x000000000001cc2c                __gnu_ldivmod_helper
                0x000000000001cc64                __gnu_uldivmod_helper
 .text          0x000000000001cc98      0x270 /Applications/yotta.app/Contents/Resources/prerequisites/gcc-arm-none-eabi-4_9-2015q3/bin/../lib/gcc/arm-none-eabi/4.9.3/armv6-m/libgcc.a(divsf3.o)
                0x000000000001cc98                __aeabi_fdiv
 .text          0x000000000001cf08       0x54 /Applications/yotta.app/Contents/Resources/prerequisites/gcc-arm-none-eabi-4_9-2015q3/bin/../lib/gcc/arm-none-eabi/4.9.3/armv6-m/libgcc.a(eqsf2.o)
                0x000000000001cf08                __nesf2
                0x000000000001cf08                __eqsf2
 .text          0x000000000001cf5c       0x94 /Applications/yotta.app/Contents/Resources/prerequisites/gcc-arm-none-eabi-4_9-2015q3/bin/../lib/gcc/arm-none-eabi/4.9.3/armv6-m/libgcc.a(gesf2.o)
                0x000000000001cf5c                __gtsf2
                0x000000000001cf5c                __gesf2
 .text          0x000000000001cff0       0x8c /Applications/yotta.app/Contents/Resources/prerequisites/gcc-arm-none-eabi-4_9-2015q3/bin/../lib/gcc/arm-none-eabi/4.9.3/armv6-m/libgcc.a(lesf2.o)
                0x000000000001cff0                __lesf2
                0x000000000001cff0                __ltsf2
 .text          0x000000000001d07c      0x264 /Applications/yotta.app/Contents/Resources/prerequisites/gcc-arm-none-eabi-4_9-2015q3/bin/../lib/gcc/arm-none-eabi/4.9.3/armv6-m/libgcc.a(mulsf3.o)
                0x000000000001d07c                __aeabi_fmul
 .text          0x000000000001d2e0      0x2fc /Applications/yotta.app/Contents/Resources/prerequisites/gcc-arm-none-eabi-4_9-2015q3/bin/../lib/gcc/arm-none-eabi/4.9.3/armv6-m/libgcc.a(subsf3.o)
                0x000000000001d2e0                __aeabi_fsub
 .text          0x000000000001d5dc       0x40 /Applications/yotta.app/Contents/Resources/prerequisites/gcc-arm-none-eabi-4_9-2015q3/bin/../lib/gcc/arm-none-eabi/4.9.3/armv6-m/libgcc.a(fixsfsi.o)
                0x000000000001d5dc                __aeabi_f2iz
 .text          0x000000000001d61c       0x90 /Applications/yotta.app/Contents/Resources/prerequisites/gcc-arm-none-eabi-4_9-2015q3/bin/../lib/gcc/arm-none-eabi/4.9.3/armv6-m/libgcc.a(floatsisf.o)
                0x000000000001d61c                __aeabi_i2f
 .text          0x000000000001d6ac      0x648 /Applications/yotta.app/Contents/Resources/prerequisites/gcc-arm-none-eabi-4_9-2015q3/bin/../lib/gcc/arm-none-eabi/4.9.3/armv6-m/libgcc.a(divdf3.o)
                0x000000000001d6ac                __aeabi_ddiv
 .text          0x000000000001dcf4       0xa8 /Applications/yotta.app/Contents/Resources/prerequisites/gcc-arm-none-eabi-4_9-2015q3/bin/../lib/gcc/arm-none-eabi/4.9.3/armv6-m/libgcc.a(extendsfdf2.o)
                0x000000000001dcf4                __aeabi_f2d
 .text          0x000000000001dd9c      0x120 /Applications/yotta.app/Contents/Resources/prerequisites/gcc-arm-none-eabi-4_9-2015q3/bin/../lib/gcc/arm-none-eabi/4.9.3/armv6-m/libgcc.a(truncdfsf2.o)
                0x000000000001dd9c                __aeabi_d2f
 .text          0x000000000001debc       0x3c /Applications/yotta.app/Contents/Resources/prerequisites/gcc-arm-none-eabi-4_9-2015q3/bin/../lib/gcc/arm-none-eabi/4.9.3/armv6-m/libgcc.a(_clzsi2.o)
                0x000000000001debc                __clzsi2
 .text          0x000000000001def8       0x54 /Applications/yotta.app/Contents/Resources/prerequisites/gcc-arm-none-eabi-4_9-2015q3/bin/../lib/gcc/arm-none-eabi/4.9.3/armv6-m/libgcc.a(_muldi3.o)
                0x000000000001def8                __aeabi_lmul
                0x000000000001def8                __muldi3
 .text          0x000000000001df4c      0x1f0 /Applications/yotta.app/Contents/Resources/prerequisites/gcc-arm-none-eabi-4_9-2015q3/bin/../lib/gcc/arm-none-eabi/4.9.3/armv6-m/libgcc.a(_divdi3.o)
                0x000000000001df4c                __divdi3
 .text          0x000000000001e13c      0x158 /Applications/yotta.app/Contents/Resources/prerequisites/gcc-arm-none-eabi-4_9-2015q3/bin/../lib/gcc/arm-none-eabi/4.9.3/armv6-m/libgcc.a(_udivdi3.o)
                0x000000000001e13c                __udivdi3
 .text          0x000000000001e294       0x18 /Applications/yotta.app/Contents/Resources/prerequisites/gcc-arm-none-eabi-4_9-2015q3/bin/../lib/gcc/arm-none-eabi/4.9.3/armv6-m/libgcc.a(_clzdi2.o)
                0x000000000001e294                __clzdi2
 .text.sqrtf    0x000000000001e2ac       0xac /Applications/yotta.app/Contents/Resources/prerequisites/gcc-arm-none-eabi-4_9-2015q3/bin/../lib/gcc/arm-none-eabi/4.9.3/../../../../arm-none-eabi/lib/armv6-m/libm.a(lib_a-wf_sqrt.o)
                0x000000000001e2ac                sqrtf
 .text.__ieee754_sqrtf
                0x000000000001e358       0xb8 /Applications/yotta.app/Contents/Resources/prerequisites/gcc-arm-none-eabi-4_9-2015q3/bin/../lib/gcc/arm-none-eabi/4.9.3/../../../../arm-none-eabi/lib/armv6-m/libm.a(lib_a-ef_sqrt.o)
                0x000000000001e358                __ieee754_sqrtf
 .text.matherr  0x000000000001e410        0x4 /Applications/yotta.app/Contents/Resources/prerequisites/gcc-arm-none-eabi-4_9-2015q3/bin/../lib/gcc/arm-none-eabi/4.9.3/../../../../arm-none-eabi/lib/armv6-m/libm.a(lib_a-s_matherr.o)
                0x000000000001e410                matherr
 .text.__fpclassifyf
                0x000000000001e414       0x40 /Applications/yotta.app/Contents/Resources/prerequisites/gcc-arm-none-eabi-4_9-2015q3/bin/../lib/gcc/arm-none-eabi/4.9.3/../../../../arm-none-eabi/lib/armv6-m/libm.a(lib_a-sf_fpclassify.o)
                0x000000000001e414                __fpclassifyf
 .text.__cxa_atexit
                0x000000000001e454       0x1c /Applications/yotta.app/Contents/Resources/prerequisites/gcc-arm-none-eabi-4_9-2015q3/bin/../lib/gcc/arm-none-eabi/4.9.3/../../../../arm-none-eabi/lib/armv6-m/libc_nano.a(lib_a-cxa_atexit.o)
                0x000000000001e454                __cxa_atexit
 .text.__errno  0x000000000001e470        0xc /Applications/yotta.app/Contents/Resources/prerequisites/gcc-arm-none-eabi-4_9-2015q3/bin/../lib/gcc/arm-none-eabi/4.9.3/../../../../arm-none-eabi/lib/armv6-m/libc_nano.a(lib_a-errno.o)
                0x000000000001e470                __errno
 .text.exit     0x000000000001e47c       0x2c /Applications/yotta.app/Contents/Resources/prerequisites/gcc-arm-none-eabi-4_9-2015q3/bin/../lib/gcc/arm-none-eabi/4.9.3/../../../../arm-none-eabi/lib/armv6-m/libc_nano.a(lib_a-exit.o)
                0x000000000001e47c                exit
 .text.__libc_init_array
                0x000000000001e4a8       0x4c /Applications/yotta.app/Contents/Resources/prerequisites/gcc-arm-none-eabi-4_9-2015q3/bin/../lib/gcc/arm-none-eabi/4.9.3/../../../../arm-none-eabi/lib/armv6-m/libc_nano.a(lib_a-init.o)
                0x000000000001e4a8                __libc_init_array
 .text.malloc   0x000000000001e4f4       0x14 /Applications/yotta.app/Contents/Resources/prerequisites/gcc-arm-none-eabi-4_9-2015q3/bin/../lib/gcc/arm-none-eabi/4.9.3/../../../../arm-none-eabi/lib/armv6-m/libc_nano.a(lib_a-malloc.o)
                0x000000000001e4f4                malloc
 .text.free     0x000000000001e508       0x14 /Applications/yotta.app/Contents/Resources/prerequisites/gcc-arm-none-eabi-4_9-2015q3/bin/../lib/gcc/arm-none-eabi/4.9.3/../../../../arm-none-eabi/lib/armv6-m/libc_nano.a(lib_a-malloc.o)
                0x000000000001e508                free
 .text._free_r  0x000000000001e51c       0x8c /Applications/yotta.app/Contents/Resources/prerequisites/gcc-arm-none-eabi-4_9-2015q3/bin/../lib/gcc/arm-none-eabi/4.9.3/../../../../arm-none-eabi/lib/armv6-m/libc_nano.a(lib_a-nano-freer.o)
                0x000000000001e51c                _free_r
 .text._malloc_r
                0x000000000001e5a8       0xb0 /Applications/yotta.app/Contents/Resources/prerequisites/gcc-arm-none-eabi-4_9-2015q3/bin/../lib/gcc/arm-none-eabi/4.9.3/../../../../arm-none-eabi/lib/armv6-m/libc_nano.a(lib_a-nano-mallocr.o)
                0x000000000001e5a8                _malloc_r
 .text._sbrk_r  0x000000000001e658       0x24 /Applications/yotta.app/Contents/Resources/prerequisites/gcc-arm-none-eabi-4_9-2015q3/bin/../lib/gcc/arm-none-eabi/4.9.3/../../../../arm-none-eabi/lib/armv6-m/libc_nano.a(lib_a-sbrkr.o)
                0x000000000001e658                _sbrk_r
 .text.raise    0x000000000001e67c       0x14 /Applications/yotta.app/Contents/Resources/prerequisites/gcc-arm-none-eabi-4_9-2015q3/bin/../lib/gcc/arm-none-eabi/4.9.3/../../../../arm-none-eabi/lib/armv6-m/libc_nano.a(lib_a-signal.o)
                0x000000000001e67c                raise
 .text._kill_r  0x000000000001e690       0x24 /Applications/yotta.app/Contents/Resources/prerequisites/gcc-arm-none-eabi-4_9-2015q3/bin/../lib/gcc/arm-none-eabi/4.9.3/../../../../arm-none-eabi/lib/armv6-m/libc_nano.a(lib_a-signalr.o)
                0x000000000001e690                _kill_r
 .text.vsnprintf
                0x000000000001e6b4       0x20 /Applications/yotta.app/Contents/Resources/prerequisites/gcc-arm-none-eabi-4_9-2015q3/bin/../lib/gcc/arm-none-eabi/4.9.3/../../../../arm-none-eabi/lib/armv6-m/libc_nano.a(lib_a-vsnprintf.o)
                0x000000000001e6b4                vsnprintf
                0x000000000001e6b4                vsniprintf
 .text._vsprintf_r
                0x000000000001e6d4       0x30 /Applications/yotta.app/Contents/Resources/prerequisites/gcc-arm-none-eabi-4_9-2015q3/bin/../lib/gcc/arm-none-eabi/4.9.3/../../../../arm-none-eabi/lib/armv6-m/libc_nano.a(lib_a-vsprintf.o)
                0x000000000001e6d4                _vsiprintf_r
                0x000000000001e6d4                _vsprintf_r
 .text.vsprintf
                0x000000000001e704       0x1c /Applications/yotta.app/Contents/Resources/prerequisites/gcc-arm-none-eabi-4_9-2015q3/bin/../lib/gcc/arm-none-eabi/4.9.3/../../../../arm-none-eabi/lib/armv6-m/libc_nano.a(lib_a-vsprintf.o)
                0x000000000001e704                vsprintf
                0x000000000001e704                vsiprintf
 .text.__ssputs_r
                0x000000000001e720       0xc0 /Applications/yotta.app/Contents/Resources/prerequisites/gcc-arm-none-eabi-4_9-2015q3/bin/../lib/gcc/arm-none-eabi/4.9.3/../../../../arm-none-eabi/lib/armv6-m/libc_nano.a(lib_a-nano-svfprintf.o)
                0x000000000001e720                __ssputs_r
 .text._svfprintf_r
                0x000000000001e7e0      0x1ec /Applications/yotta.app/Contents/Resources/prerequisites/gcc-arm-none-eabi-4_9-2015q3/bin/../lib/gcc/arm-none-eabi/4.9.3/../../../../arm-none-eabi/lib/armv6-m/libc_nano.a(lib_a-nano-svfprintf.o)
                0x000000000001e7e0                _svfprintf_r
                0x000000000001e7e0                _svfiprintf_r
 .text._printf_i
                0x000000000001e9cc      0x230 /Applications/yotta.app/Contents/Resources/prerequisites/gcc-arm-none-eabi-4_9-2015q3/bin/../lib/gcc/arm-none-eabi/4.9.3/../../../../arm-none-eabi/lib/armv6-m/libc_nano.a(lib_a-nano-vfprintf_i.o)
                0x000000000001e9cc                _printf_i
 .text          0x000000000001ebfc      0x2f8 /Applications/yotta.app/Contents/Resources/prerequisites/gcc-arm-none-eabi-4_9-2015q3/bin/../lib/gcc/arm-none-eabi/4.9.3/armv6-m/libgcc.a(addsf3.o)
                0x000000000001ebfc                __aeabi_fadd
 .text._getpid  0x000000000001eef4       0x10 /Applications/yotta.app/Contents/Resources/prerequisites/gcc-arm-none-eabi-4_9-2015q3/bin/../lib/gcc/arm-none-eabi/4.9.3/../../../../arm-none-eabi/lib/armv6-m/libnosys.a(getpid.o)
                0x000000000001eef4                _getpid
 .text._kill    0x000000000001ef04       0x10 /Applications/yotta.app/Contents/Resources/prerequisites/gcc-arm-none-eabi-4_9-2015q3/bin/../lib/gcc/arm-none-eabi/4.9.3/../../../../arm-none-eabi/lib/armv6-m/libnosys.a(kill.o)
                0x000000000001ef04                _kill
 .text._ZN17MicroBitComponent10systemTickEv
                0x000000000001ef14        0x2 source/CMakeFiles/bitlogo-vm.dir/Users/brian/files/projects/microbitlogo/bitlogo-vm/source/lib.cpp.o
                0x000000000001ef14                MicroBitComponent::systemTick()
 .text._ZN17MicroBitComponent8idleTickEv
                0x000000000001ef16        0x2 source/CMakeFiles/bitlogo-vm.dir/Users/brian/files/projects/microbitlogo/bitlogo-vm/source/lib.cpp.o
                0x000000000001ef16                MicroBitComponent::idleTick()
 .text._ZN13MicroBitRadioD2Ev
                0x000000000001ef18        0x2 source/CMakeFiles/bitlogo-vm.dir/Users/brian/files/projects/microbitlogo/bitlogo-vm/source/lib.cpp.o
                0x000000000001ef18                MicroBitRadio::~MicroBitRadio()
                0x000000000001ef18                MicroBitRadio::~MicroBitRadio()
 .text._Z5mwaitl.part.0
                0x000000000001ef1a       0x30 source/CMakeFiles/bitlogo-vm.dir/Users/brian/files/projects/microbitlogo/bitlogo-vm/source/lib.cpp.o
 .text._Z5mwaitl
                0x000000000001ef4a        0xc source/CMakeFiles/bitlogo-vm.dir/Users/brian/files/projects/microbitlogo/bitlogo-vm/source/lib.cpp.o
                0x000000000001ef4a                mwait(long)
 .text._Z5ddotsPh
                0x000000000001ef56       0x16 source/CMakeFiles/bitlogo-vm.dir/Users/brian/files/projects/microbitlogo/bitlogo-vm/source/lib.cpp.o
                0x000000000001ef56                ddots(unsigned char*)
 .text._Z7buf_avePs
                0x000000000001ef6c       0x1e source/CMakeFiles/bitlogo-vm.dir/Users/brian/files/projects/microbitlogo/bitlogo-vm/source/lib.cpp.o
                0x000000000001ef6c                buf_ave(short*)
 .text._Z6accmagv
                0x000000000001ef8a       0x2a source/CMakeFiles/bitlogo-vm.dir/Users/brian/files/projects/microbitlogo/bitlogo-vm/source/lib.cpp.o
                0x000000000001ef8a                accmag()
 .text._ZN13MicroBitRadioD0Ev
                0x000000000001efb4        0xc source/CMakeFiles/bitlogo-vm.dir/Users/brian/files/projects/microbitlogo/bitlogo-vm/source/lib.cpp.o
                0x000000000001efb4                MicroBitRadio::~MicroBitRadio()
 .text._ZN4mbed10SerialBaseD2Ev
                0x000000000001efc0        0x2 source/CMakeFiles/bitlogo-vm.dir/Users/brian/files/projects/microbitlogo/bitlogo-vm/source/main.cpp.o
                0x000000000001efc0                mbed::SerialBase::~SerialBase()
                0x000000000001efc0                mbed::SerialBase::~SerialBase()
 .text._ZN4mbed9RawSerialD2Ev
                0x000000000001efc2        0x2 source/CMakeFiles/bitlogo-vm.dir/Users/brian/files/projects/microbitlogo/bitlogo-vm/source/main.cpp.o
                0x000000000001efc2                mbed::RawSerial::~RawSerial()
                0x000000000001efc2                mbed::RawSerial::~RawSerial()
 .text._ZN4mbed9RawSerialD0Ev
                0x000000000001efc4        0xc source/CMakeFiles/bitlogo-vm.dir/Users/brian/files/projects/microbitlogo/bitlogo-vm/source/main.cpp.o
                0x000000000001efc4                mbed::RawSerial::~RawSerial()
 .text._ZN4mbed10SerialBaseD0Ev
                0x000000000001efd0        0xc source/CMakeFiles/bitlogo-vm.dir/Users/brian/files/projects/microbitlogo/bitlogo-vm/source/main.cpp.o
                0x000000000001efd0                mbed::SerialBase::~SerialBase()
 .text._ZN14MicroBitSerialD0Ev
                0x000000000001efdc       0x12 source/CMakeFiles/bitlogo-vm.dir/Users/brian/files/projects/microbitlogo/bitlogo-vm/source/main.cpp.o
                0x000000000001efdc                MicroBitSerial::~MicroBitSerial()
 .text._Z6read16v
                0x000000000001efee       0x12 source/CMakeFiles/bitlogo-vm.dir/Users/brian/files/projects/microbitlogo/bitlogo-vm/source/main.cpp.o
                0x000000000001efee                read16()
 .text._Z6read32v
                0x000000000001f000       0x26 source/CMakeFiles/bitlogo-vm.dir/Users/brian/files/projects/microbitlogo/bitlogo-vm/source/main.cpp.o
                0x000000000001f000                read32()
 .text._Z10readmemoryv
                0x000000000001f026       0x1e source/CMakeFiles/bitlogo-vm.dir/Users/brian/files/projects/microbitlogo/bitlogo-vm/source/main.cpp.o
                0x000000000001f026                readmemory()
 .text._Z11writememoryv
                0x000000000001f044       0x22 source/CMakeFiles/bitlogo-vm.dir/Users/brian/files/projects/microbitlogo/bitlogo-vm/source/main.cpp.o
                0x000000000001f044                writememory()
 .text._Z3runv  0x000000000001f066        0xe source/CMakeFiles/bitlogo-vm.dir/Users/brian/files/projects/microbitlogo/bitlogo-vm/source/main.cpp.o
                0x000000000001f066                run()
 .text._Z11setshapecmdv
                0x000000000001f074       0x2e source/CMakeFiles/bitlogo-vm.dir/Users/brian/files/projects/microbitlogo/bitlogo-vm/source/main.cpp.o
                0x000000000001f074                setshapecmd()
 .text._Z8dispatchh
                0x000000000001f0a2       0x4c source/CMakeFiles/bitlogo-vm.dir/Users/brian/files/projects/microbitlogo/bitlogo-vm/source/main.cpp.o
                0x000000000001f0a2                dispatch(unsigned char)
 .text._ZN18MicroBitBLEManagerD0Ev
                0x000000000001f0ee       0x12 source/CMakeFiles/bitlogo-vm.dir/Users/brian/files/projects/microbitlogo/bitlogo-vm/source/main.cpp.o
                0x000000000001f0ee                MicroBitBLEManager::~MicroBitBLEManager()
 .text._Z9eval_donev
                0x000000000001f100        0x2 source/CMakeFiles/bitlogo-vm.dir/Users/brian/files/projects/microbitlogo/bitlogo-vm/source/vm.cpp.o
                0x000000000001f100                eval_done()
 .text._Z11prim_randomv
                0x000000000001f102        0x2 source/CMakeFiles/bitlogo-vm.dir/Users/brian/files/projects/microbitlogo/bitlogo-vm/source/vm.cpp.o
                0x000000000001f102                prim_random()
 .text._Z9prim_readv
                0x000000000001f104        0x2 source/CMakeFiles/bitlogo-vm.dir/Users/brian/files/projects/microbitlogo/bitlogo-vm/source/vm.cpp.o
                0x000000000001f104                prim_read()
 .text._Z13vm_run_vectorl
                0x000000000001f106       0x14 source/CMakeFiles/bitlogo-vm.dir/Users/brian/files/projects/microbitlogo/bitlogo-vm/source/vm.cpp.o
                0x000000000001f106                vm_run_vector(long)
 .text._Z9eval_eolrv
                0x000000000001f11a        0x8 source/CMakeFiles/bitlogo-vm.dir/Users/brian/files/projects/microbitlogo/bitlogo-vm/source/vm.cpp.o
                0x000000000001f11a                eval_eolr()
 .text._ZN14MicroBitTickerD0Ev
                0x000000000001f122       0x12 source/CMakeFiles/bitlogo-vm.dir/Users/brian/files/projects/microbitlogo/bitlogo-vm/source/MicroBitTicker.cpp.o
                0x000000000001f122                MicroBitTicker::~MicroBitTicker()
 .text._ZN27MicroBitSystemTimerCallback10systemTickEv
                0x000000000001f134        0x8 ym/microbit-dal/source/microbit-dal.a(MicroBitFiber.cpp.o)
                0x000000000001f134                MicroBitSystemTimerCallback::systemTick()
 .text._ZN27MicroBitSystemTimerCallbackD2Ev
                0x000000000001f13c        0x2 ym/microbit-dal/source/microbit-dal.a(MicroBitFiber.cpp.o)
                0x000000000001f13c                MicroBitSystemTimerCallback::~MicroBitSystemTimerCallback()
                0x000000000001f13c                MicroBitSystemTimerCallback::~MicroBitSystemTimerCallback()
 .text._ZN27MicroBitSystemTimerCallbackD0Ev
                0x000000000001f13e        0xc ym/microbit-dal/source/microbit-dal.a(MicroBitFiber.cpp.o)
                0x000000000001f13e                MicroBitSystemTimerCallback::~MicroBitSystemTimerCallback()
 .text._Z11queue_fiberP5FiberPS0_
                0x000000000001f14a       0x26 ym/microbit-dal/source/microbit-dal.a(MicroBitFiber.cpp.o)
                0x000000000001f14a                queue_fiber(Fiber*, Fiber**)
 .text._Z13dequeue_fiberP5Fiber
                0x000000000001f170       0x2e ym/microbit-dal/source/microbit-dal.a(MicroBitFiber.cpp.o)
                0x000000000001f170                dequeue_fiber(Fiber*)
 .text._Z12create_fiberPFvPvES_S1_
                0x000000000001f19e       0x1e ym/microbit-dal/source/microbit-dal.a(MicroBitFiber.cpp.o)
                0x000000000001f19e                create_fiber(void (*)(void*), void*, void (*)(void*))
 .text._Z17verify_stack_sizeP5Fiber
                0x000000000001f1bc       0x32 ym/microbit-dal/source/microbit-dal.a(MicroBitFiber.cpp.o)
                0x000000000001f1bc                verify_stack_size(Fiber*)
 .text._Z20fiber_wait_for_eventtt
                0x000000000001f1ee       0x12 ym/microbit-dal/source/microbit-dal.a(MicroBitFiber.cpp.o)
                0x000000000001f1ee                fiber_wait_for_event(unsigned short, unsigned short)
 .text._Z16launch_new_fiberPFvvES0_
                0x000000000001f200        0xe ym/microbit-dal/source/microbit-dal.a(MicroBitFiber.cpp.o)
                0x000000000001f200                launch_new_fiber(void (*)(), void (*)())
 .text._Z13release_fiberPv
                0x000000000001f20e       0x10 ym/microbit-dal/source/microbit-dal.a(MicroBitFiber.cpp.o)
                0x000000000001f20e                release_fiber(void*)
 .text._Z22launch_new_fiber_paramPFvPvES1_S_
                0x000000000001f21e       0x18 ym/microbit-dal/source/microbit-dal.a(MicroBitFiber.cpp.o)
                0x000000000001f21e                launch_new_fiber_param(void (*)(void*), void (*)(void*), void*)
 .text._Z9idle_taskv
                0x000000000001f236        0xc ym/microbit-dal/source/microbit-dal.a(MicroBitFiber.cpp.o)
                0x000000000001f236                idle_task()
 .text._ZN12MicroBitFontC2EPKhi
                0x000000000001f242        0x6 ym/microbit-dal/source/microbit-dal.a(MicroBitFont.cpp.o)
                0x000000000001f242                MicroBitFont::MicroBitFont(unsigned char const*, int)