Archive member included because of file (symbol)

ym/microbit-dal/source/microbit-dal.a(MicroBitDevice.cpp.o)
                              source/CMakeFiles/bitlogo-vm.dir/Users/brian/files/projects/bit-vm/source/lib.cpp.o (ble_running())
ym/microbit-dal/source/microbit-dal.a(MicroBitFiber.cpp.o)
                              source/CMakeFiles/bitlogo-vm.dir/Users/brian/files/projects/bit-vm/source/main.cpp.o (scheduler_init(EventModel&))
ym/microbit-dal/source/microbit-dal.a(MicroBitFont.cpp.o)
                              source/CMakeFiles/bitlogo-vm.dir/Users/brian/files/projects/bit-vm/source/lib.cpp.o (MicroBitFont::MicroBitFont(unsigned char const*, int))
ym/microbit-dal/source/microbit-dal.a(MicroBitHeapAllocator.cpp.o)
                              source/CMakeFiles/bitlogo-vm.dir/Users/brian/files/projects/bit-vm/source/main.cpp.o (microbit_create_heap(unsigned long, unsigned long))
ym/microbit-dal/source/microbit-dal.a(MicroBitListener.cpp.o)
                              ym/microbit-dal/source/microbit-dal.a(MicroBitFiber.cpp.o) (MicroBitListener::MicroBitListener(unsigned short, unsigned short, void (*)(MicroBitEvent), unsigned short))
ym/microbit-dal/source/microbit-dal.a(MicroBitSystemTimer.cpp.o)
                              source/CMakeFiles/bitlogo-vm.dir/Users/brian/files/projects/bit-vm/source/lib.cpp.o (system_timer_current_time())
ym/microbit-dal/source/microbit-dal.a(ManagedString.cpp.o)
                              source/CMakeFiles/bitlogo-vm.dir/Users/brian/files/projects/bit-vm/source/lib.cpp.o (ManagedString::~ManagedString())
ym/microbit-dal/source/microbit-dal.a(MicroBitEvent.cpp.o)
                              ym/microbit-dal/source/microbit-dal.a(MicroBitListener.cpp.o) (MicroBitEvent::MicroBitEvent())
ym/microbit-dal/source/microbit-dal.a(PacketBuffer.cpp.o)
                              ym/microbit-dal/source/microbit-dal.a(ManagedString.cpp.o) (PacketBuffer::getBytes())
ym/microbit-dal/source/microbit-dal.a(RefCounted.cpp.o)
                              ym/microbit-dal/source/microbit-dal.a(ManagedString.cpp.o) (RefCounted::init())
ym/microbit-dal/source/microbit-dal.a(MicroBitAccelerometer.cpp.o)
                              source/CMakeFiles/bitlogo-vm.dir/Users/brian/files/projects/bit-vm/source/lib.cpp.o (MicroBitAccelerometer::~MicroBitAccelerometer())
ym/microbit-dal/source/microbit-dal.a(MicroBitButton.cpp.o)
                              source/CMakeFiles/bitlogo-vm.dir/Users/brian/files/projects/bit-vm/source/lib.cpp.o (MicroBitButton::~MicroBitButton())
ym/microbit-dal/source/microbit-dal.a(MicroBitDisplay.cpp.o)
                              source/CMakeFiles/bitlogo-vm.dir/Users/brian/files/projects/bit-vm/source/lib.cpp.o (MicroBitDisplay::~MicroBitDisplay())
ym/microbit-dal/source/microbit-dal.a(MicroBitI2C.cpp.o)
                              source/CMakeFiles/bitlogo-vm.dir/Users/brian/files/projects/bit-vm/source/lib.cpp.o (MicroBitI2C::MicroBitI2C(PinName, PinName))
ym/microbit-dal/source/microbit-dal.a(MicroBitLightSensor.cpp.o)
                              ym/microbit-dal/source/microbit-dal.a(MicroBitDisplay.cpp.o) (MicroBitLightSensor::read())
ym/microbit-dal/source/microbit-dal.a(MicroBitMessageBus.cpp.o)
                              source/CMakeFiles/bitlogo-vm.dir/Users/brian/files/projects/bit-vm/source/main.cpp.o (MicroBitMessageBus::~MicroBitMessageBus())
ym/microbit-dal/source/microbit-dal.a(MicroBitRadio.cpp.o)
                              source/CMakeFiles/bitlogo-vm.dir/Users/brian/files/projects/bit-vm/source/lib.cpp.o (MicroBitRadio::MicroBitRadio(unsigned short))
ym/microbit-dal/source/microbit-dal.a(MicroBitRadioDatagram.cpp.o)
                              ym/microbit-dal/source/microbit-dal.a(MicroBitRadio.cpp.o) (MicroBitRadioDatagram::MicroBitRadioDatagram(MicroBitRadio&))
ym/microbit-dal/source/microbit-dal.a(MicroBitRadioEvent.cpp.o)
                              ym/microbit-dal/source/microbit-dal.a(MicroBitRadio.cpp.o) (MicroBitRadioEvent::MicroBitRadioEvent(MicroBitRadio&))
ym/microbit-dal/source/microbit-dal.a(MicroBitSerial.cpp.o)
                              source/CMakeFiles/bitlogo-vm.dir/Users/brian/files/projects/bit-vm/source/main.cpp.o (MicroBitSerial::baud(int))
ym/microbit-dal/source/microbit-dal.a(MicroBitStorage.cpp.o)
                              source/CMakeFiles/bitlogo-vm.dir/Users/brian/files/projects/bit-vm/source/lib.cpp.o (MicroBitStorage::flashPageErase(unsigned long*))
ym/microbit-dal/source/microbit-dal.a(MicroBitFlash.cpp.o)
                              source/CMakeFiles/bitlogo-vm.dir/Users/brian/files/projects/bit-vm/source/main.cpp.o (MicroBitFlash::MicroBitFlash())
ym/microbit-dal/source/microbit-dal.a(MicroBitBLEManager.cpp.o)
                              source/CMakeFiles/bitlogo-vm.dir/Users/brian/files/projects/bit-vm/source/main.cpp.o (MicroBitBLEManager::MicroBitBLEManager(MicroBitStorage&))
ym/microbit-dal/source/microbit-dal.a(MicroBitUARTService.cpp.o)
[...]
Memory Configuration

Name             Origin             Length             Attributes
FLASH            0x0000000000018000 0x0000000000028000 xr
RAM              0x0000000020002000 0x0000000000002000 xrw
*default*        0x0000000000000000 0xffffffffffffffff

Linker script and memory map

LOAD /Applications/yotta.app/Contents/Resources/prerequisites/gcc-arm-none-eabi-4_9-2015q3/bin/../lib/gcc/arm-none-eabi/4.9.3/armv6-m/crti.o
LOAD /Applications/yotta.app/Contents/Resources/prerequisites/gcc-arm-none-eabi-4_9-2015q3/bin/../lib/gcc/arm-none-eabi/4.9.3/armv6-m/crtbegin.o
LOAD /Applications/yotta.app/Contents/Resources/prerequisites/gcc-arm-none-eabi-4_9-2015q3/bin/../lib/gcc/arm-none-eabi/4.9.3/../../../../arm-none-eabi/lib/armv6-m/crt0.o
START GROUP
LOAD source/CMakeFiles/bitlogo-vm.dir/Users/brian/files/projects/bit-vm/source/shapes.cpp.o
LOAD source/CMakeFiles/bitlogo-vm.dir/Users/brian/files/projects/bit-vm/source/MicroBitTicker.cpp.o
LOAD source/CMakeFiles/bitlogo-vm.dir/Users/brian/files/projects/bit-vm/source/lib.cpp.o
LOAD source/CMakeFiles/bitlogo-vm.dir/Users/brian/files/projects/bit-vm/source/main.cpp.o
LOAD source/CMakeFiles/bitlogo-vm.dir/Users/brian/files/projects/bit-vm/source/vm.cpp.o
LOAD ym/microbit/source/microbit.a
LOAD ym/microbit-dal/source/microbit-dal.a
LOAD ym/ble/source/ble.a
LOAD ym/ble-nrf51822/source/ble-nrf51822.a
LOAD ym/ble/source/ble.a
LOAD ym/ble-nrf51822/source/ble-nrf51822.a
LOAD ym/nrf51-sdk/source/nrf51-sdk.a
LOAD ym/mbed-classic/existing/mbed-classic.a
LOAD /Applications/yotta.app/Contents/Resources/prerequisites/gcc-arm-none-eabi-4_9-2015q3/bin/../lib/gcc/arm-none-eabi/4.9.3/../../../../arm-none-eabi/lib/armv6-m/libnosys.a
LOAD /Applications/yotta.app/Contents/Resources/prerequisites/gcc-arm-none-eabi-4_9-2015q3/bin/../lib/gcc/arm-none-eabi/4.9.3/../../../../arm-none-eabi/lib/armv6-m/libstdc++_nano.a
LOAD /Applications/yotta.app/Contents/Resources/prerequisites/gcc-arm-none-eabi-4_9-2015q3/bin/../lib/gcc/arm-none-eabi/4.9.3/../../../../arm-none-eabi/lib/armv6-m/libsupc++_nano.a
LOAD /Applications/yotta.app/Contents/Resources/prerequisites/gcc-arm-none-eabi-4_9-2015q3/bin/../lib/gcc/arm-none-eabi/4.9.3/armv6-m/libgcc.a
LOAD /Applications/yotta.app/Contents/Resources/prerequisites/gcc-arm-none-eabi-4_9-2015q3/bin/../lib/gcc/arm-none-eabi/4.9.3/../../../../arm-none-eabi/lib/armv6-m/libstdc++_nano.a
LOAD /Applications/yotta.app/Contents/Resources/prerequisites/gcc-arm-none-eabi-4_9-2015q3/bin/../lib/gcc/arm-none-eabi/4.9.3/../../../../arm-none-eabi/lib/armv6-m/libsupc++_nano.a
LOAD /Applications/yotta.app/Contents/Resources/prerequisites/gcc-arm-none-eabi-4_9-2015q3/bin/../lib/gcc/arm-none-eabi/4.9.3/../../../../arm-none-eabi/lib/armv6-m/libm.a
LOAD /Applications/yotta.app/Contents/Resources/prerequisites/gcc-arm-none-eabi-4_9-2015q3/bin/../lib/gcc/arm-none-eabi/4.9.3/../../../../arm-none-eabi/lib/armv6-m/libc_nano.a
LOAD /Applications/yotta.app/Contents/Resources/prerequisites/gcc-arm-none-eabi-4_9-2015q3/bin/../lib/gcc/arm-none-eabi/4.9.3/armv6-m/libgcc.a
END GROUP
LOAD /Applications/yotta.app/Contents/Resources/prerequisites/gcc-arm-none-eabi-4_9-2015q3/bin/../lib/gcc/arm-none-eabi/4.9.3/../../../../arm-none-eabi/lib/armv6-m/libstdc++_nano.a
LOAD /Applications/yotta.app/Contents/Resources/prerequisites/gcc-arm-none-eabi-4_9-2015q3/bin/../lib/gcc/arm-none-eabi/4.9.3/../../../../arm-none-eabi/lib/armv6-m/libm.a
LOAD /Applications/yotta.app/Contents/Resources/prerequisites/gcc-arm-none-eabi-4_9-2015q3/bin/../lib/gcc/arm-none-eabi/4.9.3/../../../../arm-none-eabi/lib/armv6-m/libc_nano.a
START GROUP
LOAD /Applications/yotta.app/Contents/Resources/prerequisites/gcc-arm-none-eabi-4_9-2015q3/bin/../lib/gcc/arm-none-eabi/4.9.3/armv6-m/libgcc.a
LOAD /Applications/yotta.app/Contents/Resources/prerequisites/gcc-arm-none-eabi-4_9-2015q3/bin/../lib/gcc/arm-none-eabi/4.9.3/../../../../arm-none-eabi/lib/armv6-m/libc_nano.a
END GROUP
START GROUP
LOAD /Applications/yotta.app/Contents/Resources/prerequisites/gcc-arm-none-eabi-4_9-2015q3/bin/../lib/gcc/arm-none-eabi/4.9.3/armv6-m/libgcc.a
LOAD /Applications/yotta.app/Contents/Resources/prerequisites/gcc-arm-none-eabi-4_9-2015q3/bin/../lib/gcc/arm-none-eabi/4.9.3/../../../../arm-none-eabi/lib/armv6-m/libc_nano.a
END GROUP
LOAD /Applications/yotta.app/Contents/Resources/prerequisites/gcc-arm-none-eabi-4_9-2015q3/bin/../lib/gcc/arm-none-eabi/4.9.3/armv6-m/crtend.o
LOAD /Applications/yotta.app/Contents/Resources/prerequisites/gcc-arm-none-eabi-4_9-2015q3/bin/../lib/gcc/arm-none-eabi/4.9.3/armv6-m/crtn.o

.text           0x0000000000018000     0xcd4c
 *(SORT(.Vectors))
 .Vectors       0x0000000000018000       0xc0 ym/mbed-classic/existing/mbed-classic.a(startup_NRF51822.S.obj)
                0x0000000000018000                __Vectors
 *(SORT(.text*))
 .text          0x00000000000180c0       0x60 /Applications/yotta.app/Contents/Resources/prerequisites/gcc-arm-none-eabi-4_9-2015q3/bin/../lib/gcc/arm-none-eabi/4.9.3/armv6-m/crtbegin.o
 .text          0x0000000000018120       0x78 /Applications/yotta.app/Contents/Resources/prerequisites/gcc-arm-none-eabi-4_9-2015q3/bin/../lib/gcc/arm-none-eabi/4.9.3/../../../../arm-none-eabi/lib/armv6-m/crt0.o
                0x0000000000018120                _mainCRTStartup
                0x0000000000018120                _start
 .text._ZN14MicroBitTicker10systemTickEv
                0x0000000000018198       0x10 source/CMakeFiles/bitlogo-vm.dir/Users/brian/files/projects/bit-vm/source/MicroBitTicker.cpp.o
                0x0000000000018198                MicroBitTicker::systemTick()
 .text._ZN14MicroBitTickerD2Ev
                0x00000000000181a8       0x18 source/CMakeFiles/bitlogo-vm.dir/Users/brian/files/projects/bit-vm/source/MicroBitTicker.cpp.o
                0x00000000000181a8                MicroBitTicker::~MicroBitTicker()
                0x00000000000181a8                MicroBitTicker::~MicroBitTicker()
 .text._ZN14MicroBitTickerC2Ev
                0x00000000000181c0       0x1c source/CMakeFiles/bitlogo-vm.dir/Users/brian/files/projects/bit-vm/source/MicroBitTicker.cpp.o
                0x00000000000181c0                MicroBitTicker::MicroBitTicker()
                0x00000000000181c0                MicroBitTicker::MicroBitTicker()
 .text._Z11starttickerm
                0x00000000000181dc        0xc source/CMakeFiles/bitlogo-vm.dir/Users/brian/files/projects/bit-vm/source/lib.cpp.o
                0x00000000000181dc                startticker(unsigned long)
 .text._Z10stoptickerv
                0x00000000000181e8        0xc source/CMakeFiles/bitlogo-vm.dir/Users/brian/files/projects/bit-vm/source/lib.cpp.o
                0x00000000000181e8                stopticker()
 .text._Z9get_ticksv
                0x00000000000181f4        0xc source/CMakeFiles/bitlogo-vm.dir/Users/brian/files/projects/bit-vm/source/lib.cpp.o
                0x00000000000181f4                get_ticks()
 .text._Z8get_tiltv
                0x0000000000018200        0xc source/CMakeFiles/bitlogo-vm.dir/Users/brian/files/projects/bit-vm/source/lib.cpp.o
                0x0000000000018200                get_tilt()
 .text._Z13setbrightnessi
                0x000000000001820c       0x10 source/CMakeFiles/bitlogo-vm.dir/Users/brian/files/projects/bit-vm/source/lib.cpp.o
                0x000000000001820c                setbrightness(int)
 .text._Z11get_buttonav
                0x000000000001821c       0x10 source/CMakeFiles/bitlogo-vm.dir/Users/brian/files/projects/bit-vm/source/lib.cpp.o
                0x000000000001821c                get_buttona()
 .text._Z11get_buttonbv
                0x000000000001822c       0x10 source/CMakeFiles/bitlogo-vm.dir/Users/brian/files/projects/bit-vm/source/lib.cpp.o
                0x000000000001822c                get_buttonb()
 .text._Z5dcharc
                0x000000000001823c       0x20 source/CMakeFiles/bitlogo-vm.dir/Users/brian/files/projects/bit-vm/source/lib.cpp.o
                0x000000000001823c                dchar(char)
 .text._Z9nextshapev
                0x000000000001825c       0x48 source/CMakeFiles/bitlogo-vm.dir/Users/brian/files/projects/bit-vm/source/lib.cpp.o
                0x000000000001825c                nextshape()
 .text._Z5printl
                0x00000000000182a4       0x18 source/CMakeFiles/bitlogo-vm.dir/Users/brian/files/projects/bit-vm/source/lib.cpp.o
                0x00000000000182a4                print(long)
 .text._Z3prhl  0x00000000000182bc       0x18 source/CMakeFiles/bitlogo-vm.dir/Users/brian/files/projects/bit-vm/source/lib.cpp.o
                0x00000000000182bc                prh(long)
 .text._Z4prhbl
                0x00000000000182d4       0x18 source/CMakeFiles/bitlogo-vm.dir/Users/brian/files/projects/bit-vm/source/lib.cpp.o
                0x00000000000182d4                prhb(long)
 .text._Z4prhhl
                0x00000000000182ec       0x18 source/CMakeFiles/bitlogo-vm.dir/Users/brian/files/projects/bit-vm/source/lib.cpp.o
                0x00000000000182ec                prhh(long)
 .text._Z3prsPh
                0x0000000000018304       0x18 source/CMakeFiles/bitlogo-vm.dir/Users/brian/files/projects/bit-vm/source/lib.cpp.o
                0x0000000000018304                prs(unsigned char*)
 .text._Z3prfPcl
                0x000000000001831c       0x74 source/CMakeFiles/bitlogo-vm.dir/Users/brian/files/projects/bit-vm/source/lib.cpp.o
                0x000000000001831c                prf(char*, long)
 .text._Z6scrollPc
                0x0000000000018390       0x20 source/CMakeFiles/bitlogo-vm.dir/Users/brian/files/projects/bit-vm/source/lib.cpp.o
                0x0000000000018390                scroll(char*)
 .text._Z6dprintPcm
                0x00000000000183b0       0x24 source/CMakeFiles/bitlogo-vm.dir/Users/brian/files/projects/bit-vm/source/lib.cpp.o
                0x00000000000183b0                dprint(char*, unsigned long)
 .text._Z5clearv
                0x00000000000183d4       0x18 source/CMakeFiles/bitlogo-vm.dir/Users/brian/files/projects/bit-vm/source/lib.cpp.o
                0x00000000000183d4                clear()
 .text._Z10flashwritePmm
                0x00000000000183ec       0x14 source/CMakeFiles/bitlogo-vm.dir/Users/brian/files/projects/bit-vm/source/lib.cpp.o
                0x00000000000183ec                flashwrite(unsigned long*, unsigned long)
 .text._Z10flasherasePm
                0x0000000000018400       0x10 source/CMakeFiles/bitlogo-vm.dir/Users/brian/files/projects/bit-vm/source/lib.cpp.o
                0x0000000000018400                flasherase(unsigned long*)
 .text._Z6resettv
                0x0000000000018410       0x10 source/CMakeFiles/bitlogo-vm.dir/Users/brian/files/projects/bit-vm/source/lib.cpp.o
                0x0000000000018410                resett()
 .text._Z5timerv
                0x0000000000018420       0x14 source/CMakeFiles/bitlogo-vm.dir/Users/brian/files/projects/bit-vm/source/lib.cpp.o
                0x0000000000018420                timer()
 .text._Z11switchradiov
                0x0000000000018434       0x18 source/CMakeFiles/bitlogo-vm.dir/Users/brian/files/projects/bit-vm/source/lib.cpp.o
                0x0000000000018434                switchradio()
 .text._Z5rsendh
                0x000000000001844c       0x18 source/CMakeFiles/bitlogo-vm.dir/Users/brian/files/projects/bit-vm/source/lib.cpp.o
                0x000000000001844c                rsend(unsigned char)
 .text._Z5rreccv
                0x0000000000018464       0x34 source/CMakeFiles/bitlogo-vm.dir/Users/brian/files/projects/bit-vm/source/lib.cpp.o
                0x0000000000018464                rrecc()
 .text._Z6dshapec
                0x0000000000018498       0x54 source/CMakeFiles/bitlogo-vm.dir/Users/brian/files/projects/bit-vm/source/lib.cpp.o
                0x0000000000018498                dshape(char)
 .text._Z8lib_initv
                0x00000000000184ec       0x5c source/CMakeFiles/bitlogo-vm.dir/Users/brian/files/projects/bit-vm/source/lib.cpp.o
                0x00000000000184ec                lib_init()
 .text._Z8evt_pollv
                0x0000000000018548       0x78 source/CMakeFiles/bitlogo-vm.dir/Users/brian/files/projects/bit-vm/source/lib.cpp.o
                0x0000000000018548                evt_poll()
 .text._Z15direct_setshapehhhhh
                0x00000000000185c0       0x34 source/CMakeFiles/bitlogo-vm.dir/Users/brian/files/projects/bit-vm/source/lib.cpp.o
                0x00000000000185c0                direct_setshape(unsigned char, unsigned char, unsigned char, unsigned char, unsigned char)
 .text._Z8dev_pollv
                0x00000000000185f4       0xd8 source/CMakeFiles/bitlogo-vm.dir/Users/brian/files/projects/bit-vm/source/lib.cpp.o
                0x00000000000185f4                dev_poll()
 .text._Z4getxv
                0x00000000000186cc       0x10 source/CMakeFiles/bitlogo-vm.dir/Users/brian/files/projects/bit-vm/source/lib.cpp.o
                0x00000000000186cc                getx()
 .text._Z4getyv
                0x00000000000186dc       0x10 source/CMakeFiles/bitlogo-vm.dir/Users/brian/files/projects/bit-vm/source/lib.cpp.o
                0x00000000000186dc                gety()
 .text._Z4getzv
                0x00000000000186ec       0x10 source/CMakeFiles/bitlogo-vm.dir/Users/brian/files/projects/bit-vm/source/lib.cpp.o
                0x00000000000186ec                getz()
 .text.startup._GLOBAL__sub_I_directshape
                0x00000000000186fc      0x114 source/CMakeFiles/bitlogo-vm.dir/Users/brian/files/projects/bit-vm/source/lib.cpp.o
 .text._Z5ugetcv
                0x0000000000018810       0x14 source/CMakeFiles/bitlogo-vm.dir/Users/brian/files/projects/bit-vm/source/main.cpp.o
                0x0000000000018810                ugetc()
 .text._Z5uputch
                0x0000000000018824       0x14 source/CMakeFiles/bitlogo-vm.dir/Users/brian/files/projects/bit-vm/source/main.cpp.o
                0x0000000000018824                uputc(unsigned char)
 .text._Z7BLEgetcv
                0x0000000000018838       0x20 source/CMakeFiles/bitlogo-vm.dir/Users/brian/files/projects/bit-vm/source/main.cpp.o
                0x0000000000018838                BLEgetc()
 .text._Z7BLEputch
                0x0000000000018858       0x14 source/CMakeFiles/bitlogo-vm.dir/Users/brian/files/projects/bit-vm/source/main.cpp.o
                0x0000000000018858                BLEputc(unsigned char)
 .text._ZN18MicroBitBLEManagerD2Ev
                0x000000000001886c       0x20 source/CMakeFiles/bitlogo-vm.dir/Users/brian/files/projects/bit-vm/source/main.cpp.o
                0x000000000001886c                MicroBitBLEManager::~MicroBitBLEManager()
                0x000000000001886c                MicroBitBLEManager::~MicroBitBLEManager()
 .text._ZN14MicroBitSerialD2Ev
                0x000000000001888c       0x18 source/CMakeFiles/bitlogo-vm.dir/Users/brian/files/projects/bit-vm/source/main.cpp.o
                0x000000000001888c                MicroBitSerial::~MicroBitSerial()
                0x000000000001888c                MicroBitSerial::~MicroBitSerial()
 .text._Z10ugetcAsyncv
                0x00000000000188a4       0x10 source/CMakeFiles/bitlogo-vm.dir/Users/brian/files/projects/bit-vm/source/main.cpp.o
                0x00000000000188a4                ugetcAsync()
 .text._Z4initv
                0x00000000000188b4       0xb4 source/CMakeFiles/bitlogo-vm.dir/Users/brian/files/projects/bit-vm/source/main.cpp.o
                0x00000000000188b4                init()
 .text._Z6read16v
                0x0000000000018968       0x18 source/CMakeFiles/bitlogo-vm.dir/Users/brian/files/projects/bit-vm/source/main.cpp.o
                0x0000000000018968                read16()
 .text._Z6read32v
                0x0000000000018980       0x2c source/CMakeFiles/bitlogo-vm.dir/Users/brian/files/projects/bit-vm/source/main.cpp.o
                0x0000000000018980                read32()
 .text._Z10readmemoryv
                0x00000000000189ac       0x24 source/CMakeFiles/bitlogo-vm.dir/Users/brian/files/projects/bit-vm/source/main.cpp.o
                0x00000000000189ac                readmemory()
 .text._Z11writememoryv
                0x00000000000189d0       0x3c source/CMakeFiles/bitlogo-vm.dir/Users/brian/files/projects/bit-vm/source/main.cpp.o
                0x00000000000189d0                writememory()
 .text._Z3runv  0x0000000000018a0c       0x14 source/CMakeFiles/bitlogo-vm.dir/Users/brian/files/projects/bit-vm/source/main.cpp.o
                0x0000000000018a0c                run()
 .text._Z10writeflashv
                0x0000000000018a20       0x34 source/CMakeFiles/bitlogo-vm.dir/Users/brian/files/projects/bit-vm/source/main.cpp.o
                0x0000000000018a20                writeflash()
 .text._Z10eraseflashv
                0x0000000000018a54       0x20 source/CMakeFiles/bitlogo-vm.dir/Users/brian/files/projects/bit-vm/source/main.cpp.o
                0x0000000000018a54                eraseflash()
 .text._Z11setshapecmdv
                0x0000000000018a74       0x38 source/CMakeFiles/bitlogo-vm.dir/Users/brian/files/projects/bit-vm/source/main.cpp.o
                0x0000000000018a74                setshapecmd()
 .text._Z8dispatchh
                0x0000000000018aac       0x58 source/CMakeFiles/bitlogo-vm.dir/Users/brian/files/projects/bit-vm/source/main.cpp.o
                0x0000000000018aac                dispatch(unsigned char)
 .text._Z9uDispatchh
                0x0000000000018b04       0x24 source/CMakeFiles/bitlogo-vm.dir/Users/brian/files/projects/bit-vm/source/main.cpp.o
                0x0000000000018b04                uDispatch(unsigned char)
 .text._Z11bleDispatchh
                0x0000000000018b28       0x24 source/CMakeFiles/bitlogo-vm.dir/Users/brian/files/projects/bit-vm/source/main.cpp.o
                0x0000000000018b28                bleDispatch(unsigned char)
 .text._Z8bleAvailv
                0x0000000000018b4c       0x1c source/CMakeFiles/bitlogo-vm.dir/Users/brian/files/projects/bit-vm/source/main.cpp.o
                0x0000000000018b4c                bleAvail()
 .text.startup.main
                0x0000000000018b68       0xbc source/CMakeFiles/bitlogo-vm.dir/Users/brian/files/projects/bit-vm/source/main.cpp.o
                0x0000000000018b68                main
 .text.startup._GLOBAL__sub_I_pc
                0x0000000000018c24       0x88 source/CMakeFiles/bitlogo-vm.dir/Users/brian/files/projects/bit-vm/source/main.cpp.o
 .text._Z9eval_bytev
                0x0000000000018cac       0x20 source/CMakeFiles/bitlogo-vm.dir/Users/brian/files/projects/bit-vm/source/vm.cpp.o
                0x0000000000018cac                eval_byte()
 .text._Z8eval_numv
                0x0000000000018ccc       0x40 source/CMakeFiles/bitlogo-vm.dir/Users/brian/files/projects/bit-vm/source/vm.cpp.o
                0x0000000000018ccc                eval_num()
 .text._Z9eval_listv
                0x0000000000018d0c       0x28 source/CMakeFiles/bitlogo-vm.dir/Users/brian/files/projects/bit-vm/source/vm.cpp.o
                0x0000000000018d0c                eval_list()
 .text._Z9eval_ufunv
                0x0000000000018d34       0x64 source/CMakeFiles/bitlogo-vm.dir/Users/brian/files/projects/bit-vm/source/vm.cpp.o
                0x0000000000018d34                eval_ufun()
 .text._Z11eval_libfcnv
                0x0000000000018d98       0x54 source/CMakeFiles/bitlogo-vm.dir/Users/brian/files/projects/bit-vm/source/vm.cpp.o
                0x0000000000018d98                eval_libfcn()
 .text._Z12eval_libfcnrv
                0x0000000000018dec       0x60 source/CMakeFiles/bitlogo-vm.dir/Users/brian/files/projects/bit-vm/source/vm.cpp.o
                0x0000000000018dec                eval_libfcnr()
 .text._Z9prim_stopv
                0x0000000000018e4c       0x34 source/CMakeFiles/bitlogo-vm.dir/Users/brian/files/projects/bit-vm/source/vm.cpp.o
                0x0000000000018e4c                prim_stop()
 .text._Z11prim_outputv
                0x0000000000018e80       0x3c source/CMakeFiles/bitlogo-vm.dir/Users/brian/files/projects/bit-vm/source/vm.cpp.o
                0x0000000000018e80                prim_output()
 .text._Z9prim_callv
                0x0000000000018ebc       0x58 source/CMakeFiles/bitlogo-vm.dir/Users/brian/files/projects/bit-vm/source/vm.cpp.o
                0x0000000000018ebc                prim_call()
 .text._Z8prim_runv
                0x0000000000018f14       0x24 source/CMakeFiles/bitlogo-vm.dir/Users/brian/files/projects/bit-vm/source/vm.cpp.o
                0x0000000000018f14                prim_run()
 .text._Z13prim_runmacrov
                0x0000000000018f38       0x38 source/CMakeFiles/bitlogo-vm.dir/Users/brian/files/projects/bit-vm/source/vm.cpp.o
                0x0000000000018f38                prim_runmacro()
 .text._Z9prim_loopv
                0x0000000000018f70       0x20 source/CMakeFiles/bitlogo-vm.dir/Users/brian/files/projects/bit-vm/source/vm.cpp.o
                0x0000000000018f70                prim_loop()
 .text._Z7prim_ifv
                0x0000000000018f90       0x30 source/CMakeFiles/bitlogo-vm.dir/Users/brian/files/projects/bit-vm/source/vm.cpp.o
                0x0000000000018f90                prim_if()
 .text._Z11prim_ifelsev
                0x0000000000018fc0       0x34 source/CMakeFiles/bitlogo-vm.dir/Users/brian/files/projects/bit-vm/source/vm.cpp.o
                0x0000000000018fc0                prim_ifelse()
 .text._Z14prim_waituntilv
                0x0000000000018ff4       0x20 source/CMakeFiles/bitlogo-vm.dir/Users/brian/files/projects/bit-vm/source/vm.cpp.o
                0x0000000000018ff4                prim_waituntil()
 .text._Z11prim_gwritev
                0x0000000000019014       0x20 source/CMakeFiles/bitlogo-vm.dir/Users/brian/files/projects/bit-vm/source/vm.cpp.o
                0x0000000000019014                prim_gwrite()
 .text._Z10prim_greadv
                0x0000000000019034       0x1c source/CMakeFiles/bitlogo-vm.dir/Users/brian/files/projects/bit-vm/source/vm.cpp.o
                0x0000000000019034                prim_gread()
 .text._Z8prim_sumv
                0x0000000000019050       0x1c source/CMakeFiles/bitlogo-vm.dir/Users/brian/files/projects/bit-vm/source/vm.cpp.o
                0x0000000000019050                prim_sum()
 .text._Z15prim_differencev
                0x000000000001906c       0x1c source/CMakeFiles/bitlogo-vm.dir/Users/brian/files/projects/bit-vm/source/vm.cpp.o
                0x000000000001906c                prim_difference()
 .text._Z12prim_productv
                0x0000000000019088       0x1c source/CMakeFiles/bitlogo-vm.dir/Users/brian/files/projects/bit-vm/source/vm.cpp.o
                0x0000000000019088                prim_product()
 .text._Z13prim_quotientv
                0x00000000000190a4       0x1c source/CMakeFiles/bitlogo-vm.dir/Users/brian/files/projects/bit-vm/source/vm.cpp.o
                0x00000000000190a4                prim_quotient()
 .text._Z8prim_modv
                0x00000000000190c0       0x24 source/CMakeFiles/bitlogo-vm.dir/Users/brian/files/projects/bit-vm/source/vm.cpp.o
                0x00000000000190c0                prim_mod()
 .text._Z11prim_extendv
                0x00000000000190e4       0x14 source/CMakeFiles/bitlogo-vm.dir/Users/brian/files/projects/bit-vm/source/vm.cpp.o
                0x00000000000190e4                prim_extend()
 .text._Z12prim_extendbv
                0x00000000000190f8       0x14 source/CMakeFiles/bitlogo-vm.dir/Users/brian/files/projects/bit-vm/source/vm.cpp.o
                0x00000000000190f8                prim_extendb()
 .text._Z10prim_equalv
                0x000000000001910c       0x20 source/CMakeFiles/bitlogo-vm.dir/Users/brian/files/projects/bit-vm/source/vm.cpp.o
                0x000000000001910c                prim_equal()
 .text._Z7prim_nev
                0x000000000001912c       0x20 source/CMakeFiles/bitlogo-vm.dir/Users/brian/files/projects/bit-vm/source/vm.cpp.o
                0x000000000001912c                prim_ne()
 .text._Z12prim_greaterv
                0x000000000001914c       0x20 source/CMakeFiles/bitlogo-vm.dir/Users/brian/files/projects/bit-vm/source/vm.cpp.o
                0x000000000001914c                prim_greater()
 .text._Z9prim_lessv
                0x000000000001916c       0x20 source/CMakeFiles/bitlogo-vm.dir/Users/brian/files/projects/bit-vm/source/vm.cpp.o
                0x000000000001916c                prim_less()
 .text._Z8prim_andv
                0x000000000001918c       0x1c source/CMakeFiles/bitlogo-vm.dir/Users/brian/files/projects/bit-vm/source/vm.cpp.o
                0x000000000001918c                prim_and()
 .text._Z7prim_orv
                0x00000000000191a8       0x1c source/CMakeFiles/bitlogo-vm.dir/Users/brian/files/projects/bit-vm/source/vm.cpp.o
                0x00000000000191a8                prim_or()
 .text._Z8prim_xorv
                0x00000000000191c4       0x1c source/CMakeFiles/bitlogo-vm.dir/Users/brian/files/projects/bit-vm/source/vm.cpp.o
                0x00000000000191c4                prim_xor()
 .text._Z8prim_notv
                0x00000000000191e0       0x1c source/CMakeFiles/bitlogo-vm.dir/Users/brian/files/projects/bit-vm/source/vm.cpp.o
                0x00000000000191e0                prim_not()
 .text._Z8prim_lslv
                0x00000000000191fc       0x28 source/CMakeFiles/bitlogo-vm.dir/Users/brian/files/projects/bit-vm/source/vm.cpp.o
                0x00000000000191fc                prim_lsl()
 .text._Z10prim_readbv
                0x0000000000019224       0x18 source/CMakeFiles/bitlogo-vm.dir/Users/brian/files/projects/bit-vm/source/vm.cpp.o
                0x0000000000019224                prim_readb()
 .text._Z11prim_writebv
                0x000000000001923c       0x18 source/CMakeFiles/bitlogo-vm.dir/Users/brian/files/projects/bit-vm/source/vm.cpp.o
                0x000000000001923c                prim_writeb()
 .text._Z10prim_readhv
                0x0000000000019254       0x14 source/CMakeFiles/bitlogo-vm.dir/Users/brian/files/projects/bit-vm/source/vm.cpp.o
                0x0000000000019254                prim_readh()
 .text._Z11prim_writehv
                0x0000000000019268       0x18 source/CMakeFiles/bitlogo-vm.dir/Users/brian/files/projects/bit-vm/source/vm.cpp.o
                0x0000000000019268                prim_writeh()
 .text._Z10prim_writev
                0x0000000000019280       0x18 source/CMakeFiles/bitlogo-vm.dir/Users/brian/files/projects/bit-vm/source/vm.cpp.o
                0x0000000000019280                prim_write()
 .text._Z7prim_spv
                0x0000000000019298       0x10 source/CMakeFiles/bitlogo-vm.dir/Users/brian/files/projects/bit-vm/source/vm.cpp.o
                0x0000000000019298                prim_sp()
 .text._Z6run_vmPh
                0x00000000000192a8       0x50 source/CMakeFiles/bitlogo-vm.dir/Users/brian/files/projects/bit-vm/source/vm.cpp.o
                0x00000000000192a8                run_vm(unsigned char*)
 .text._Z9vm_run_ccv
                0x00000000000192f8       0x10 source/CMakeFiles/bitlogo-vm.dir/Users/brian/files/projects/bit-vm/source/vm.cpp.o
                0x00000000000192f8                vm_run_cc()
 .text._Z17get_local_addressv
                0x0000000000019308       0x30 source/CMakeFiles/bitlogo-vm.dir/Users/brian/files/projects/bit-vm/source/vm.cpp.o
                0x0000000000019308                get_local_address()
 .text._Z11eval_lthingv
                0x0000000000019338       0x18 source/CMakeFiles/bitlogo-vm.dir/Users/brian/files/projects/bit-vm/source/vm.cpp.o
                0x0000000000019338                eval_lthing()
 .text._Z10eval_lmakev
                0x0000000000019350       0x18 source/CMakeFiles/bitlogo-vm.dir/Users/brian/files/projects/bit-vm/source/vm.cpp.o
                0x0000000000019350                eval_lmake()
 .text._Z12eol_runmacrov
                0x0000000000019368       0x24 source/CMakeFiles/bitlogo-vm.dir/Users/brian/files/projects/bit-vm/source/vm.cpp.o
                0x0000000000019368                eol_runmacro()
 .text._Z10eol_repeatv
                0x000000000001938c       0x3c source/CMakeFiles/bitlogo-vm.dir/Users/brian/files/projects/bit-vm/source/vm.cpp.o
                0x000000000001938c                eol_repeat()
 .text._Z8eval_eolv
                0x00000000000193c8       0x40 source/CMakeFiles/bitlogo-vm.dir/Users/brian/files/projects/bit-vm/source/vm.cpp.o
                0x00000000000193c8                eval_eol()
 .text._Z11prim_repeatv
                0x0000000000019408       0x20 source/CMakeFiles/bitlogo-vm.dir/Users/brian/files/projects/bit-vm/source/vm.cpp.o
                0x0000000000019408                prim_repeat()
 .text._Z14eolr_waituntilv
                0x0000000000019428       0x2c source/CMakeFiles/bitlogo-vm.dir/Users/brian/files/projects/bit-vm/source/vm.cpp.o
                0x0000000000019428                eolr_waituntil()
 .text.NVIC_SystemReset
                0x0000000000019454       0x18 ym/microbit-dal/source/microbit-dal.a(MicroBitDevice.cpp.o)
 .text._Z14microbit_panici
                0x000000000001946c      0x198 ym/microbit-dal/source/microbit-dal.a(MicroBitDevice.cpp.o)
                0x000000000001946c                microbit_panic(int)
 .text._ZN10EventModel6listenEiiPFv13MicroBitEventEt
                0x0000000000019604       0x60 ym/microbit-dal/source/microbit-dal.a(MicroBitFiber.cpp.o)
                0x0000000000019604                EventModel::listen(int, int, void (*)(MicroBitEvent), unsigned short)
 .text._Z14scheduler_tickv
                0x0000000000019664       0x38 ym/microbit-dal/source/microbit-dal.a(MicroBitFiber.cpp.o)
                0x0000000000019664                scheduler_tick()
 .text._Z15scheduler_event13MicroBitEvent
                0x000000000001969c       0xcc ym/microbit-dal/source/microbit-dal.a(MicroBitFiber.cpp.o)
                0x000000000001969c                scheduler_event(MicroBitEvent)
 .text._Z15getFiberContextv
                0x0000000000019768       0x3c ym/microbit-dal/source/microbit-dal.a(MicroBitFiber.cpp.o)
                0x0000000000019768                getFiberContext()
 .text._Z23fiber_scheduler_runningv
                0x00000000000197a4       0x10 ym/microbit-dal/source/microbit-dal.a(MicroBitFiber.cpp.o)
                0x00000000000197a4                fiber_scheduler_running()
 .text._Z14scheduler_initR10EventModel
                0x00000000000197b4       0xa8 ym/microbit-dal/source/microbit-dal.a(MicroBitFiber.cpp.o)
                0x00000000000197b4                scheduler_init(EventModel&)
 .text._Z14__create_fibermmmi
                0x000000000001985c       0x50 ym/microbit-dal/source/microbit-dal.a(MicroBitFiber.cpp.o)
                0x000000000001985c                __create_fiber(unsigned long, unsigned long, unsigned long, int)
 .text._Z24scheduler_runqueue_emptyv
                0x00000000000198ac       0x10 ym/microbit-dal/source/microbit-dal.a(MicroBitFiber.cpp.o)
                0x00000000000198ac                scheduler_runqueue_empty()
 .text._Z24fiber_add_idle_componentP17MicroBitComponent
                0x00000000000198bc       0x1c ym/microbit-dal/source/microbit-dal.a(MicroBitFiber.cpp.o)
                0x00000000000198bc                fiber_add_idle_component(MicroBitComponent*)
 .text._Z27fiber_remove_idle_componentP17MicroBitComponent
                0x00000000000198d8       0x1c ym/microbit-dal/source/microbit-dal.a(MicroBitFiber.cpp.o)
                0x00000000000198d8                fiber_remove_idle_component(MicroBitComponent*)
 .text._Z4idlev
                0x00000000000198f4       0x2c ym/microbit-dal/source/microbit-dal.a(MicroBitFiber.cpp.o)
                0x00000000000198f4                idle()
 .text._Z8schedulev
                0x0000000000019920       0xd0 ym/microbit-dal/source/microbit-dal.a(MicroBitFiber.cpp.o)
                0x0000000000019920                schedule()
 .text._Z11fiber_sleepm
                0x00000000000199f0       0x54 ym/microbit-dal/source/microbit-dal.a(MicroBitFiber.cpp.o)
                0x00000000000199f0                fiber_sleep(unsigned long)
 .text._Z19fiber_wake_on_eventtt
                0x0000000000019a44       0x9c ym/microbit-dal/source/microbit-dal.a(MicroBitFiber.cpp.o)
                0x0000000000019a44                fiber_wake_on_event(unsigned short, unsigned short)
 .text._Z13release_fiberv
                0x0000000000019ae0       0x28 ym/microbit-dal/source/microbit-dal.a(MicroBitFiber.cpp.o)
                0x0000000000019ae0                release_fiber()
 .text._Z6invokePFvPvES_
                0x0000000000019b08       0x80 ym/microbit-dal/source/microbit-dal.a(MicroBitFiber.cpp.o)
                0x0000000000019b08                invoke(void (*)(void*), void*)
 .text._ZN12MicroBitFontC2Ev
                0x0000000000019b88       0x10 ym/microbit-dal/source/microbit-dal.a(MicroBitFont.cpp.o)
                0x0000000000019b88                MicroBitFont::MicroBitFont()
                0x0000000000019b88                MicroBitFont::MicroBitFont()
 .text._ZN12MicroBitFont13setSystemFontES_
                0x0000000000019b98       0x18 ym/microbit-dal/source/microbit-dal.a(MicroBitFont.cpp.o)
                0x0000000000019b98                MicroBitFont::setSystemFont(MicroBitFont)
 .text._ZN12MicroBitFont13getSystemFontEv
                0x0000000000019bb0       0x10 ym/microbit-dal/source/microbit-dal.a(MicroBitFont.cpp.o)
                0x0000000000019bb0                MicroBitFont::getSystemFont()
 .text.startup._GLOBAL__sub_I__ZN12MicroBitFont11defaultFontE
                0x0000000000019bc0       0x18 ym/microbit-dal/source/microbit-dal.a(MicroBitFont.cpp.o)
 .text._Z20microbit_create_heapmm
                0x0000000000019bd8       0x5c ym/microbit-dal/source/microbit-dal.a(MicroBitHeapAllocator.cpp.o)
                0x0000000000019bd8                microbit_create_heap(unsigned long, unsigned long)
 .text._Z15microbit_mallocj
                0x0000000000019c34       0x44 ym/microbit-dal/source/microbit-dal.a(MicroBitHeapAllocator.cpp.o)
                0x0000000000019c34                microbit_malloc(unsigned int)
 .text._Z13microbit_freePv
                0x0000000000019c78       0x44 ym/microbit-dal/source/microbit-dal.a(MicroBitHeapAllocator.cpp.o)
                0x0000000000019c78                microbit_free(void*)
 .text._Z23system_timer_set_periodi
                0x0000000000019cbc       0x48 ym/microbit-dal/source/microbit-dal.a(MicroBitSystemTimer.cpp.o)
                0x0000000000019cbc                system_timer_set_period(int)
 .text._Z17system_timer_initi
                0x0000000000019d04       0x54 ym/microbit-dal/source/microbit-dal.a(MicroBitSystemTimer.cpp.o)
                0x0000000000019d04                system_timer_init(int)
 .text._Z23system_timer_get_periodv
                0x0000000000019d58        0xc ym/microbit-dal/source/microbit-dal.a(MicroBitSystemTimer.cpp.o)
                0x0000000000019d58                system_timer_get_period()
 .text._Z11update_timev
                0x0000000000019d64       0x44 ym/microbit-dal/source/microbit-dal.a(MicroBitSystemTimer.cpp.o)
                0x0000000000019d64                update_time()
 .text._Z17system_timer_tickv
                0x0000000000019da8       0x24 ym/microbit-dal/source/microbit-dal.a(MicroBitSystemTimer.cpp.o)
                0x0000000000019da8                system_timer_tick()
 .text._Z25system_timer_current_timev
                0x0000000000019dcc       0x1c ym/microbit-dal/source/microbit-dal.a(MicroBitSystemTimer.cpp.o)
                0x0000000000019dcc                system_timer_current_time()
 .text._Z28system_timer_current_time_usv
                0x0000000000019de8       0x14 ym/microbit-dal/source/microbit-dal.a(MicroBitSystemTimer.cpp.o)
                0x0000000000019de8                system_timer_current_time_us()
 .text._Z26system_timer_add_componentP17MicroBitComponent
                0x0000000000019dfc       0x3c ym/microbit-dal/source/microbit-dal.a(MicroBitSystemTimer.cpp.o)
                0x0000000000019dfc                system_timer_add_component(MicroBitComponent*)
 .text._Z29system_timer_remove_componentP17MicroBitComponent
                0x0000000000019e38       0x1c ym/microbit-dal/source/microbit-dal.a(MicroBitSystemTimer.cpp.o)
                0x0000000000019e38                system_timer_remove_component(MicroBitComponent*)
 .text._ZN13ManagedStringC2EPKc
                0x0000000000019e54       0x20 ym/microbit-dal/source/microbit-dal.a(ManagedString.cpp.o)
                0x0000000000019e54                ManagedString::ManagedString(char const*)
                0x0000000000019e54                ManagedString::ManagedString(char const*)
 .text._ZN13ManagedStringC2EPKcs
                0x0000000000019e74       0x54 ym/microbit-dal/source/microbit-dal.a(ManagedString.cpp.o)
                0x0000000000019e74                ManagedString::ManagedString(char const*, short)
                0x0000000000019e74                ManagedString::ManagedString(char const*, short)
 .text._ZN13ManagedStringC2Ev
                0x0000000000019ec8        0xc ym/microbit-dal/source/microbit-dal.a(ManagedString.cpp.o)
                0x0000000000019ec8                ManagedString::ManagedString()
                0x0000000000019ec8                ManagedString::ManagedString()
 .text.startup._GLOBAL__sub_I__ZN13ManagedString9initEmptyEv
                0x0000000000019ed4       0x28 ym/microbit-dal/source/microbit-dal.a(ManagedString.cpp.o)
 .text._ZN13MicroBitEvent4fireEv
                0x0000000000019efc       0x28 ym/microbit-dal/source/microbit-dal.a(MicroBitEvent.cpp.o)
                0x0000000000019efc                MicroBitEvent::fire()
 .text.startup._GLOBAL__sub_I__ZN12PacketBuffer11EmptyPacketE
                0x0000000000019f24       0x24 ym/microbit-dal/source/microbit-dal.a(PacketBuffer.cpp.o)
 .text._ZL16isReadOnlyInlineP10RefCounted
                0x0000000000019f48       0x24 ym/microbit-dal/source/microbit-dal.a(RefCounted.cpp.o)
 .text._ZN21MicroBitAccelerometerD2Ev
                0x0000000000019f6c       0x18 ym/microbit-dal/source/microbit-dal.a(MicroBitAccelerometer.cpp.o)
                0x0000000000019f6c                MicroBitAccelerometer::~MicroBitAccelerometer()
                0x0000000000019f6c                MicroBitAccelerometer::~MicroBitAccelerometer()
 .text._ZN21MicroBitAccelerometer9configureEv
                0x0000000000019f84       0xbc ym/microbit-dal/source/microbit-dal.a(MicroBitAccelerometer.cpp.o)
                0x0000000000019f84                MicroBitAccelerometer::configure()
 .text._ZN21MicroBitAccelerometer11readCommandEhPhi
                0x000000000001a040       0x4c ym/microbit-dal/source/microbit-dal.a(MicroBitAccelerometer.cpp.o)
                0x000000000001a040                MicroBitAccelerometer::readCommand(unsigned char, unsigned char*, int)
 .text._ZN21MicroBitAccelerometerC2ER11MicroBitI2Ctt
                0x000000000001a08c       0x94 ym/microbit-dal/source/microbit-dal.a(MicroBitAccelerometer.cpp.o)
                0x000000000001a08c                MicroBitAccelerometer::MicroBitAccelerometer(MicroBitI2C&, unsigned short, unsigned short)
                0x000000000001a08c                MicroBitAccelerometer::MicroBitAccelerometer(MicroBitI2C&, unsigned short, unsigned short)
 .text._ZN21MicroBitAccelerometer12updateSampleEv
                0x000000000001a120       0x84 ym/microbit-dal/source/microbit-dal.a(MicroBitAccelerometer.cpp.o)
                0x000000000001a120                MicroBitAccelerometer::updateSample()
 .text._ZN21MicroBitAccelerometer20instantaneousPostureEv
                0x000000000001a1a4      0x20c ym/microbit-dal/source/microbit-dal.a(MicroBitAccelerometer.cpp.o)
                0x000000000001a1a4                MicroBitAccelerometer::instantaneousPosture()
 .text._ZN14MicroBitButton10systemTickEv
                0x000000000001a3b0       0xe0 ym/microbit-dal/source/microbit-dal.a(MicroBitButton.cpp.o)
                0x000000000001a3b0                MicroBitButton::systemTick()
 .text._ZN14MicroBitButtonD2Ev
                0x000000000001a490       0x18 ym/microbit-dal/source/microbit-dal.a(MicroBitButton.cpp.o)
                0x000000000001a490                MicroBitButton::~MicroBitButton()
                0x000000000001a490                MicroBitButton::~MicroBitButton()
 .text._ZN14MicroBitButtonC2E7PinNamet32MicroBitButtonEventConfiguration7PinMode
                0x000000000001a4a8       0x5c ym/microbit-dal/source/microbit-dal.a(MicroBitButton.cpp.o)
                0x000000000001a4a8                MicroBitButton::MicroBitButton(PinName, unsigned short, MicroBitButtonEventConfiguration, PinMode)
                0x000000000001a4a8                MicroBitButton::MicroBitButton(PinName, unsigned short, MicroBitButtonEventConfiguration, PinMode)
 .text._ZN15MicroBitDisplay15renderGreyscaleEv
                0x000000000001a504       0xfc ym/microbit-dal/source/microbit-dal.a(MicroBitDisplay.cpp.o)
                0x000000000001a504                MicroBitDisplay::renderGreyscale()
 .text._ZN4mbed6TickerD2Ev
                0x000000000001a600       0x1c ym/microbit-dal/source/microbit-dal.a(MicroBitDisplay.cpp.o)
                0x000000000001a600                mbed::Ticker::~Ticker()
                0x000000000001a600                mbed::Ticker::~Ticker()
 .text._ZN15MicroBitDisplayD2Ev
                0x000000000001a61c       0x48 ym/microbit-dal/source/microbit-dal.a(MicroBitDisplay.cpp.o)
                0x000000000001a61c                MicroBitDisplay::~MicroBitDisplay()
                0x000000000001a61c                MicroBitDisplay::~MicroBitDisplay()
 .text._ZN15MicroBitDisplayC2EtRK9MatrixMap
                0x000000000001a664       0xd4 ym/microbit-dal/source/microbit-dal.a(MicroBitDisplay.cpp.o)
                0x000000000001a664                MicroBitDisplay::MicroBitDisplay(unsigned short, MatrixMap const&)
                0x000000000001a664                MicroBitDisplay::MicroBitDisplay(unsigned short, MatrixMap const&)
 .text._ZN15MicroBitDisplay6renderEv
                0x000000000001a738       0xec ym/microbit-dal/source/microbit-dal.a(MicroBitDisplay.cpp.o)
                0x000000000001a738                MicroBitDisplay::render()
 .text._ZN15MicroBitDisplay26sendAnimationCompleteEventEv
                0x000000000001a824       0x24 ym/microbit-dal/source/microbit-dal.a(MicroBitDisplay.cpp.o)
                0x000000000001a824                MicroBitDisplay::sendAnimationCompleteEvent()
 .text._ZN15MicroBitDisplay18waitForFreeDisplayEv
                0x000000000001a848       0x20 ym/microbit-dal/source/microbit-dal.a(MicroBitDisplay.cpp.o)
                0x000000000001a848                MicroBitDisplay::waitForFreeDisplay()
 .text._ZN15MicroBitDisplay9fiberWaitEv
                0x000000000001a868       0x2c ym/microbit-dal/source/microbit-dal.a(MicroBitDisplay.cpp.o)
                0x000000000001a868                MicroBitDisplay::fiberWait()
 .text._ZN15MicroBitDisplay14printCharAsyncEci
                0x000000000001a894       0x50 ym/microbit-dal/source/microbit-dal.a(MicroBitDisplay.cpp.o)
                0x000000000001a894                MicroBitDisplay::printCharAsync(char, int)
 .text._ZN15MicroBitDisplay10printAsyncE13ManagedStringi
                0x000000000001a8e4       0x68 ym/microbit-dal/source/microbit-dal.a(MicroBitDisplay.cpp.o)
                0x000000000001a8e4                MicroBitDisplay::printAsync(ManagedString, int)
 .text._ZN15MicroBitDisplay9printCharEci
                0x000000000001a94c       0x44 ym/microbit-dal/source/microbit-dal.a(MicroBitDisplay.cpp.o)
                0x000000000001a94c                MicroBitDisplay::printChar(char, int)
 .text._ZN15MicroBitDisplay5printE13ManagedStringi
                0x000000000001a990       0x6c ym/microbit-dal/source/microbit-dal.a(MicroBitDisplay.cpp.o)
                0x000000000001a990                MicroBitDisplay::print(ManagedString, int)
 .text._ZN15MicroBitDisplay11scrollAsyncE13ManagedStringi
                0x000000000001a9fc       0x54 ym/microbit-dal/source/microbit-dal.a(MicroBitDisplay.cpp.o)
                0x000000000001a9fc                MicroBitDisplay::scrollAsync(ManagedString, int)
 .text._ZN15MicroBitDisplay6scrollE13ManagedStringi
                0x000000000001aa50       0x50 ym/microbit-dal/source/microbit-dal.a(MicroBitDisplay.cpp.o)
                0x000000000001aa50                MicroBitDisplay::scroll(ManagedString, int)
 .text._ZN15MicroBitDisplay13setBrightnessEi
                0x000000000001aaa0       0x14 ym/microbit-dal/source/microbit-dal.a(MicroBitDisplay.cpp.o)
                0x000000000001aaa0                MicroBitDisplay::setBrightness(int)
 .text._ZN11MicroBitI2C4readEiPcib
                0x000000000001aab4       0x94 ym/microbit-dal/source/microbit-dal.a(MicroBitI2C.cpp.o)
                0x000000000001aab4                MicroBitI2C::read(int, char*, int, bool)
 .text._ZN11MicroBitI2C5writeEiPKcib
                0x000000000001ab48       0x94 ym/microbit-dal/source/microbit-dal.a(MicroBitI2C.cpp.o)
                0x000000000001ab48                MicroBitI2C::write(int, char const*, int, bool)
 .text._ZN19MicroBitLightSensor11analogReadyEv
                0x000000000001abdc       0x54 ym/microbit-dal/source/microbit-dal.a(MicroBitLightSensor.cpp.o)
                0x000000000001abdc                MicroBitLightSensor::analogReady()
 .text._ZN19MicroBitLightSensor12startSensingE13MicroBitEvent
                0x000000000001ac30       0xa0 ym/microbit-dal/source/microbit-dal.a(MicroBitLightSensor.cpp.o)
                0x000000000001ac30                MicroBitLightSensor::startSensing(MicroBitEvent)
 .text._ZN16MicroBitListenerC2I19MicroBitLightSensorEEttPT_MS2_Fv13MicroBitEventEt
                0x000000000001acd0       0x68 ym/microbit-dal/source/microbit-dal.a(MicroBitLightSensor.cpp.o)
                0x000000000001acd0                MicroBitListener::MicroBitListener<MicroBitLightSensor>(unsigned short, unsigned short, MicroBitLightSensor*, void (MicroBitLightSensor::*)(MicroBitEvent), unsigned short)
                0x000000000001acd0                MicroBitListener::MicroBitListener<MicroBitLightSensor>(unsigned short, unsigned short, MicroBitLightSensor*, void (MicroBitLightSensor::*)(MicroBitEvent), unsigned short)
 .text._ZN19MicroBitLightSensorD2Ev
                0x000000000001ad38       0x5c ym/microbit-dal/source/microbit-dal.a(MicroBitLightSensor.cpp.o)
                0x000000000001ad38                MicroBitLightSensor::~MicroBitLightSensor()
                0x000000000001ad38                MicroBitLightSensor::~MicroBitLightSensor()
 .text._ZN18MicroBitMessageBus6removeEP16MicroBitListener
                0x000000000001ad94       0x7c ym/microbit-dal/source/microbit-dal.a(MicroBitMessageBus.cpp.o)
                0x000000000001ad94                MicroBitMessageBus::remove(MicroBitListener*)
 .text._ZN18MicroBitMessageBus3addEP16MicroBitListener
                0x000000000001ae10       0xd4 ym/microbit-dal/source/microbit-dal.a(MicroBitMessageBus.cpp.o)
                0x000000000001ae10                MicroBitMessageBus::add(MicroBitListener*)
 .text._ZN18MicroBitMessageBusD2Ev
                0x000000000001aee4       0x20 ym/microbit-dal/source/microbit-dal.a(MicroBitMessageBus.cpp.o)
                0x000000000001aee4                MicroBitMessageBus::~MicroBitMessageBus()
                0x000000000001aee4                MicroBitMessageBus::~MicroBitMessageBus()
 .text._ZThn4_N18MicroBitMessageBusD1Ev
                0x000000000001af04       0x10 ym/microbit-dal/source/microbit-dal.a(MicroBitMessageBus.cpp.o)
                0x000000000001af04                non-virtual thunk to MicroBitMessageBus::~MicroBitMessageBus()
 .text._ZThn4_N18MicroBitMessageBusD0Ev
                0x000000000001af14       0x10 ym/microbit-dal/source/microbit-dal.a(MicroBitMessageBus.cpp.o)
                0x000000000001af14                non-virtual thunk to MicroBitMessageBus::~MicroBitMessageBus()
 .text._ZN18MicroBitMessageBusC2Ev
                0x000000000001af24       0x3c ym/microbit-dal/source/microbit-dal.a(MicroBitMessageBus.cpp.o)
                0x000000000001af24                MicroBitMessageBus::MicroBitMessageBus()
                0x000000000001af24                MicroBitMessageBus::MicroBitMessageBus()
 .text._ZN18MicroBitMessageBus7processER13MicroBitEventb
                0x000000000001af60       0x88 ym/microbit-dal/source/microbit-dal.a(MicroBitMessageBus.cpp.o)
                0x000000000001af60                MicroBitMessageBus::process(MicroBitEvent&, bool)
 .text._ZThn4_N18MicroBitMessageBus8idleTickEv
                0x000000000001afe8       0x10 ym/microbit-dal/source/microbit-dal.a(MicroBitMessageBus.cpp.o)
                0x000000000001afe8                non-virtual thunk to MicroBitMessageBus::idleTick()
 .text._ZN13MicroBitRadioC2Et
                0x000000000001aff8       0x44 ym/microbit-dal/source/microbit-dal.a(MicroBitRadio.cpp.o)
                0x000000000001aff8                MicroBitRadio::MicroBitRadio(unsigned short)
                0x000000000001aff8                MicroBitRadio::MicroBitRadio(unsigned short)
 .text._ZN13MicroBitRadio16setFrequencyBandEi
                0x000000000001b03c       0x30 ym/microbit-dal/source/microbit-dal.a(MicroBitRadio.cpp.o)
                0x000000000001b03c                MicroBitRadio::setFrequencyBand(int)
 .text._ZN13MicroBitRadio7setRSSIEi
                0x000000000001b06c       0x14 ym/microbit-dal/source/microbit-dal.a(MicroBitRadio.cpp.o)
                0x000000000001b06c                MicroBitRadio::setRSSI(int)
 .text._ZN13MicroBitRadio7getRSSIEv
                0x000000000001b080       0x14 ym/microbit-dal/source/microbit-dal.a(MicroBitRadio.cpp.o)
                0x000000000001b080                MicroBitRadio::getRSSI()
 .text._ZN13MicroBitRadio10queueRxBufEv
                0x000000000001b094       0x60 ym/microbit-dal/source/microbit-dal.a(MicroBitRadio.cpp.o)
                0x000000000001b094                MicroBitRadio::queueRxBuf()
 .text.RADIO_IRQHandler
                0x000000000001b0f4       0x68 ym/microbit-dal/source/microbit-dal.a(MicroBitRadio.cpp.o)
                0x000000000001b0f4                RADIO_IRQHandler
 .text._ZN13MicroBitRadio8setGroupEh
                0x000000000001b15c       0x28 ym/microbit-dal/source/microbit-dal.a(MicroBitRadio.cpp.o)
                0x000000000001b15c                MicroBitRadio::setGroup(unsigned char)
 .text._ZN13MicroBitRadio6enableEv
                0x000000000001b184      0x140 ym/microbit-dal/source/microbit-dal.a(MicroBitRadio.cpp.o)
                0x000000000001b184                MicroBitRadio::enable()
 .text._ZN13MicroBitRadio4recvEv
                0x000000000001b2c4       0x28 ym/microbit-dal/source/microbit-dal.a(MicroBitRadio.cpp.o)
                0x000000000001b2c4                MicroBitRadio::recv()
 .text._ZN13MicroBitRadio4sendEP11FrameBuffer
                0x000000000001b2ec       0xc0 ym/microbit-dal/source/microbit-dal.a(MicroBitRadio.cpp.o)
                0x000000000001b2ec                MicroBitRadio::send(FrameBuffer*)
 .text._ZN21MicroBitRadioDatagram4recvEPhi
                0x000000000001b3ac       0x3c ym/microbit-dal/source/microbit-dal.a(MicroBitRadioDatagram.cpp.o)
                0x000000000001b3ac                MicroBitRadioDatagram::recv(unsigned char*, int)
 .text._ZN21MicroBitRadioDatagram4sendEPhi
                0x000000000001b3e8       0x38 ym/microbit-dal/source/microbit-dal.a(MicroBitRadioDatagram.cpp.o)
                0x000000000001b3e8                MicroBitRadioDatagram::send(unsigned char*, int)
 .text._ZN14MicroBitSerial12dataReceivedEv
                0x000000000001b420       0x94 ym/microbit-dal/source/microbit-dal.a(MicroBitSerial.cpp.o)
                0x000000000001b420                MicroBitSerial::dataReceived()
 .text._ZN14MicroBitSerial6lockRxEv
                0x000000000001b4b4       0x10 ym/microbit-dal/source/microbit-dal.a(MicroBitSerial.cpp.o)
                0x000000000001b4b4                MicroBitSerial::lockRx()
 .text._ZN14MicroBitSerial6lockTxEv
                0x000000000001b4c4       0x10 ym/microbit-dal/source/microbit-dal.a(MicroBitSerial.cpp.o)
                0x000000000001b4c4                MicroBitSerial::lockTx()
 .text._ZN14MicroBitSerial8unlockRxEv
                0x000000000001b4d4       0x10 ym/microbit-dal/source/microbit-dal.a(MicroBitSerial.cpp.o)
                0x000000000001b4d4                MicroBitSerial::unlockRx()
 .text._ZN14MicroBitSerial8unlockTxEv
                0x000000000001b4e4       0x10 ym/microbit-dal/source/microbit-dal.a(MicroBitSerial.cpp.o)
                0x000000000001b4e4                MicroBitSerial::unlockTx()
 .text._ZN14MicroBitSerial4baudEi
                0x000000000001b4f4       0x14 ym/microbit-dal/source/microbit-dal.a(MicroBitSerial.cpp.o)
                0x000000000001b4f4                MicroBitSerial::baud(int)
 .text._ZN14MicroBitSerialC2E7PinNameS0_hh
                0x000000000001b508       0x50 ym/microbit-dal/source/microbit-dal.a(MicroBitSerial.cpp.o)
                0x000000000001b508                MicroBitSerial::MicroBitSerial(PinName, PinName, unsigned char, unsigned char)
                0x000000000001b508                MicroBitSerial::MicroBitSerial(PinName, PinName, unsigned char, unsigned char)
 .text._ZN14MicroBitSerial10eventAfterEi18MicroBitSerialMode
                0x000000000001b558       0x38 ym/microbit-dal/source/microbit-dal.a(MicroBitSerial.cpp.o)
                0x000000000001b558                MicroBitSerial::eventAfter(int, MicroBitSerialMode)
 .text._ZN14MicroBitSerial7getCharE18MicroBitSerialMode
                0x000000000001b590       0x64 ym/microbit-dal/source/microbit-dal.a(MicroBitSerial.cpp.o)
                0x000000000001b590                MicroBitSerial::getChar(MicroBitSerialMode)
 .text._ZN14MicroBitSerial11dataWrittenEv
                0x000000000001b5f4       0x60 ym/microbit-dal/source/microbit-dal.a(MicroBitSerial.cpp.o)
                0x000000000001b5f4                MicroBitSerial::dataWritten()
 .text._ZN14MicroBitSerial12initialiseTxEv
                0x000000000001b654       0x50 ym/microbit-dal/source/microbit-dal.a(MicroBitSerial.cpp.o)
                0x000000000001b654                MicroBitSerial::initialiseTx()
 .text._ZN4mbed10SerialBase6attachI14MicroBitSerialEEvPT_MS3_FvvENS0_7IrqTypeE
                0x000000000001b6a4       0x40 ym/microbit-dal/source/microbit-dal.a(MicroBitSerial.cpp.o)
                0x000000000001b6a4                void mbed::SerialBase::attach<MicroBitSerial>(MicroBitSerial*, void (MicroBitSerial::*)(), mbed::SerialBase::IrqType)
 .text._ZN14MicroBitSerial14setTxInterruptEPhi18MicroBitSerialMode
                0x000000000001b6e4       0x70 ym/microbit-dal/source/microbit-dal.a(MicroBitSerial.cpp.o)
                0x000000000001b6e4                MicroBitSerial::setTxInterrupt(unsigned char*, int, MicroBitSerialMode)
 .text._ZN14MicroBitSerial8sendCharEc18MicroBitSerialMode
                0x000000000001b754       0x58 ym/microbit-dal/source/microbit-dal.a(MicroBitSerial.cpp.o)
                0x000000000001b754                MicroBitSerial::sendChar(char, MicroBitSerialMode)
 .text._ZN14MicroBitSerial12initialiseRxEv
                0x000000000001b7ac       0x68 ym/microbit-dal/source/microbit-dal.a(MicroBitSerial.cpp.o)
                0x000000000001b7ac                MicroBitSerial::initialiseRx()
 .text._ZN14MicroBitSerial4readE18MicroBitSerialMode
                0x000000000001b814       0x44 ym/microbit-dal/source/microbit-dal.a(MicroBitSerial.cpp.o)
                0x000000000001b814                MicroBitSerial::read(MicroBitSerialMode)
 .text._ZN15MicroBitStorage4sizeEv
                0x000000000001b858       0x60 ym/microbit-dal/source/microbit-dal.a(MicroBitStorage.cpp.o)
                0x000000000001b858                MicroBitStorage::size()
 .text._ZN15MicroBitStorage3putEPKcPhi
                0x000000000001b8b8      0x1ac ym/microbit-dal/source/microbit-dal.a(MicroBitStorage.cpp.o)
                0x000000000001b8b8                MicroBitStorage::put(char const*, unsigned char*, int)
 .text._ZL18nvmc_event_handlerm
                0x000000000001ba64       0x10 ym/microbit-dal/source/microbit-dal.a(MicroBitFlash.cpp.o)
 .text._ZN13MicroBitFlashC2Ev
                0x000000000001ba74       0x24 ym/microbit-dal/source/microbit-dal.a(MicroBitFlash.cpp.o)
                0x000000000001ba74                MicroBitFlash::MicroBitFlash()
                0x000000000001ba74                MicroBitFlash::MicroBitFlash()
 .text._ZN13MicroBitFlash10erase_pageEPm
                0x000000000001ba98       0x70 ym/microbit-dal/source/microbit-dal.a(MicroBitFlash.cpp.o)
                0x000000000001ba98                MicroBitFlash::erase_page(unsigned long*)
 .text._ZN13MicroBitFlash10flash_burnEPmS0_i
                0x000000000001bb08       0x80 ym/microbit-dal/source/microbit-dal.a(MicroBitFlash.cpp.o)
                0x000000000001bb08                MicroBitFlash::flash_burn(unsigned long*, unsigned long*, int)
 .text._ZN13MicroBitFlash11flash_writeEPvS0_iS0_
                0x000000000001bb88       0xdc ym/microbit-dal/source/microbit-dal.a(MicroBitFlash.cpp.o)
                0x000000000001bb88                MicroBitFlash::flash_write(void*, void*, int, void*)
 .text._ZL25bleSysAttrMissingCallbackPK32GattSysAttrMissingCallbackParams
                0x000000000001bc64       0xc4 ym/microbit-dal/source/microbit-dal.a(MicroBitBLEManager.cpp.o)
 .text._ZN18MicroBitBLEManager8idleTickEv
                0x000000000001bd28      0x114 ym/microbit-dal/source/microbit-dal.a(MicroBitBLEManager.cpp.o)
                0x000000000001bd28                MicroBitBLEManager::idleTick()
 .text._ZN18GapAdvertisingData8addFieldENS_10DataType_tEPKhhPh
                0x000000000001be3c       0xac ym/microbit-dal/source/microbit-dal.a(MicroBitBLEManager.cpp.o)
                0x000000000001be3c                GapAdvertisingData::addField(GapAdvertisingData::DataType_t, unsigned char const*, unsigned char, unsigned char*)
 .text._ZN18GattCharacteristicC2ERK4UUIDPhtthPP13GattAttributejb
                0x000000000001bee8       0x94 ym/microbit-dal/source/microbit-dal.a(MicroBitBLEManager.cpp.o)
                0x000000000001bee8                GattCharacteristic::GattCharacteristic(UUID const&, unsigned char*, unsigned short, unsigned short, unsigned char, GattAttribute**, unsigned int, bool)
                0x000000000001bee8                GattCharacteristic::GattCharacteristic(UUID const&, unsigned char*, unsigned short, unsigned short, unsigned char, GattAttribute**, unsigned int, bool)
 .text._ZN3BLE22setAdvertisingIntervalEt
                0x000000000001bf7c       0x3c ym/microbit-dal/source/microbit-dal.a(MicroBitBLEManager.cpp.o)
                0x000000000001bf7c                BLE::setAdvertisingInterval(unsigned short)
 .text._ZN24DeviceInformationServiceC2ER3BLEPKcS3_S3_S3_S3_S3_
                0x000000000001bfb8      0x1d8 ym/microbit-dal/source/microbit-dal.a(MicroBitBLEManager.cpp.o)
                0x000000000001bfb8                DeviceInformationService::DeviceInformationService(BLE&, char const*, char const*, char const*, char const*, char const*, char const*)
                0x000000000001bfb8                DeviceInformationService::DeviceInformationService(BLE&, char const*, char const*, char const*, char const*, char const*, char const*)
 .text._ZN18MicroBitBLEManagerC2ER15MicroBitStorage
                0x000000000001c190       0x38 ym/microbit-dal/source/microbit-dal.a(MicroBitBLEManager.cpp.o)
                0x000000000001c190                MicroBitBLEManager::MicroBitBLEManager(MicroBitStorage&)
                0x000000000001c190                MicroBitBLEManager::MicroBitBLEManager(MicroBitStorage&)
 .text._ZL24bleDisconnectionCallbackPKN3Gap29DisconnectionCallbackParams_tE
                0x000000000001c1c8       0x3c ym/microbit-dal/source/microbit-dal.a(MicroBitBLEManager.cpp.o)
 .text._ZN18MicroBitBLEManager16setTransmitPowerEi
                0x000000000001c204       0x30 ym/microbit-dal/source/microbit-dal.a(MicroBitBLEManager.cpp.o)
                0x000000000001c204                MicroBitBLEManager::setTransmitPower(int)
 .text._ZN18MicroBitBLEManager4initE13ManagedStringS0_R10EventModelb
                0x000000000001c234      0x2a4 ym/microbit-dal/source/microbit-dal.a(MicroBitBLEManager.cpp.o)
                0x000000000001c234                MicroBitBLEManager::init(ManagedString, ManagedString, EventModel&, bool)
 .text._ZL22passkeyDisplayCallbacktPKh
                0x000000000001c4d8       0x34 ym/microbit-dal/source/microbit-dal.a(MicroBitBLEManager.cpp.o)
 .text._ZL30securitySetupCompletedCallbacktN15SecurityManager26SecurityCompletionStatus_tE
                0x000000000001c50c       0x40 ym/microbit-dal/source/microbit-dal.a(MicroBitBLEManager.cpp.o)
 .text._Z15on_confirmationt
                0x000000000001c54c       0x34 ym/microbit-dal/source/microbit-dal.a(MicroBitUARTService.cpp.o)
                0x000000000001c54c                on_confirmation(unsigned short)
 .text._ZN19MicroBitUARTServiceC2ER3BLEhh
                0x000000000001c580      0x24c ym/microbit-dal/source/microbit-dal.a(MicroBitUARTService.cpp.o)
                0x000000000001c580                MicroBitUARTService::MicroBitUARTService(BLE&, unsigned char, unsigned char)
                0x000000000001c580                MicroBitUARTService::MicroBitUARTService(BLE&, unsigned char, unsigned char)
 .text._ZN19MicroBitUARTService10eventAfterEi18MicroBitSerialMode
                0x000000000001c7cc       0x34 ym/microbit-dal/source/microbit-dal.a(MicroBitUARTService.cpp.o)
                0x000000000001c7cc                MicroBitUARTService::eventAfter(int, MicroBitSerialMode)
 .text._ZN19MicroBitUARTService4getcE18MicroBitSerialMode
                0x000000000001c800       0x50 ym/microbit-dal/source/microbit-dal.a(MicroBitUARTService.cpp.o)
                0x000000000001c800                MicroBitUARTService::getc(MicroBitSerialMode)
 .text._ZN19MicroBitUARTService14txBufferedSizeEv
                0x000000000001c850       0x20 ym/microbit-dal/source/microbit-dal.a(MicroBitUARTService.cpp.o)
                0x000000000001c850                MicroBitUARTService::txBufferedSize()
 .text._ZN19MicroBitUARTService4sendEPKhi18MicroBitSerialMode
                0x000000000001c870      0x168 ym/microbit-dal/source/microbit-dal.a(MicroBitUARTService.cpp.o)
                0x000000000001c870                MicroBitUARTService::send(unsigned char const*, int, MicroBitSerialMode)
 .text          0x000000000001c9d8      0x124 ym/microbit-dal/source/microbit-dal.a(CortexContextSwitch.s.obj)
                0x000000000001c9d8                swap_context
                0x000000000001ca5a                save_context
                0x000000000001ca9e                save_register_context
                0x000000000001cace                restore_register_context
 .text._ZN13MicroBitImageC2Ev
                0x000000000001cafc        0xc ym/microbit-dal/source/microbit-dal.a(MicroBitImage.cpp.o)
                0x000000000001cafc                MicroBitImage::MicroBitImage()
                0x000000000001cafc                MicroBitImage::MicroBitImage()
 .text._ZN13MicroBitImage10printImageEssPKh
                0x000000000001cb08       0x5c ym/microbit-dal/source/microbit-dal.a(MicroBitImage.cpp.o)
                0x000000000001cb08                MicroBitImage::printImage(short, short, unsigned char const*)
 .text._ZN13MicroBitImage4initEssPKh
                0x000000000001cb64       0x4c ym/microbit-dal/source/microbit-dal.a(MicroBitImage.cpp.o)
                0x000000000001cb64                MicroBitImage::init(short, short, unsigned char const*)
 .text._ZN13MicroBitImage5printEcss
                0x000000000001cbb0       0x94 ym/microbit-dal/source/microbit-dal.a(MicroBitImage.cpp.o)
                0x000000000001cbb0                MicroBitImage::print(char, short, short)
 .text._ZN13MicroBitImage9shiftLeftEs
                0x000000000001cc44       0x54 ym/microbit-dal/source/microbit-dal.a(MicroBitImage.cpp.o)
                0x000000000001cc44                MicroBitImage::shiftLeft(short)
 .text.startup._GLOBAL__sub_I__ZN13MicroBitImage10EmptyImageE
                0x000000000001cc98       0x28 ym/microbit-dal/source/microbit-dal.a(MicroBitImage.cpp.o)
 .text._ZN3BLEC2Ej
                0x000000000001ccc0       0x2c ym/ble/source/ble.a(BLE.cpp.o)
                0x000000000001ccc0                BLE::BLE(unsigned int)
                0x000000000001ccc0                BLE::BLE(unsigned int)
 .text._ZN3BLE8InstanceEj
                0x000000000001ccec       0x44 ym/ble/source/ble.a(BLE.cpp.o)
                0x000000000001ccec                BLE::Instance(unsigned int)
 .text._ZN3BLE8shutdownEv
                0x000000000001cd30       0x20 ym/ble/source/ble.a(BLE.cpp.o)
                0x000000000001cd30                BLE::shutdown()
 .text._ZNK3BLE3gapEv
                0x000000000001cd50       0x20 ym/ble/source/ble.a(BLE.cpp.o)
                0x000000000001cd50                BLE::gap() const
 .text._ZN3BLE3gapEv
                0x000000000001cd70       0x20 ym/ble/source/ble.a(BLE.cpp.o)
                0x000000000001cd70                BLE::gap()
 .text._ZN3BLE10gattServerEv
                0x000000000001cd90       0x20 ym/ble/source/ble.a(BLE.cpp.o)
                0x000000000001cd90                BLE::gattServer()
 .text._ZN3BLE15securityManagerEv
                0x000000000001cdb0       0x20 ym/ble/source/ble.a(BLE.cpp.o)
                0x000000000001cdb0                BLE::securityManager()
 .text._ZL16sys_evt_dispatchm
                0x000000000001cdd0       0x1c ym/ble-nrf51822/source/ble-nrf51822.a(btle.cpp.o)
 .text._ZL12btle_handlerP9ble_evt_t
                0x000000000001cdec      0x184 ym/ble-nrf51822/source/ble-nrf51822.a(btle.cpp.o)
 .text.btle_set_gatt_table_size
                0x000000000001cf70       0x14 ym/ble-nrf51822/source/ble-nrf51822.a(btle.cpp.o)
                0x000000000001cf70                btle_set_gatt_table_size
 .text.btle_set_user_evt_handler
                0x000000000001cf84        0xc ym/ble-nrf51822/source/ble-nrf51822.a(btle.cpp.o)
                0x000000000001cf84                btle_set_user_evt_handler
 .text.btle_init
                0x000000000001cf90       0xa4 ym/ble-nrf51822/source/ble-nrf51822.a(btle.cpp.o)
                0x000000000001cf90                btle_init
 .text.app_error_handler
                0x000000000001d034       0x20 ym/ble-nrf51822/source/ble-nrf51822.a(btle.cpp.o)
                0x000000000001d034                app_error_handler
 .text._ZN8nRF5xGap25getPermittedTxPowerValuesEPPKaPj
                0x000000000001d054       0x10 ym/ble-nrf51822/source/ble-nrf51822.a(nRF5xGap.cpp.o)
                0x000000000001d054                nRF5xGap::getPermittedTxPowerValues(signed char const**, unsigned int*)
 .text._Z31radioNotificationStaticCallbackb
                0x000000000001d064       0x3c ym/ble-nrf51822/source/ble-nrf51822.a(nRF5xGap.cpp.o)
                0x000000000001d064                radioNotificationStaticCallback(bool)
 .text._ZN8nRF5xGap21initRadioNotificationEv
                0x000000000001d0a0       0x1c ym/ble-nrf51822/source/ble-nrf51822.a(nRF5xGap.cpp.o)
                0x000000000001d0a0                nRF5xGap::initRadioNotification()
 .text._ZN3Gap5resetEv
                0x000000000001d0bc       0xf0 ym/ble-nrf51822/source/ble-nrf51822.a(nRF5xGap.cpp.o)
                0x000000000001d0bc                Gap::reset()
 .text._ZN8nRF5xGap22generateStackWhitelistER19ble_gap_whitelist_t
                0x000000000001d1ac       0xe8 ym/ble-nrf51822/source/ble-nrf51822.a(nRF5xGap.cpp.o)
                0x000000000001d1ac                nRF5xGap::generateStackWhitelist(ble_gap_whitelist_t&)
 .text._ZN8nRF5xGap16startAdvertisingERK20GapAdvertisingParams
                0x000000000001d294       0xa8 ym/ble-nrf51822/source/ble-nrf51822.a(nRF5xGap.cpp.o)
                0x000000000001d294                nRF5xGap::startAdvertising(GapAdvertisingParams const&)
 .text._ZN8nRF5xGap7connectEPKhN11BLEProtocol11AddressType4TypeEPKN3Gap18ConnectionParams_tEPK17GapScanningParams
                0x000000000001d33c       0xf0 ym/ble-nrf51822/source/ble-nrf51822.a(nRF5xGap.cpp.o)
                0x000000000001d33c                nRF5xGap::connect(unsigned char const*, BLEProtocol::AddressType::Type, Gap::ConnectionParams_t const*, GapScanningParams const*)
 .text._ZN15nRF5xGattServer4readEtPhPt
                0x000000000001d42c       0x1c ym/ble-nrf51822/source/ble-nrf51822.a(nRF5xGattServer.cpp.o)
                0x000000000001d42c                nRF5xGattServer::read(unsigned short, unsigned char*, unsigned short*)
 .text._ZN15nRF5xGattServer5writeEtPKhtb
                0x000000000001d448       0x20 ym/ble-nrf51822/source/ble-nrf51822.a(nRF5xGattServer.cpp.o)
                0x000000000001d448                nRF5xGattServer::write(unsigned short, unsigned char const*, unsigned short, bool)
 .text._ZN15nRF5xGattServer5writeEttPKhtb
                0x000000000001d468       0xe8 ym/ble-nrf51822/source/ble-nrf51822.a(nRF5xGattServer.cpp.o)
                0x000000000001d468                nRF5xGattServer::write(unsigned short, unsigned short, unsigned char const*, unsigned short, bool)
 .text._ZN15nRF5xGattServer10addServiceER11GattService
                0x000000000001d550      0x1d0 ym/ble-nrf51822/source/ble-nrf51822.a(nRF5xGattServer.cpp.o)
                0x000000000001d550                nRF5xGattServer::addService(GattService&)
 .text._ZN10GattServer5resetEv
                0x000000000001d720       0xd8 ym/ble-nrf51822/source/ble-nrf51822.a(nRF5xGattServer.cpp.o)
                0x000000000001d720                GattServer::reset()
 .text._ZN15nRF5xGattServer5resetEv
                0x000000000001d7f8       0x50 ym/ble-nrf51822/source/ble-nrf51822.a(nRF5xGattServer.cpp.o)
                0x000000000001d7f8                nRF5xGattServer::reset()
 .text._ZNK8SafeBoolI26FunctionPointerWithContextItEEcvMN9SafeBool_4baseEKFvvEEv
                0x000000000001d848       0x18 ym/ble-nrf51822/source/ble-nrf51822.a(nRF5xGattServer.cpp.o)
                0x000000000001d848                SafeBool<FunctionPointerWithContext<unsigned short> >::operator void (SafeBool_::base::*)() const() const
 .text._ZNK3Gap25getMaxAdvertisingIntervalEv
                0x000000000001d860        0x8 ym/ble-nrf51822/source/ble-nrf51822.a(nRF5xn.cpp.o)
                0x000000000001d860                Gap::getMaxAdvertisingInterval() const
 .text._ZN6nRF5xn10getVersionEv
                0x000000000001d868       0x78 ym/ble-nrf51822/source/ble-nrf51822.a(nRF5xn.cpp.o)
                0x000000000001d868                nRF5xn::getVersion()
 .text._ZN38CallChainOfFunctionPointersWithContextIPK23GattWriteCallbackParamsED2Ev
                0x000000000001d8e0       0x14 ym/ble-nrf51822/source/ble-nrf51822.a(nRF5xn.cpp.o)
                0x000000000001d8e0                CallChainOfFunctionPointersWithContext<GattWriteCallbackParams const*>::~CallChainOfFunctionPointersWithContext()
                0x000000000001d8e0                CallChainOfFunctionPointersWithContext<GattWriteCallbackParams const*>::~CallChainOfFunctionPointersWithContext()
 .text._ZN38CallChainOfFunctionPointersWithContextIPK22GattReadCallbackParamsED2Ev
                0x000000000001d8f4       0x14 ym/ble-nrf51822/source/ble-nrf51822.a(nRF5xn.cpp.o)
                0x000000000001d8f4                CallChainOfFunctionPointersWithContext<GattReadCallbackParams const*>::~CallChainOfFunctionPointersWithContext()
                0x000000000001d8f4                CallChainOfFunctionPointersWithContext<GattReadCallbackParams const*>::~CallChainOfFunctionPointersWithContext()
 .text._ZN10GattClient16discoverServicesEt26FunctionPointerWithContextIPK17DiscoveredServiceERK4UUID
                0x000000000001d908       0x60 ym/ble-nrf51822/source/ble-nrf51822.a(nRF5xn.cpp.o)
                0x000000000001d908                GattClient::discoverServices(unsigned short, FunctionPointerWithContext<DiscoveredService const*>, UUID const&)
 .text._ZN38CallChainOfFunctionPointersWithContextIN3Gap15TimeoutSource_tEED2Ev
                0x000000000001d968       0x20 ym/ble-nrf51822/source/ble-nrf51822.a(nRF5xn.cpp.o)
                0x000000000001d968                CallChainOfFunctionPointersWithContext<Gap::TimeoutSource_t>::~CallChainOfFunctionPointersWithContext()
                0x000000000001d968                CallChainOfFunctionPointersWithContext<Gap::TimeoutSource_t>::~CallChainOfFunctionPointersWithContext()
 .text._ZN38CallChainOfFunctionPointersWithContextIPK15SecurityManagerED2Ev
                0x000000000001d988       0x20 ym/ble-nrf51822/source/ble-nrf51822.a(nRF5xn.cpp.o)
                0x000000000001d988                CallChainOfFunctionPointersWithContext<SecurityManager const*>::~CallChainOfFunctionPointersWithContext()
                0x000000000001d988                CallChainOfFunctionPointersWithContext<SecurityManager const*>::~CallChainOfFunctionPointersWithContext()
 .text._ZN38CallChainOfFunctionPointersWithContextIjED2Ev
                0x000000000001d9a8       0x20 ym/ble-nrf51822/source/ble-nrf51822.a(nRF5xn.cpp.o)
                0x000000000001d9a8                CallChainOfFunctionPointersWithContext<unsigned int>::~CallChainOfFunctionPointersWithContext()
                0x000000000001d9a8                CallChainOfFunctionPointersWithContext<unsigned int>::~CallChainOfFunctionPointersWithContext()
 .text._ZN38CallChainOfFunctionPointersWithContextIPK32GattSysAttrMissingCallbackParamsED2Ev
                0x000000000001d9c8       0x20 ym/ble-nrf51822/source/ble-nrf51822.a(nRF5xn.cpp.o)
                0x000000000001d9c8                CallChainOfFunctionPointersWithContext<GattSysAttrMissingCallbackParams const*>::~CallChainOfFunctionPointersWithContext()
                0x000000000001d9c8                CallChainOfFunctionPointersWithContext<GattSysAttrMissingCallbackParams const*>::~CallChainOfFunctionPointersWithContext()
 .text._ZN38CallChainOfFunctionPointersWithContextIPK10GattServerED2Ev
                0x000000000001d9e8       0x20 ym/ble-nrf51822/source/ble-nrf51822.a(nRF5xn.cpp.o)
                0x000000000001d9e8                CallChainOfFunctionPointersWithContext<GattServer const*>::~CallChainOfFunctionPointersWithContext()
                0x000000000001d9e8                CallChainOfFunctionPointersWithContext<GattServer const*>::~CallChainOfFunctionPointersWithContext()
 .text._ZN38CallChainOfFunctionPointersWithContextIPKN3Gap29DisconnectionCallbackParams_tEED2Ev
                0x000000000001da08       0x20 ym/ble-nrf51822/source/ble-nrf51822.a(nRF5xn.cpp.o)
                0x000000000001da08                CallChainOfFunctionPointersWithContext<Gap::DisconnectionCallbackParams_t const*>::~CallChainOfFunctionPointersWithContext()
                0x000000000001da08                CallChainOfFunctionPointersWithContext<Gap::DisconnectionCallbackParams_t const*>::~CallChainOfFunctionPointersWithContext()
 .text._ZN38CallChainOfFunctionPointersWithContextIPK3GapED2Ev
                0x000000000001da28       0x20 ym/ble-nrf51822/source/ble-nrf51822.a(nRF5xn.cpp.o)
                0x000000000001da28                CallChainOfFunctionPointersWithContext<Gap const*>::~CallChainOfFunctionPointersWithContext()
                0x000000000001da28                CallChainOfFunctionPointersWithContext<Gap const*>::~CallChainOfFunctionPointersWithContext()
 .text._ZN38CallChainOfFunctionPointersWithContextIPKN3Gap26ConnectionCallbackParams_tEED2Ev
                0x000000000001da48       0x20 ym/ble-nrf51822/source/ble-nrf51822.a(nRF5xn.cpp.o)
                0x000000000001da48                CallChainOfFunctionPointersWithContext<Gap::ConnectionCallbackParams_t const*>::~CallChainOfFunctionPointersWithContext()
                0x000000000001da48                CallChainOfFunctionPointersWithContext<Gap::ConnectionCallbackParams_t const*>::~CallChainOfFunctionPointersWithContext()
 .text._ZN38CallChainOfFunctionPointersWithContextIPK21GattHVXCallbackParamsED2Ev
                0x000000000001da68       0x20 ym/ble-nrf51822/source/ble-nrf51822.a(nRF5xn.cpp.o)
                0x000000000001da68                CallChainOfFunctionPointersWithContext<GattHVXCallbackParams const*>::~CallChainOfFunctionPointersWithContext()
                0x000000000001da68                CallChainOfFunctionPointersWithContext<GattHVXCallbackParams const*>::~CallChainOfFunctionPointersWithContext()
 .text._ZN38CallChainOfFunctionPointersWithContextIPK10GattClientED2Ev
                0x000000000001da88       0x20 ym/ble-nrf51822/source/ble-nrf51822.a(nRF5xn.cpp.o)
                0x000000000001da88                CallChainOfFunctionPointersWithContext<GattClient const*>::~CallChainOfFunctionPointersWithContext()
                0x000000000001da88                CallChainOfFunctionPointersWithContext<GattClient const*>::~CallChainOfFunctionPointersWithContext()
 .text._ZN6nRF5xn13getGattClientEv
                0x000000000001daa8       0x54 ym/ble-nrf51822/source/ble-nrf51822.a(nRF5xn.cpp.o)
                0x000000000001daa8                nRF5xn::getGattClient()
 .text._ZN6nRF5xn18getSecurityManagerEv
                0x000000000001dafc       0x34 ym/ble-nrf51822/source/ble-nrf51822.a(nRF5xn.cpp.o)
                0x000000000001dafc                nRF5xn::getSecurityManager()
 .text._ZNK6nRF5xn18getSecurityManagerEv
                0x000000000001db30       0x34 ym/ble-nrf51822/source/ble-nrf51822.a(nRF5xn.cpp.o)
                0x000000000001db30                nRF5xn::getSecurityManager() const
 .text._ZN6nRF5xnD2Ev
                0x000000000001db64       0x54 ym/ble-nrf51822/source/ble-nrf51822.a(nRF5xn.cpp.o)
                0x000000000001db64                nRF5xn::~nRF5xn()
                0x000000000001db64                nRF5xn::~nRF5xn()
 .text._ZN6nRF5xnC2Ev
                0x000000000001dbb8      0x11c ym/ble-nrf51822/source/ble-nrf51822.a(nRF5xn.cpp.o)
                0x000000000001dbb8                nRF5xn::nRF5xn()
                0x000000000001dbb8                nRF5xn::nRF5xn()
 .text._ZN6nRF5xn8InstanceEj
                0x000000000001dcd4       0x24 ym/ble-nrf51822/source/ble-nrf51822.a(nRF5xn.cpp.o)
                0x000000000001dcd4                nRF5xn::Instance(unsigned int)
 .text._ZN26FunctionPointerWithContextItEC2EPFvtE
                0x000000000001dcf8       0x20 ym/ble-nrf51822/source/ble-nrf51822.a(nRF5xn.cpp.o)
                0x000000000001dcf8                FunctionPointerWithContext<unsigned short>::FunctionPointerWithContext(void (*)(unsigned short))
                0x000000000001dcf8                FunctionPointerWithContext<unsigned short>::FunctionPointerWithContext(void (*)(unsigned short))
 .text._ZN15nRF5xGattServerC2Ev
                0x000000000001dd18       0xc0 ym/ble-nrf51822/source/ble-nrf51822.a(nRF5xn.cpp.o)
                0x000000000001dd18                nRF5xGattServer::nRF5xGattServer()
                0x000000000001dd18                nRF5xGattServer::nRF5xGattServer()
 .text._ZL10dm_handlerPK13device_handlePK10dm_event_tm
                0x000000000001ddd8       0xac ym/ble-nrf51822/source/ble-nrf51822.a(btle_security.cpp.o)
 .text._Z27btle_hasInitializedSecurityv
                0x000000000001de84        0xc ym/ble-nrf51822/source/ble-nrf51822.a(btle_security.cpp.o)
                0x000000000001de84                btle_hasInitializedSecurity()
 .text._Z23btle_initializeSecuritybbN15SecurityManager24SecurityIOCapabilities_tEPKh
                0x000000000001de90       0xd8 ym/ble-nrf51822/source/ble-nrf51822.a(btle_security.cpp.o)
                0x000000000001de90                btle_initializeSecurity(bool, bool, SecurityManager::SecurityIOCapabilities_t, unsigned char const*)
 .text._Z25btle_purgeAllBondingStatev
                0x000000000001df68       0x24 ym/ble-nrf51822/source/ble-nrf51822.a(btle_security.cpp.o)
                0x000000000001df68                btle_purgeAllBondingState()
 .text._Z20btle_getLinkSecuritytPN15SecurityManager20LinkSecurityStatus_tE
                0x000000000001df8c       0x48 ym/ble-nrf51822/source/ble-nrf51822.a(btle_security.cpp.o)
                0x000000000001df8c                btle_getLinkSecurity(unsigned short, SecurityManager::LinkSecurityStatus_t*)
 .text._Z20btle_setLinkSecuritytN15SecurityManager14SecurityMode_tE
                0x000000000001dfd4       0x48 ym/ble-nrf51822/source/ble-nrf51822.a(btle_security.cpp.o)
                0x000000000001dfd4                btle_setLinkSecurity(unsigned short, SecurityManager::SecurityMode_t)
 .text._Z33btle_createWhitelistFromBondTableP19ble_gap_whitelist_t
                0x000000000001e01c       0x30 ym/ble-nrf51822/source/ble-nrf51822.a(btle_security.cpp.o)
                0x000000000001e01c                btle_createWhitelistFromBondTable(ble_gap_whitelist_t*)
 .text._Z13btle_gap_initv
                0x000000000001e04c       0x54 ym/ble-nrf51822/source/ble-nrf51822.a(btle_gap.cpp.o)
                0x000000000001e04c                btle_gap_init()
 .text.custom_convert_to_nordic_uuid
                0x000000000001e0a0       0xa4 ym/ble-nrf51822/source/ble-nrf51822.a(custom_helper.cpp.o)
                0x000000000001e0a0                custom_convert_to_nordic_uuid
 .text._ZN17GapScanningParamsC2Etttb
                0x000000000001e144       0x6c ym/ble/source/ble.a(GapScanningParams.cpp.o)
                0x000000000001e144                GapScanningParams::GapScanningParams(unsigned short, unsigned short, unsigned short, bool)
                0x000000000001e144                GapScanningParams::GapScanningParams(unsigned short, unsigned short, unsigned short, bool)
 .text.pstorage_flash_page_end
                0x000000000001e1b0       0x20 ym/nrf51-sdk/source/nrf51-sdk.a(pstorage.c.o)
 .text.swap_sub_state_entry_action_run
                0x000000000001e1d0       0x18 ym/nrf51-sdk/source/nrf51-sdk.a(pstorage.c.o)
 .text.app_notify
                0x000000000001e1e8       0x2c ym/nrf51-sdk/source/nrf51-sdk.a(pstorage.c.o)
 .text.is_page_erase_required
                0x000000000001e214       0x50 ym/nrf51-sdk/source/nrf51-sdk.a(pstorage.c.o)
 .text.swap_sub_state_err_busy_process
                0x000000000001e264       0x18 ym/nrf51-sdk/source/nrf51-sdk.a(pstorage.c.o)
 .text.data_to_swap_write_state_run
                0x000000000001e27c       0x30 ym/nrf51-sdk/source/nrf51-sdk.a(pstorage.c.o)
 .text.swap_erase_state_run
                0x000000000001e2ac       0x24 ym/nrf51-sdk/source/nrf51-sdk.a(pstorage.c.o)
 .text.flash_api_err_code_process
                0x000000000001e2d0       0x40 ym/nrf51-sdk/source/nrf51-sdk.a(pstorage.c.o)
 .text.store_cmd_flash_write_execute
                0x000000000001e310       0x60 ym/nrf51-sdk/source/nrf51-sdk.a(pstorage.c.o)
 .text.state_restore_head_entry_run
                0x000000000001e370       0x34 ym/nrf51-sdk/source/nrf51-sdk.a(pstorage.c.o)
 .text.state_restore_tail_entry_run
                0x000000000001e3a4       0x48 ym/nrf51-sdk/source/nrf51-sdk.a(pstorage.c.o)
 .text.state_write_data_swap_entry_run
                0x000000000001e3ec       0x2c ym/nrf51-sdk/source/nrf51-sdk.a(pstorage.c.o)
 .text.state_entry_action_run
                0x000000000001e418       0xd4 ym/nrf51-sdk/source/nrf51-sdk.a(pstorage.c.o)
 .text.clear_operation_execute
                0x000000000001e4ec      0x158 ym/nrf51-sdk/source/nrf51-sdk.a(pstorage.c.o)
 .text.cmd_process
                0x000000000001e644       0x3c ym/nrf51-sdk/source/nrf51-sdk.a(pstorage.c.o)
 .text.unlikely.cmd_queue_enqueue
                0x000000000001e680       0x54 ym/nrf51-sdk/source/nrf51-sdk.a(pstorage.c.o)
 .text.command_end_procedure_run
                0x000000000001e6d4       0x50 ym/nrf51-sdk/source/nrf51-sdk.a(pstorage.c.o)
 .text.clear_post_processing_run
                0x000000000001e724       0x2c ym/nrf51-sdk/source/nrf51-sdk.a(pstorage.c.o)
 .text.head_restore_state_run
                0x000000000001e750       0x94 ym/nrf51-sdk/source/nrf51-sdk.a(pstorage.c.o)
 .text.tail_restore_state_run
                0x000000000001e7e4       0x1c ym/nrf51-sdk/source/nrf51-sdk.a(pstorage.c.o)
 .text.data_page_erase_state_run
                0x000000000001e800       0x6c ym/nrf51-sdk/source/nrf51-sdk.a(pstorage.c.o)
 .text.flash_operation_success_run
                0x000000000001e86c       0x98 ym/nrf51-sdk/source/nrf51-sdk.a(pstorage.c.o)
 .text.state_erase_data_page_entry_run
                0x000000000001e904       0x10 ym/nrf51-sdk/source/nrf51-sdk.a(pstorage.c.o)
 .text.pstorage_sys_event_handler
                0x000000000001e914       0x64 ym/nrf51-sdk/source/nrf51-sdk.a(pstorage.c.o)
                0x000000000001e914                pstorage_sys_event_handler
 .text.pstorage_init
                0x000000000001e978       0x84 ym/nrf51-sdk/source/nrf51-sdk.a(pstorage.c.o)
                0x000000000001e978                pstorage_init
 .text.pstorage_register
                0x000000000001e9fc       0xc4 ym/nrf51-sdk/source/nrf51-sdk.a(pstorage.c.o)
                0x000000000001e9fc                pstorage_register
 .text.pstorage_block_identifier_get
                0x000000000001eac0       0x4c ym/nrf51-sdk/source/nrf51-sdk.a(pstorage.c.o)
                0x000000000001eac0                pstorage_block_identifier_get
 .text.pstorage_store
                0x000000000001eb0c       0x7c ym/nrf51-sdk/source/nrf51-sdk.a(pstorage.c.o)
                0x000000000001eb0c                pstorage_store
 .text.pstorage_update
                0x000000000001eb88       0x7c ym/nrf51-sdk/source/nrf51-sdk.a(pstorage.c.o)
                0x000000000001eb88                pstorage_update
 .text.pstorage_load
                0x000000000001ec04       0x98 ym/nrf51-sdk/source/nrf51-sdk.a(pstorage.c.o)
                0x000000000001ec04                pstorage_load
 .text.pstorage_clear
                0x000000000001ec9c       0x88 ym/nrf51-sdk/source/nrf51-sdk.a(pstorage.c.o)
                0x000000000001ec9c                pstorage_clear
 .text.gatts_context_store
                0x000000000001ed24       0xb8 ym/nrf51-sdk/source/nrf51-sdk.a(device_manager_peripheral.c.o)
 .text.device_context_store
                0x000000000001eddc       0xb8 ym/nrf51-sdk/source/nrf51-sdk.a(device_manager_peripheral.c.o)
 .text.gatts_context_apply
                0x000000000001ee94       0xc4 ym/nrf51-sdk/source/nrf51-sdk.a(device_manager_peripheral.c.o)
 .text.gatts_context_load
                0x000000000001ef58       0x34 ym/nrf51-sdk/source/nrf51-sdk.a(device_manager_peripheral.c.o)
 .text.dm_pstorage_cb_handler
                0x000000000001ef8c      0x134 ym/nrf51-sdk/source/nrf51-sdk.a(device_manager_peripheral.c.o)
 .text.peer_instance_init
                0x000000000001f0c0       0x44 ym/nrf51-sdk/source/nrf51-sdk.a(device_manager_peripheral.c.o)
 .text.device_instance_free
                0x000000000001f104       0x2c ym/nrf51-sdk/source/nrf51-sdk.a(device_manager_peripheral.c.o)
 .text.dm_init  0x000000000001f130       0xe0 ym/nrf51-sdk/source/nrf51-sdk.a(device_manager_peripheral.c.o)
                0x000000000001f130                dm_init
 .text.dm_register
                0x000000000001f210       0x74 ym/nrf51-sdk/source/nrf51-sdk.a(device_manager_peripheral.c.o)
                0x000000000001f210                dm_register
 .text.dm_security_status_req
                0x000000000001f284       0x70 ym/nrf51-sdk/source/nrf51-sdk.a(device_manager_peripheral.c.o)
                0x000000000001f284                dm_security_status_req
 .text.dm_whitelist_create
                0x000000000001f2f4       0xb0 ym/nrf51-sdk/source/nrf51-sdk.a(device_manager_peripheral.c.o)
                0x000000000001f2f4                dm_whitelist_create
 .text.dm_device_delete_all
                0x000000000001f3a4       0x58 ym/nrf51-sdk/source/nrf51-sdk.a(device_manager_peripheral.c.o)
                0x000000000001f3a4                dm_device_delete_all
 .text.bond_data_load
                0x000000000001f3fc       0x48 ym/nrf51-sdk/source/nrf51-sdk.a(device_manager_peripheral.c.o)
                0x000000000001f3fc                bond_data_load
 .text.address_to_device_id
                0x000000000001f444       0x2c ym/nrf51-sdk/source/nrf51-sdk.a(device_manager_peripheral.c.o)
                0x000000000001f444                address_to_device_id
 .text.dm_ble_evt_handler
                0x000000000001f470      0x394 ym/nrf51-sdk/source/nrf51-sdk.a(device_manager_peripheral.c.o)
                0x000000000001f470                dm_ble_evt_handler
 .text.dm_handle_get
                0x000000000001f804       0x48 ym/nrf51-sdk/source/nrf51-sdk.a(device_manager_peripheral.c.o)
                0x000000000001f804                dm_handle_get
 .text.intern_softdevice_events_execute
                0x000000000001f84c       0xb0 ym/nrf51-sdk/source/nrf51-sdk.a(softdevice_handler.c.o)
                0x000000000001f84c                intern_softdevice_events_execute
 .text.softdevice_handler_init
                0x000000000001f8fc       0x48 ym/nrf51-sdk/source/nrf51-sdk.a(softdevice_handler.c.o)
                0x000000000001f8fc                softdevice_handler_init
 .text.softdevice_handler_sd_disable
                0x000000000001f944       0x18 ym/nrf51-sdk/source/nrf51-sdk.a(softdevice_handler.c.o)
                0x000000000001f944                softdevice_handler_sd_disable
 .text.softdevice_ble_evt_handler_set
                0x000000000001f95c       0x14 ym/nrf51-sdk/source/nrf51-sdk.a(softdevice_handler.c.o)
                0x000000000001f95c                softdevice_ble_evt_handler_set
 .text.softdevice_sys_evt_handler_set
                0x000000000001f970       0x14 ym/nrf51-sdk/source/nrf51-sdk.a(softdevice_handler.c.o)
                0x000000000001f970                softdevice_sys_evt_handler_set
 .text.SWI2_IRQHandler
                0x000000000001f984       0x24 ym/nrf51-sdk/source/nrf51-sdk.a(softdevice_handler.c.o)
                0x000000000001f984                SWI2_IRQHandler
 .text.SWI1_IRQHandler
                0x000000000001f9a8       0x20 ym/nrf51-sdk/source/nrf51-sdk.a(ble_radio_notification.c.o)
                0x000000000001f9a8                SWI1_IRQHandler
 .text.ble_radio_notification_init
                0x000000000001f9c8       0x38 ym/nrf51-sdk/source/nrf51-sdk.a(ble_radio_notification.c.o)
                0x000000000001f9c8                ble_radio_notification_init
 .text._ZN4mbed3I2CC2E7PinNameS1_
                0x000000000001fa00       0x30 ym/mbed-classic/existing/mbed-classic.a(I2C.cpp.o)
                0x000000000001fa00                mbed::I2C::I2C(PinName, PinName)
                0x000000000001fa00                mbed::I2C::I2C(PinName, PinName)
 .text._ZN4mbed3I2C6aquireEv
                0x000000000001fa30       0x1c ym/mbed-classic/existing/mbed-classic.a(I2C.cpp.o)
                0x000000000001fa30                mbed::I2C::aquire()
 .text._ZN4mbed9RawSerialC2E7PinNameS1_
                0x000000000001fa4c       0x14 ym/mbed-classic/existing/mbed-classic.a(RawSerial.cpp.o)
                0x000000000001fa4c                mbed::RawSerial::RawSerial(PinName, PinName)
                0x000000000001fa4c                mbed::RawSerial::RawSerial(PinName, PinName)
 .text._sbrk    0x000000000001fa60       0x28 ym/mbed-classic/existing/mbed-classic.a(retarget.cpp.o)
                0x000000000001fa60                _sbrk
 .text._ZN4mbed10SerialBaseC2E7PinNameS1_
                0x000000000001fa88       0x3c ym/mbed-classic/existing/mbed-classic.a(SerialBase.cpp.o)
                0x000000000001fa88                mbed::SerialBase::SerialBase(PinName, PinName)
                0x000000000001fa88                mbed::SerialBase::SerialBase(PinName, PinName)
 .text._ZN4mbed7TimeoutD2Ev
                0x000000000001fac4       0x1c ym/mbed-classic/existing/mbed-classic.a(Timeout.cpp.o)
                0x000000000001fac4                mbed::Timeout::~Timeout()
                0x000000000001fac4                mbed::Timeout::~Timeout()
 .text._ZN4mbed10TimerEventC2Ev
                0x000000000001fae0       0x2c ym/mbed-classic/existing/mbed-classic.a(TimerEvent.cpp.o)
                0x000000000001fae0                mbed::TimerEvent::TimerEvent()
                0x000000000001fae0                mbed::TimerEvent::TimerEvent()
 .text._ZN4mbed10TimerEventD2Ev
                0x000000000001fb0c       0x18 ym/mbed-classic/existing/mbed-classic.a(TimerEvent.cpp.o)
                0x000000000001fb0c                mbed::TimerEvent::~TimerEvent()
                0x000000000001fb0c                mbed::TimerEvent::~TimerEvent()
 .text.get_us_ticker_data
                0x000000000001fb24        0x8 ym/mbed-classic/existing/mbed-classic.a(us_ticker_api.c.o)
                0x000000000001fb24                get_us_ticker_data
 .text.us_ticker_irq_handler
                0x000000000001fb2c       0x10 ym/mbed-classic/existing/mbed-classic.a(us_ticker_api.c.o)
                0x000000000001fb2c                us_ticker_irq_handler
 .text          0x000000000001fb3c       0x48 ym/mbed-classic/existing/mbed-classic.a(startup_NRF51822.S.obj)
                0x000000000001fb3c                Reset_Handler
                0x000000000001fb78                NMI_Handler
                0x000000000001fb7a                HardFault_Handler
                0x000000000001fb7c                SVC_Handler
                0x000000000001fb7e                PendSV_Handler
                0x000000000001fb80                SysTick_Handler
                0x000000000001fb82                SWI4_IRQHandler
                0x000000000001fb82                TEMP_IRQHandler
                0x000000000001fb82                QDEC_IRQHandler
                0x000000000001fb82                SWI5_IRQHandler
                0x000000000001fb82                TIMER0_IRQHandler
                0x000000000001fb82                SWI0_IRQHandler
                0x000000000001fb82                ECB_IRQHandler
                0x000000000001fb82                Default_Handler
                0x000000000001fb82                ADC_IRQHandler
                0x000000000001fb82                SWI3_IRQHandler